-e 0BFA 78 03
-e 0BC7 01
-e 0C18 10 00
-e 0C1D 00 00
-r cx
CX DB86
:0200
-r si
SI 0000
:8000
-r di
DI 0000
:8000
-r bp
BP 0000
:0001
-r ip
IP 0100
:4DA3
-t 60

AX=0000  BX=0000  CX=0200  DX=0000  SP=FFEC  BP=0001  SI=8000  DI=8000  
DS=3596  ES=3596  SS=3596  CS=3596  IP=4DA4   NV UP EI PL NZ NA PO NC 
3596:4DA4 51            PUSH	CX                                 

AX=0000  BX=0000  CX=0200  DX=0000  SP=FFEA  BP=0001  SI=8000  DI=8000  
DS=3596  ES=3596  SS=3596  CS=3596  IP=4DA5   NV UP EI PL NZ NA PO NC 
3596:4DA5 C7061D0C0000  MOV	WORD PTR [0C1D],0000               DS:0C1D=0000

AX=0000  BX=0000  CX=0200  DX=0000  SP=FFEA  BP=0001  SI=8000  DI=8000  
DS=3596  ES=3596  SS=3596  CS=3596  IP=4DAB   NV UP EI PL NZ NA PO NC 
3596:4DAB 8B16FA0B      MOV	DX,[0BFA]                          DS:0BFA=0378

AX=0000  BX=0000  CX=0200  DX=0378  SP=FFEA  BP=0001  SI=8000  DI=8000  
DS=3596  ES=3596  SS=3596  CS=3596  IP=4DAF   NV UP EI PL NZ NA PO NC 
3596:4DAF 81C20204      ADD	DX,0402                            

AX=0000  BX=0000  CX=0200  DX=077A  SP=FFEA  BP=0001  SI=8000  DI=8000  
DS=3596  ES=3596  SS=3596  CS=3596  IP=4DB3   NV UP EI PL NZ NA PO NC 
3596:4DB3 B014          MOV	AL,14                              

AX=0014  BX=0000  CX=0200  DX=077A  SP=FFEA  BP=0001  SI=8000  DI=8000  
DS=3596  ES=3596  SS=3596  CS=3596  IP=4DB5   NV UP EI PL NZ NA PO NC 
3596:4DB5 EE            OUT	DX,AL                              

AX=0014  BX=0000  CX=0200  DX=077A  SP=FFEA  BP=0001  SI=8000  DI=8000  
DS=3596  ES=3596  SS=3596  CS=3596  IP=4DB6   NV UP EI PL NZ NA PO NC 
3596:4DB6 EB00          JMP	4DB8                               

AX=0014  BX=0000  CX=0200  DX=077A  SP=FFEA  BP=0001  SI=8000  DI=8000  
DS=3596  ES=3596  SS=3596  CS=3596  IP=4DB8   NV UP EI PL NZ NA PO NC 
3596:4DB8 81EA0004      SUB	DX,0400                            

AX=0014  BX=0000  CX=0200  DX=037A  SP=FFEA  BP=0001  SI=8000  DI=8000  
DS=3596  ES=3596  SS=3596  CS=3596  IP=4DBC   NV UP EI PL NZ NA PO NC 
3596:4DBC B004          MOV	AL,04                              

AX=0004  BX=0000  CX=0200  DX=037A  SP=FFEA  BP=0001  SI=8000  DI=8000  
DS=3596  ES=3596  SS=3596  CS=3596  IP=4DBE   NV UP EI PL NZ NA PO NC 
3596:4DBE EE            OUT	DX,AL                              

AX=0004  BX=0000  CX=0200  DX=037A  SP=FFEA  BP=0001  SI=8000  DI=8000  
DS=3596  ES=3596  SS=3596  CS=3596  IP=4DBF   NV UP EI PL NZ NA PO NC 
3596:4DBF 81C20004      ADD	DX,0400                            

AX=0004  BX=0000  CX=0200  DX=077A  SP=FFEA  BP=0001  SI=8000  DI=8000  
DS=3596  ES=3596  SS=3596  CS=3596  IP=4DC3   NV UP EI PL NZ NA PO NC 
3596:4DC3 390E1A0C      CMP	[0C1A],CX                          DS:0C1A=A55A

AX=0004  BX=0000  CX=0200  DX=077A  SP=FFEA  BP=0001  SI=8000  DI=8000  
DS=3596  ES=3596  SS=3596  CS=3596  IP=4DC7   NV UP EI NG NZ NA PE NC 
3596:4DC7 7503          JNZ	4DCC                               

AX=0004  BX=0000  CX=0200  DX=077A  SP=FFEA  BP=0001  SI=8000  DI=8000  
DS=3596  ES=3596  SS=3596  CS=3596  IP=4DCC   NV UP EI NG NZ NA PE NC 
3596:4DCC B074          MOV	AL,74                              

AX=0074  BX=0000  CX=0200  DX=077A  SP=FFEA  BP=0001  SI=8000  DI=8000  
DS=3596  ES=3596  SS=3596  CS=3596  IP=4DCE   NV UP EI NG NZ NA PE NC 
3596:4DCE EE            OUT	DX,AL                              

AX=0074  BX=0000  CX=0200  DX=077A  SP=FFEA  BP=0001  SI=8000  DI=8000  
DS=3596  ES=3596  SS=3596  CS=3596  IP=4DCF   NV UP EI NG NZ NA PE NC 
3596:4DCF 890E1A0C      MOV	[0C1A],CX                          DS:0C1A=A55A

AX=0074  BX=0000  CX=0200  DX=077A  SP=FFEA  BP=0001  SI=8000  DI=8000  
DS=3596  ES=3596  SS=3596  CS=3596  IP=4DD3   NV UP EI NG NZ NA PE NC 
3596:4DD3 51            PUSH	CX                                 

AX=0074  BX=0000  CX=0200  DX=077A  SP=FFE8  BP=0001  SI=8000  DI=8000  
DS=3596  ES=3596  SS=3596  CS=3596  IP=4DD4   NV UP EI NG NZ NA PE NC 
3596:4DD4 B90080        MOV	CX,8000                            

AX=0074  BX=0000  CX=8000  DX=077A  SP=FFE8  BP=0001  SI=8000  DI=8000  
DS=3596  ES=3596  SS=3596  CS=3596  IP=4DD7   NV UP EI NG NZ NA PE NC 
3596:4DD7 EC            IN	AL,DX                              

AX=0075  BX=0000  CX=8000  DX=077A  SP=FFE8  BP=0001  SI=8000  DI=8000  
DS=3596  ES=3596  SS=3596  CS=3596  IP=4DD8   NV UP EI NG NZ NA PE NC 
3596:4DD8 A801          TEST	AL,01                              

AX=0075  BX=0000  CX=8000  DX=077A  SP=FFE8  BP=0001  SI=8000  DI=8000  
DS=3596  ES=3596  SS=3596  CS=3596  IP=4DDA   NV UP EI PL NZ NA PO NC 
3596:4DDA E1FB          LOOPZ	4DD7                               

AX=0075  BX=0000  CX=7FFF  DX=077A  SP=FFE8  BP=0001  SI=8000  DI=8000  
DS=3596  ES=3596  SS=3596  CS=3596  IP=4DDC   NV UP EI PL NZ NA PO NC 
3596:4DDC 0BC9          OR	CX,CX                              

AX=0075  BX=0000  CX=7FFF  DX=077A  SP=FFE8  BP=0001  SI=8000  DI=8000  
DS=3596  ES=3596  SS=3596  CS=3596  IP=4DDE   NV UP EI PL NZ NA PE NC 
3596:4DDE 59            POP	CX                                 

AX=0075  BX=0000  CX=0200  DX=077A  SP=FFEA  BP=0001  SI=8000  DI=8000  
DS=3596  ES=3596  SS=3596  CS=3596  IP=4DDF   NV UP EI PL NZ NA PE NC 
3596:4DDF 7503          JNZ	4DE4                               

AX=0075  BX=0000  CX=0200  DX=077A  SP=FFEA  BP=0001  SI=8000  DI=8000  
DS=3596  ES=3596  SS=3596  CS=3596  IP=4DE4   NV UP EI PL NZ NA PE NC 
3596:4DE4 81EA0204      SUB	DX,0402                            

AX=0075  BX=0000  CX=0200  DX=0378  SP=FFEA  BP=0001  SI=8000  DI=8000  
DS=3596  ES=3596  SS=3596  CS=3596  IP=4DE8   NV UP EI PL NZ NA PE NC 
3596:4DE8 B00E          MOV	AL,0E                              

AX=000E  BX=0000  CX=0200  DX=0378  SP=FFEA  BP=0001  SI=8000  DI=8000  
DS=3596  ES=3596  SS=3596  CS=3596  IP=4DEA   NV UP EI PL NZ NA PE NC 
3596:4DEA EE            OUT	DX,AL                              

AX=000E  BX=0000  CX=0200  DX=0378  SP=FFEA  BP=0001  SI=8000  DI=8000  
DS=3596  ES=3596  SS=3596  CS=3596  IP=4DEB   NV UP EI PL NZ NA PE NC 
3596:4DEB 81C20204      ADD	DX,0402                            

AX=000E  BX=0000  CX=0200  DX=077A  SP=FFEA  BP=0001  SI=8000  DI=8000  
DS=3596  ES=3596  SS=3596  CS=3596  IP=4DEF   NV UP EI PL NZ NA PO NC 
3596:4DEF 51            PUSH	CX                                 

AX=000E  BX=0000  CX=0200  DX=077A  SP=FFE8  BP=0001  SI=8000  DI=8000  
DS=3596  ES=3596  SS=3596  CS=3596  IP=4DF0   NV UP EI PL NZ NA PO NC 
3596:4DF0 B90080        MOV	CX,8000                            

AX=000E  BX=0000  CX=8000  DX=077A  SP=FFE8  BP=0001  SI=8000  DI=8000  
DS=3596  ES=3596  SS=3596  CS=3596  IP=4DF3   NV UP EI PL NZ NA PO NC 
3596:4DF3 EC            IN	AL,DX                              

AX=0074  BX=0000  CX=8000  DX=077A  SP=FFE8  BP=0001  SI=8000  DI=8000  
DS=3596  ES=3596  SS=3596  CS=3596  IP=4DF4   NV UP EI PL NZ NA PO NC 
3596:4DF4 A801          TEST	AL,01                              

AX=0074  BX=0000  CX=8000  DX=077A  SP=FFE8  BP=0001  SI=8000  DI=8000  
DS=3596  ES=3596  SS=3596  CS=3596  IP=4DF6   NV UP EI PL ZR NA PE NC 
3596:4DF6 E1FB          LOOPZ	4DF3                               

AX=0074  BX=0000  CX=7FFF  DX=077A  SP=FFE8  BP=0001  SI=8000  DI=8000  
DS=3596  ES=3596  SS=3596  CS=3596  IP=4DF3   NV UP EI PL ZR NA PE NC 
3596:4DF3 EC            IN	AL,DX                              

AX=0074  BX=0000  CX=7FFF  DX=077A  SP=FFE8  BP=0001  SI=8000  DI=8000  
DS=3596  ES=3596  SS=3596  CS=3596  IP=4DF4   NV UP EI PL ZR NA PE NC 
3596:4DF4 A801          TEST	AL,01                              

AX=0074  BX=0000  CX=7FFF  DX=077A  SP=FFE8  BP=0001  SI=8000  DI=8000  
DS=3596  ES=3596  SS=3596  CS=3596  IP=4DF6   NV UP EI PL ZR NA PE NC 
3596:4DF6 E1FB          LOOPZ	4DF3                               

AX=0074  BX=0000  CX=7FFE  DX=077A  SP=FFE8  BP=0001  SI=8000  DI=8000  
DS=3596  ES=3596  SS=3596  CS=3596  IP=4DF3   NV UP EI PL ZR NA PE NC 
3596:4DF3 EC            IN	AL,DX                              

AX=0074  BX=0000  CX=7FFE  DX=077A  SP=FFE8  BP=0001  SI=8000  DI=8000  
DS=3596  ES=3596  SS=3596  CS=3596  IP=4DF4   NV UP EI PL ZR NA PE NC 
3596:4DF4 A801          TEST	AL,01                              

AX=0074  BX=0000  CX=7FFE  DX=077A  SP=FFE8  BP=0001  SI=8000  DI=8000  
DS=3596  ES=3596  SS=3596  CS=3596  IP=4DF6   NV UP EI PL ZR NA PE NC 
3596:4DF6 E1FB          LOOPZ	4DF3                               

AX=0074  BX=0000  CX=7FFD  DX=077A  SP=FFE8  BP=0001  SI=8000  DI=8000  
DS=3596  ES=3596  SS=3596  CS=3596  IP=4DF3   NV UP EI PL ZR NA PE NC 
3596:4DF3 EC            IN	AL,DX                              

AX=0074  BX=0000  CX=7FFD  DX=077A  SP=FFE8  BP=0001  SI=8000  DI=8000  
DS=3596  ES=3596  SS=3596  CS=3596  IP=4DF4   NV UP EI PL ZR NA PE NC 
3596:4DF4 A801          TEST	AL,01                              

AX=0074  BX=0000  CX=7FFD  DX=077A  SP=FFE8  BP=0001  SI=8000  DI=8000  
DS=3596  ES=3596  SS=3596  CS=3596  IP=4DF6   NV UP EI PL ZR NA PE NC 
3596:4DF6 E1FB          LOOPZ	4DF3                               

AX=0074  BX=0000  CX=7FFC  DX=077A  SP=FFE8  BP=0001  SI=8000  DI=8000  
DS=3596  ES=3596  SS=3596  CS=3596  IP=4DF3   NV UP EI PL ZR NA PE NC 
3596:4DF3 EC            IN	AL,DX                              

AX=0074  BX=0000  CX=7FFC  DX=077A  SP=FFE8  BP=0001  SI=8000  DI=8000  
DS=3596  ES=3596  SS=3596  CS=3596  IP=4DF4   NV UP EI PL ZR NA PE NC 
3596:4DF4 A801          TEST	AL,01                              

AX=0074  BX=0000  CX=7FFC  DX=077A  SP=FFE8  BP=0001  SI=8000  DI=8000  
DS=3596  ES=3596  SS=3596  CS=3596  IP=4DF6   NV UP EI PL ZR NA PE NC 
3596:4DF6 E1FB          LOOPZ	4DF3                               

AX=0074  BX=0000  CX=7FFB  DX=077A  SP=FFE8  BP=0001  SI=8000  DI=8000  
DS=3596  ES=3596  SS=3596  CS=3596  IP=4DF3   NV UP EI PL ZR NA PE NC 
3596:4DF3 EC            IN	AL,DX                              

AX=0074  BX=0000  CX=7FFB  DX=077A  SP=FFE8  BP=0001  SI=8000  DI=8000  
DS=3596  ES=3596  SS=3596  CS=3596  IP=4DF4   NV UP EI PL ZR NA PE NC 
3596:4DF4 A801          TEST	AL,01                              

AX=0074  BX=0000  CX=7FFB  DX=077A  SP=FFE8  BP=0001  SI=8000  DI=8000  
DS=3596  ES=3596  SS=3596  CS=3596  IP=4DF6   NV UP EI PL ZR NA PE NC 
3596:4DF6 E1FB          LOOPZ	4DF3                               

AX=0074  BX=0000  CX=7FFA  DX=077A  SP=FFE8  BP=0001  SI=8000  DI=8000  
DS=3596  ES=3596  SS=3596  CS=3596  IP=4DF3   NV UP EI PL ZR NA PE NC 
3596:4DF3 EC            IN	AL,DX                              

AX=0074  BX=0000  CX=7FFA  DX=077A  SP=FFE8  BP=0001  SI=8000  DI=8000  
DS=3596  ES=3596  SS=3596  CS=3596  IP=4DF4   NV UP EI PL ZR NA PE NC 
3596:4DF4 A801          TEST	AL,01                              

AX=0074  BX=0000  CX=7FFA  DX=077A  SP=FFE8  BP=0001  SI=8000  DI=8000  
DS=3596  ES=3596  SS=3596  CS=3596  IP=4DF6   NV UP EI PL ZR NA PE NC 
3596:4DF6 E1FB          LOOPZ	4DF3                               

AX=0074  BX=0000  CX=7FF9  DX=077A  SP=FFE8  BP=0001  SI=8000  DI=8000  
DS=3596  ES=3596  SS=3596  CS=3596  IP=4DF3   NV UP EI PL ZR NA PE NC 
3596:4DF3 EC            IN	AL,DX                              

AX=0074  BX=0000  CX=7FF9  DX=077A  SP=FFE8  BP=0001  SI=8000  DI=8000  
DS=3596  ES=3596  SS=3596  CS=3596  IP=4DF4   NV UP EI PL ZR NA PE NC 
3596:4DF4 A801          TEST	AL,01                              

AX=0074  BX=0000  CX=7FF9  DX=077A  SP=FFE8  BP=0001  SI=8000  DI=8000  
DS=3596  ES=3596  SS=3596  CS=3596  IP=4DF6   NV UP EI PL ZR NA PE NC 
3596:4DF6 E1FB          LOOPZ	4DF3                               

AX=0074  BX=0000  CX=7FF8  DX=077A  SP=FFE8  BP=0001  SI=8000  DI=8000  
DS=3596  ES=3596  SS=3596  CS=3596  IP=4DF3   NV UP EI PL ZR NA PE NC 
3596:4DF3 EC            IN	AL,DX                              

AX=0074  BX=0000  CX=7FF8  DX=077A  SP=FFE8  BP=0001  SI=8000  DI=8000  
DS=3596  ES=3596  SS=3596  CS=3596  IP=4DF4   NV UP EI PL ZR NA PE NC 
3596:4DF4 A801          TEST	AL,01                              

AX=0074  BX=0000  CX=7FF8  DX=077A  SP=FFE8  BP=0001  SI=8000  DI=8000  
DS=3596  ES=3596  SS=3596  CS=3596  IP=4DF6   NV UP EI PL ZR NA PE NC 
3596:4DF6 E1FB          LOOPZ	4DF3                               

AX=0074  BX=0000  CX=7FF7  DX=077A  SP=FFE8  BP=0001  SI=8000  DI=8000  
DS=3596  ES=3596  SS=3596  CS=3596  IP=4DF3   NV UP EI PL ZR NA PE NC 
3596:4DF3 EC            IN	AL,DX                              

AX=0074  BX=0000  CX=7FF7  DX=077A  SP=FFE8  BP=0001  SI=8000  DI=8000  
DS=3596  ES=3596  SS=3596  CS=3596  IP=4DF4   NV UP EI PL ZR NA PE NC 
3596:4DF4 A801          TEST	AL,01                              

AX=0074  BX=0000  CX=7FF7  DX=077A  SP=FFE8  BP=0001  SI=8000  DI=8000  
DS=3596  ES=3596  SS=3596  CS=3596  IP=4DF6   NV UP EI PL ZR NA PE NC 
3596:4DF6 E1FB          LOOPZ	4DF3                               

AX=0074  BX=0000  CX=7FF6  DX=077A  SP=FFE8  BP=0001  SI=8000  DI=8000  
DS=3596  ES=3596  SS=3596  CS=3596  IP=4DF3   NV UP EI PL ZR NA PE NC 
3596:4DF3 EC            IN	AL,DX                              

AX=0074  BX=0000  CX=7FF6  DX=077A  SP=FFE8  BP=0001  SI=8000  DI=8000  
DS=3596  ES=3596  SS=3596  CS=3596  IP=4DF4   NV UP EI PL ZR NA PE NC 
3596:4DF4 A801          TEST	AL,01                              

AX=0074  BX=0000  CX=7FF6  DX=077A  SP=FFE8  BP=0001  SI=8000  DI=8000  
DS=3596  ES=3596  SS=3596  CS=3596  IP=4DF6   NV UP EI PL ZR NA PE NC 
3596:4DF6 E1FB          LOOPZ	4DF3                               

AX=0074  BX=0000  CX=7FF5  DX=077A  SP=FFE8  BP=0001  SI=8000  DI=8000  
DS=3596  ES=3596  SS=3596  CS=3596  IP=4DF3   NV UP EI PL ZR NA PE NC 
3596:4DF3 EC            IN	AL,DX                              

AX=0074  BX=0000  CX=7FF5  DX=077A  SP=FFE8  BP=0001  SI=8000  DI=8000  
DS=3596  ES=3596  SS=3596  CS=3596  IP=4DF4   NV UP EI PL ZR NA PE NC 
3596:4DF4 A801          TEST	AL,01                              

AX=0074  BX=0000  CX=7FF5  DX=077A  SP=FFE8  BP=0001  SI=8000  DI=8000  
DS=3596  ES=3596  SS=3596  CS=3596  IP=4DF6   NV UP EI PL ZR NA PE NC 
3596:4DF6 E1FB          LOOPZ	4DF3                               

AX=0074  BX=0000  CX=7FF4  DX=077A  SP=FFE8  BP=0001  SI=8000  DI=8000  
DS=3596  ES=3596  SS=3596  CS=3596  IP=4DF3   NV UP EI PL ZR NA PE NC 
3596:4DF3 EC            IN	AL,DX                              

AX=0074  BX=0000  CX=7FF4  DX=077A  SP=FFE8  BP=0001  SI=8000  DI=8000  
DS=3596  ES=3596  SS=3596  CS=3596  IP=4DF4   NV UP EI PL ZR NA PE NC 
3596:4DF4 A801          TEST	AL,01                              

AX=0074  BX=0000  CX=7FF4  DX=077A  SP=FFE8  BP=0001  SI=8000  DI=8000  
DS=3596  ES=3596  SS=3596  CS=3596  IP=4DF6   NV UP EI PL ZR NA PE NC 
3596:4DF6 E1FB          LOOPZ	4DF3                               

AX=0074  BX=0000  CX=7FF3  DX=077A  SP=FFE8  BP=0001  SI=8000  DI=8000  
DS=3596  ES=3596  SS=3596  CS=3596  IP=4DF3   NV UP EI PL ZR NA PE NC 
3596:4DF3 EC            IN	AL,DX                              

AX=0074  BX=0000  CX=7FF3  DX=077A  SP=FFE8  BP=0001  SI=8000  DI=8000  
DS=3596  ES=3596  SS=3596  CS=3596  IP=4DF4   NV UP EI PL ZR NA PE NC 
3596:4DF4 A801          TEST	AL,01                              

AX=0074  BX=0000  CX=7FF3  DX=077A  SP=FFE8  BP=0001  SI=8000  DI=8000  
DS=3596  ES=3596  SS=3596  CS=3596  IP=4DF6   NV UP EI PL ZR NA PE NC 
3596:4DF6 E1FB          LOOPZ	4DF3                               

AX=0074  BX=0000  CX=7FF2  DX=077A  SP=FFE8  BP=0001  SI=8000  DI=8000  
DS=3596  ES=3596  SS=3596  CS=3596  IP=4DF3   NV UP EI PL ZR NA PE NC 
3596:4DF3 EC            IN	AL,DX                              

AX=0074  BX=0000  CX=7FF2  DX=077A  SP=FFE8  BP=0001  SI=8000  DI=8000  
DS=3596  ES=3596  SS=3596  CS=3596  IP=4DF4   NV UP EI PL ZR NA PE NC 
3596:4DF4 A801          TEST	AL,01                              

AX=0074  BX=0000  CX=7FF2  DX=077A  SP=FFE8  BP=0001  SI=8000  DI=8000  
DS=3596  ES=3596  SS=3596  CS=3596  IP=4DF6   NV UP EI PL ZR NA PE NC 
3596:4DF6 E1FB          LOOPZ	4DF3                               

AX=0074  BX=0000  CX=7FF1  DX=077A  SP=FFE8  BP=0001  SI=8000  DI=8000  
DS=3596  ES=3596  SS=3596  CS=3596  IP=4DF3   NV UP EI PL ZR NA PE NC 
3596:4DF3 EC            IN	AL,DX                              

AX=0074  BX=0000  CX=7FF1  DX=077A  SP=FFE8  BP=0001  SI=8000  DI=8000  
DS=3596  ES=3596  SS=3596  CS=3596  IP=4DF4   NV UP EI PL ZR NA PE NC 
3596:4DF4 A801          TEST	AL,01                              

AX=0074  BX=0000  CX=7FF1  DX=077A  SP=FFE8  BP=0001  SI=8000  DI=8000  
DS=3596  ES=3596  SS=3596  CS=3596  IP=4DF6   NV UP EI PL ZR NA PE NC 
3596:4DF6 E1FB          LOOPZ	4DF3                               

AX=0074  BX=0000  CX=7FF0  DX=077A  SP=FFE8  BP=0001  SI=8000  DI=8000  
DS=3596  ES=3596  SS=3596  CS=3596  IP=4DF3   NV UP EI PL ZR NA PE NC 
3596:4DF3 EC            IN	AL,DX                              

AX=0074  BX=0000  CX=7FF0  DX=077A  SP=FFE8  BP=0001  SI=8000  DI=8000  
DS=3596  ES=3596  SS=3596  CS=3596  IP=4DF4   NV UP EI PL ZR NA PE NC 
3596:4DF4 A801          TEST	AL,01                              

AX=0074  BX=0000  CX=7FF0  DX=077A  SP=FFE8  BP=0001  SI=8000  DI=8000  
DS=3596  ES=3596  SS=3596  CS=3596  IP=4DF6   NV UP EI PL ZR NA PE NC 
3596:4DF6 E1FB          LOOPZ	4DF3                               

AX=0074  BX=0000  CX=7FEF  DX=077A  SP=FFE8  BP=0001  SI=8000  DI=8000  
DS=3596  ES=3596  SS=3596  CS=3596  IP=4DF3   NV UP EI PL ZR NA PE NC 
3596:4DF3 EC            IN	AL,DX                              

AX=0074  BX=0000  CX=7FEF  DX=077A  SP=FFE8  BP=0001  SI=8000  DI=8000  
DS=3596  ES=3596  SS=3596  CS=3596  IP=4DF4   NV UP EI PL ZR NA PE NC 
3596:4DF4 A801          TEST	AL,01                              

AX=0074  BX=0000  CX=7FEF  DX=077A  SP=FFE8  BP=0001  SI=8000  DI=8000  
DS=3596  ES=3596  SS=3596  CS=3596  IP=4DF6   NV UP EI PL ZR NA PE NC 
3596:4DF6 E1FB          LOOPZ	4DF3                               

AX=0074  BX=0000  CX=7FEE  DX=077A  SP=FFE8  BP=0001  SI=8000  DI=8000  
DS=3596  ES=3596  SS=3596  CS=3596  IP=4DF3   NV UP EI PL ZR NA PE NC 
3596:4DF3 EC            IN	AL,DX                              

AX=0074  BX=0000  CX=7FEE  DX=077A  SP=FFE8  BP=0001  SI=8000  DI=8000  
DS=3596  ES=3596  SS=3596  CS=3596  IP=4DF4   NV UP EI PL ZR NA PE NC 
3596:4DF4 A801          TEST	AL,01                              

AX=0074  BX=0000  CX=7FEE  DX=077A  SP=FFE8  BP=0001  SI=8000  DI=8000  
DS=3596  ES=3596  SS=3596  CS=3596  IP=4DF6   NV UP EI PL ZR NA PE NC 
3596:4DF6 E1FB          LOOPZ	4DF3                               

AX=0074  BX=0000  CX=7FED  DX=077A  SP=FFE8  BP=0001  SI=8000  DI=8000  
DS=3596  ES=3596  SS=3596  CS=3596  IP=4DF3   NV UP EI PL ZR NA PE NC 
3596:4DF3 EC            IN	AL,DX                              

AX=0074  BX=0000  CX=7FED  DX=077A  SP=FFE8  BP=0001  SI=8000  DI=8000  
DS=3596  ES=3596  SS=3596  CS=3596  IP=4DF4   NV UP EI PL ZR NA PE NC 
3596:4DF4 A801          TEST	AL,01                              

AX=0074  BX=0000  CX=7FED  DX=077A  SP=FFE8  BP=0001  SI=8000  DI=8000  
DS=3596  ES=3596  SS=3596  CS=3596  IP=4DF6   NV UP EI PL ZR NA PE NC 
3596:4DF6 E1FB          LOOPZ	4DF3                               

AX=0074  BX=0000  CX=7FEC  DX=077A  SP=FFE8  BP=0001  SI=8000  DI=8000  
DS=3596  ES=3596  SS=3596  CS=3596  IP=4DF3   NV UP EI PL ZR NA PE NC 
3596:4DF3 EC            IN	AL,DX                              

AX=0074  BX=0000  CX=7FEC  DX=077A  SP=FFE8  BP=0001  SI=8000  DI=8000  
DS=3596  ES=3596  SS=3596  CS=3596  IP=4DF4   NV UP EI PL ZR NA PE NC 
3596:4DF4 A801          TEST	AL,01                              

AX=0074  BX=0000  CX=7FEC  DX=077A  SP=FFE8  BP=0001  SI=8000  DI=8000  
DS=3596  ES=3596  SS=3596  CS=3596  IP=4DF6   NV UP EI PL ZR NA PE NC 
3596:4DF6 E1FB          LOOPZ	4DF3                               

AX=0074  BX=0000  CX=7FEB  DX=077A  SP=FFE8  BP=0001  SI=8000  DI=8000  
DS=3596  ES=3596  SS=3596  CS=3596  IP=4DF3   NV UP EI PL ZR NA PE NC 
3596:4DF3 EC            IN	AL,DX                              

AX=0074  BX=0000  CX=7FEB  DX=077A  SP=FFE8  BP=0001  SI=8000  DI=8000  
DS=3596  ES=3596  SS=3596  CS=3596  IP=4DF4   NV UP EI PL ZR NA PE NC 
3596:4DF4 A801          TEST	AL,01                              

AX=0074  BX=0000  CX=7FEB  DX=077A  SP=FFE8  BP=0001  SI=8000  DI=8000  
DS=3596  ES=3596  SS=3596  CS=3596  IP=4DF6   NV UP EI PL ZR NA PE NC 
3596:4DF6 E1FB          LOOPZ	4DF3                               
-q
