 VKD

 Timestamp is 6a72f1ad (Wed Aug 05 09:17:49 2026)

 Preferred load address is 00400000

 Start         Length     Name                   Class
 0001:00000000 00000000H .bss                    CODE
 0001:00000000 00000000H .data                   CODE
 0001:00000000 00000000H .rdata                  CODE
 0001:00000000 00000000H .text                   CODE
 0001:00000000 000003d7H _LDATA                  CODE
 0001:000003d8 0000115eH _LTEXT                  CODE
 0001:00001538 00000000H _TLS                    CODE
 0002:00000000 00000126H SYSEXIT                 CODE
 0003:00000000 0000044cH RARE                    CODE
 0004:00000000 0000010dH VMCREATE                CODE
 0005:00000000 000000caH VMDESTROY               CODE
 0006:00000000 0000000fH VMSUSPEND               CODE
 0007:00000000 00000125H DOSVM                   CODE
 0008:00000000 00000012H _IMSG$1                 CODE
 0008:00000014 00000101H _IMSG$2                 CODE
 0009:00000000 000006acH _PTEXT                  CODE
 000a:00000000 0000015cH _IDATA                  CODE
 000a:0000015c 0000077dH _ITEXT                  CODE

  Address         Publics by Value              Rva+Base   Lib:Object

 0001:00000000       _VKD_Get_Version           00401000   vkd.obj
 0001:00000004       _VKD_Define_Hot_Key        00401004   vkd.obj
 0001:00000008       _VKD_Remove_Hot_Key        00401008   vkd.obj
 0001:0000000c       _VKD_Local_Enable_Hot_Key  0040100c   vkd.obj
 0001:00000010       _VKD_Local_Disable_Hot_Key 00401010   vkd.obj
 0001:00000014       _VKD_Reflect_Hot_Key       00401014   vkd.obj
 0001:00000018       _VKD_Cancel_Hot_Key_State  00401018   vkd.obj
 0001:0000001c       _VKD_Force_Keys            0040101c   vkd.obj
 0001:00000020       _VKD_Get_Kbd_Owner         00401020   vkd.obj
 0001:00000024       _VKD_Define_Paste_Mode     00401024   vkd.obj
 0001:00000028       _VKD_Start_Paste           00401028   vkd.obj
 0001:0000002c       _VKD_Cancel_Paste          0040102c   vkd.obj
 0001:00000030       _VKD_Get_Msg_Key           00401030   vkd.obj
 0001:00000034       _VKD_Peek_Msg_Key          00401034   vkd.obj
 0001:00000038       _VKD_Flush_Msg_Key_Queue   00401038   vkd.obj
 0001:0000003c       _VKD_Enable_Keyboard       0040103c   vkd.obj
 0001:00000040       _VKD_Disable_Keyboard      00401040   vkd.obj
 0001:00000044       _VKD_Get_Shift_State       00401044   vkd.obj
 0001:00000048       _VKD_Filter_Keyboard_Input 00401048   vkd.obj
 0001:0000004c       _VKD_Put_Byte              0040104c   vkd.obj
 0001:00000050       _VKD_Set_Shift_State       00401050   vkd.obj
 0001:00000054       VKD_DDB                    00401054   vkd.obj
 0001:000000a4       VKD_irq_Handle             004010a4   vkd.obj
 0001:000000a8       VKD_CB_Offset              004010a8   vkd.obj
 0001:000000ac       VKD_Kbd_Owner              004010ac   vkd.obj
 0001:000000b8       NewShell                   004010b8   vkd.obj
 0001:000000bc       VKD_Int_Boost_Amount       004010bc   vkd.obj
 0001:000000c5       VKD_gbl_shift_state        004010c5   vkd.obj
 0001:000000e9       VKD_flags                  004010e9   vkd.obj
 0001:000000f2       VKD_attempt_reboot         004010f2   vkd.obj
 0001:000001a0       Hot_Key_List               004011a0   vkdhk.obj
 0001:000001a4       Hot_Key_Notify_List        004011a4   vkdhk.obj
 0001:000001b0       VKD_8042_owner             004011b0   vkdio.obj
 0001:000001b4       VKD_8042_cmd_table         004011b4   vkdio.obj
 0001:000003a9       VAD_Exists                 004013a9   vad.obj
 0001:000003d8       VKD_Control                004013d8 f vkd.obj
 0001:00000434       VKD_Get_Shift_State        00401434 f vkd.obj
 0001:00000440       VKD_Set_Shift_State        00401440 f vkd.obj
 0001:0000045e       VKD_Begin_Msg_Mode         0040145e f vkd.obj
 0001:00000493       VKD_End_Msg_Mode           00401493 f vkd.obj
 0001:000004b2       VKD_Force_Keys             004014b2 f vkd.obj
 0001:000004fc       VKD_Get_Kbd_Owner          004014fc f vkd.obj
 0001:00000503       VKD_Get_Msg_Key            00401503 f vkd.obj
 0001:00000530       VKD_Peek_Msg_Key           00401530 f vkd.obj
 0001:00000558       VKD_Flush_Msg_Key_Queue    00401558 f vkd.obj
 0001:00000580       VKD_VM_Service_Phys        00401580 f vkd.obj
 0001:00000588       VKD_VM_Server              00401588 f vkd.obj
 0001:00000604       VKD_Beep                   00401604 f vkd.obj
 0001:00000616       VKD_VM_Server_Part_2       00401616 f vkd.obj
 0001:000006dc       VKD_Pause_Block            004016dc f vkd.obj
 0001:000006fc       VKD_Get_Key                004016fc f vkd.obj
 0001:00000726       Build_Key                  00401726 f vkd.obj
 0001:00000780       Simulate_VM_INT9           00401780 f vkd.obj
 0001:00000848       Queue_Output               00401848 f vkd.obj
 0001:00000864       Queue_Ext_Shift            00401864 f vkd.obj
 0001:0000095a       Queue_Virtual_Key          0040195a f vkd.obj
 0001:000009bb       Queue_Msg_Mode_Key         004019bb f vkd.obj
 0001:00000a1a       VKD_send_ralt_pre          00401a1a f vkd.obj
 0001:00000a31       Update_Shift_State         00401a31 f vkd.obj
 0001:00000b5c       VKD_EOI                    00401b5c f vkd.obj
 0001:00000b8c       VKD_Virt_Int               00401b8c f vkd.obj
 0001:00000ba8       VKD_IRET                   00401ba8 f vkd.obj
 0001:00000c00       VKD_Next_Paste_Code        00401c00 f vkd.obj
 0001:00000c11       VKD_Release_TS_Hook        00401c11 f vkd.obj
 0001:00000c64       Chk_Win_Key_State          00401c64 f vkd.obj
 0001:00000c9f       IsShiftKey                 00401c9f f vkd.obj
 0001:00000cab       IsModifierKey              00401cab f vkd.obj
 0001:00000cd2       VKD_Chk_BIOS_Toggle_State  00401cd2 f vkd.obj
 0001:00000cfe       VKD_Convert_BIOS_Shift_State 00401cfe f vkd.obj
 0001:00000d48       CombineShiftKeys           00401d48 f vkd.obj
 0001:00000d66       Chk_Shift_State            00401d66 f vkd.obj
 0001:00000e00       Chk_Hot_Keys               00401e00 f vkdhk.obj
 0001:00000ea0       VKD_Trap_CommandR          00401ea0 f vkdio.obj
 0001:00000fb4       VKD_Trap_DataR             00401fb4 f vkdio.obj
 0001:00001146       _8042_Buf_Empty            00402146 f vkdio.obj
 0001:0000114f       Get_8042_Byte              0040214f f vkdio.obj
 0001:00001165       Put_8042_Byte              00402165 f vkdio.obj
 0001:00001179       VKD_8042_Response          00402179 f vkdio.obj
 0001:00001194       VKD_8042_Server            00402194 f vkdio.obj
 0001:000011ba       VKD_OutputByte             004021ba f vkdio.obj
 0001:000011c5       VKD_send_queued_command    004021c5 f vkdio.obj
 0001:000011dc       VKD_Filter_Keyboard_Input  004021dc f vkdphys.obj
 0001:000011e0       VKD_Int_09                 004021e0 f vkdphys.obj
 0001:000012da       Kybd_Wait_Out              004022da f vkdphys.obj
 0001:00001308       VKD_Send_Data              00402308 f vkdphys.obj
 0001:00001310       VKD_Send_Cmd               00402310 f vkdphys.obj
 0001:00001318       VKD_Buf_Empty              00402318 f vkdphys.obj
 0001:00001324       VKD_Get_Byte               00402324 f vkdphys.obj
 0001:00001349       VKD_Put_Byte               00402349 f vkdphys.obj
 0001:00001373       VKD_Clear_Data_Buf         00402373 f vkdphys.obj
 0001:00001380       VKD_Poll_ACK               00402380 f vkdphys.obj
 0001:000013a3       VKD_Set_LEDs               004023a3 f vkdphys.obj
 0001:000013e4       VKD_Set_Key_Rate           004023e4 f vkdphys.obj
 0001:00001425       VKD_ACK_Timeout            00402425 f vkdphys.obj
 0001:00001447       VKD_Reboot                 00402447 f vkdphys.obj
 0001:00001474       VAD_Read_Command           00402474 f vad.obj
 0001:000014bc       VAD_Write_Command          004024bc f vad.obj
 0001:000014d0       VAD_Read_Data              004024d0 f vad.obj
 0002:00000000       VKD_Sys_VM_Terminate       00402600 f vkd.obj
 0002:0000000e       VKD_System_Exit            0040260e f vkd.obj
 0002:00000052       VKD_Sys_Crit_Exit          00402652 f vkd.obj
 0002:0000005c       VAD_System_Exit            0040265c f vad.obj
 0003:00000000       VKD_Define_Paste_Mode      00402800 f vkd.obj
 0003:00000015       paste_alloc_failed         00402815 f vkd.obj
 0003:00000019       VKD_Start_Paste            00402819 f vkd.obj
 0003:000000b8       VKD_Cancel_Paste           004028b8 f vkd.obj
 0003:000000c1       VKD_Abort_INT16_Paste      004028c1 f vkd.obj
 0003:000000e0       VKD_Trap_CommandR_Reboot   004028e0 f vkdio.obj
 0003:000000f4       VAD_Set_Focus              004028f4 f vad.obj
 0003:00000135       VAD_PM_Int_15_Emulation    00402935 f vad.obj
 0003:00000158       VAD_Int_15_Emulation       00402958 f vad.obj
 0003:00000280       VAD_Test_Data_Avail        00402a80 f vad.obj
 0003:000002c4       VAD_Request_Int            00402ac4 f vad.obj
 0003:00000300       VAD_INT                    00402b00 f vad.obj
 0003:0000039c       VAD_IRET                   00402b9c f vad.obj
 0003:000003a8       VAD_BIOS_Far_Call          00402ba8 f vad.obj
 0004:00000000       VKD_Set_VM_SysIni_Defaults 00402e00 f vkd.obj
 0004:0000002c       VKD_VM_Critical_Init       00402e2c f vkd.obj
 0004:00000083       VKD_VM_Init                00402e83 f vkd.obj
 0004:0000009b       VKD_Notify_Property_Change 00402e9b f vkd.obj
 0004:000000f0       VAD_Create_VM              00402ef0 f vad.obj
 0005:00000000       VKD_VM_Not_Executeable     00403000 f vkd.obj
 0005:0000000b       VKD_Destroy_VM             0040300b f vkd.obj
 0005:0000003d       VKD_End_Paste              0040303d f vkd.obj
 0005:00000080       VAD_Destroy_VM             00403080 f vad.obj
 0006:00000000       VKD_VM_Suspend             00403200 f vkd.obj
 0007:00000000       VKD_PM_API_Entry           00403400 f vkd.obj
 0007:00000020       VKD_API_Get_Version        00403420 f vkd.obj
 0007:0000002c       VKD_API_Force_Key          0040342c f vkd.obj
 0008:00000000       @MSG_IAB                   00403600   vkdmsg.obj
 0008:00000014       @MSG_IDATA                 00403614   vkdmsg.obj
 0009:00000000       VKD_Disable_Keyboard       00403800 f vkd.obj
 0009:0000003c       VKD_Enable_Keyboard        0040383c f vkd.obj
 0009:0000006a       VKD_Int_15h                0040386a f vkd.obj
 0009:000000f7       VKD_Set_Focus              004038f7 f vkd.obj
 0009:00000164       VKD_Get_Version            00403964 f vkd.obj
 0009:0000016b       VKD_Define_Hot_Key         0040396b f vkd.obj
 0009:000001ea       VKD_Remove_Hot_Key         004039ea f vkd.obj
 0009:0000022e       VKD_Local_Enable_Hot_Key   00403a2e f vkd.obj
 0009:00000245       VKD_Local_Disable_Hot_Key  00403a45 f vkd.obj
 0009:0000025c       VKD_Reflect_Hot_Key        00403a5c f vkd.obj
 0009:0000029e       VKD_Cancel_Hot_Key_State   00403a9e f vkd.obj
 0009:000002b4       QueueFromPasteBuf          00403ab4 f vkd.obj
 0009:000003c1       VKD_Paste_Restart          00403bc1 f vkd.obj
 0009:000003ca       VKD_Alt_Timeout            00403bca f vkd.obj
 0009:000003d4       VKD_Int_16                 00403bd4 f vkd.obj
 0009:0000040a       VKD_Nudge_Int16h_Hook      00403c0a f vkd.obj
 0009:0000040f       I16_Paste                  00403c0f   vkd.obj
 0009:000004a8       VKD_INT16_write            00403ca8 f vkd.obj
 0009:000004ec       Hot_Key_Activate_Monitor   00403cec f vkdhk.obj
 0009:00000507       Hot_Key_Entered            00403d07 f vkdhk.obj
 0009:0000057e       Hot_Key_Notify             00403d7e f vkdhk.obj
 0009:000005e7       Hot_Key_Ended              00403de7 f vkdhk.obj
 0009:00000646       VKD_PriorityNotify         00403e46 f vkdhk.obj
 0009:00000698       VKD_Enable_Kbd             00403e98 f vkdphys.obj
 0009:000006a2       VKD_Disable_Kbd            00403ea2 f vkdphys.obj
 000a:00000084       Kbd_Boost_Time             00404084   vkdmsg.obj
 000a:00000091       Kbd_Alt_Delay              00404091   vkdmsg.obj
 000a:0000009d       Kbd_Paste_TimeOut          0040409d   vkdmsg.obj
 000a:000000ad       Kbd_Paste_Pause_Ini        004040ad   vkdmsg.obj
 000a:000000bf       Kbd_CR_Paste_Pause_Ini     004040bf   vkdmsg.obj
 000a:000000d3       Kbd_SlowPaste_Delay        004040d3   vkdmsg.obj
 000a:000000e1       Kbd_AltPaste_Delay         004040e1   vkdmsg.obj
 000a:000000ef       Kbd_PasteBuf_Delay         004040ef   vkdmsg.obj
 000a:000000fe       Kbd_MCA_Passwd_Ini         004040fe   vkdmsg.obj
 000a:00000109       Kbd_8042_ReadCmd_Ini       00404109   vkdmsg.obj
 000a:00000115       Kbd_8042_WriteCmd_Ini      00404115   vkdmsg.obj
 000a:00000122       Kbd_Reboot_Ini             00404122   vkdmsg.obj
 000a:0000012d       Key_Delay_Ini              0040412d   vkdmsg.obj
 000a:0000015c       VKD_Wait_Busy              0040415c f vkd.obj
 000a:00000168       VKD_Wait_Empty             00404168 f vkd.obj
 000a:00000174       VKD_Sys_Critical_Init      00404174 f vkd.obj
 000a:00000328       VKD_Device_Init            00404328 f vkd.obj
 000a:000004dc       VKD_Init_Complete          004044dc f vkd.obj
 000a:0000053c       Force_Upper_Case           0040453c f vkdio.obj
 000a:00000547       VKD_skip_white_space       00404547 f vkdio.obj
 000a:00000554       VKD_process_cmd_ini        00404554 f vkdio.obj
 000a:000005d4       VKD_IO_Init                004045d4 f vkdio.obj
 000a:00000680       VAD_Device_Init            00404680 f vad.obj

 entry point at        0000:00000000

 Static symbols

 0003:000000f4       $$$00001                   004028f4 f vad.obj
 0001:00000344       $$$00002                   00401344 f vad.obj
 000a:0000015c       $$$00003                   0040415c f vad.obj
 0001:000003a2       $$$00004                   004013a2 f vad.obj
 0001:000003af       $$$00005                   004013af f vad.obj
 0001:00001474       $$$00006                   00402474 f vad.obj
 000a:00000680       $$$00007                   00404680 f vad.obj
 000a:000008d9       $$$00009                   004048d9 f vad.obj
 0001:00001474       $$$00010                   00402474 f vad.obj
 0004:000000f0       $$$00011                   00402ef0 f vad.obj
 0004:0000010d       $$$00013                   00402f0d f vad.obj
 0001:00001474       $$$00014                   00402474 f vad.obj
 0005:00000080       $$$00015                   00403080 f vad.obj
 0005:000000ca       $$$00017                   004030ca f vad.obj
 0001:00001474       $$$00018                   00402474 f vad.obj
 0002:0000005c       $$$00019                   0040265c f vad.obj
 0002:00000126       $$$00021                   00402726 f vad.obj
 0001:00001474       $$$00022                   00402474 f vad.obj
 0003:000000f4       $$$00023                   004028f4 f vad.obj
 0003:00000135       $$$00025                   00402935 f vad.obj
 0001:00001474       $$$00026                   00402474 f vad.obj
 0003:00000135       $$$00027                   00402935 f vad.obj
 0003:00000157       $$$00029                   00402957 f vad.obj
 0001:00001474       $$$00030                   00402474 f vad.obj
 0001:000003d0       $$$00031                   004013d0 f vad.obj
 0001:00001474       $$$00032                   00402474 f vad.obj
 0003:00000157       $$$00033                   00402957 f vad.obj
 0003:0000027f       $$$00035                   00402a7f f vad.obj
 0001:00001474       $$$00036                   00402474 f vad.obj
 0001:000014ba       $$$00038                   004024ba f vad.obj
 0001:000014cf       $$$00040                   004024cf f vad.obj
 0001:00001536       $$$00042                   00402536 f vad.obj
 0003:0000027f       $$$00043                   00402a7f f vad.obj
 0003:000002c2       $$$00045                   00402ac2 f vad.obj
 0001:00001536       $$$00046                   00402536 f vad.obj
 0001:00001536       $$$00047                   00402536 f vad.obj
 0003:000002c2       $$$00048                   00402ac2 f vad.obj
 0003:000002fd       $$$00050                   00402afd f vad.obj
 0001:00001536       $$$00051                   00402536 f vad.obj
 0003:000002fd       $$$00052                   00402afd f vad.obj
 0003:0000039b       $$$00054                   00402b9b f vad.obj
 0001:00001536       $$$00055                   00402536 f vad.obj
 0003:0000039b       $$$00056                   00402b9b f vad.obj
 0003:000003a8       $$$00058                   00402ba8 f vad.obj
 0001:00001536       $$$00059                   00402536 f vad.obj
 0001:00001536       $$$00060                   00402536 f vad.obj
 0003:000003a8       $$$00061                   00402ba8 f vad.obj
 0003:0000044c       $$$00063                   00402c4c f vad.obj
 0001:00001536       $$$00064                   00402536 f vad.obj
 0003:0000044c       $$$00065                   00402c4c f vad.obj
 0001:00000344       $$$00001                   00401344 f vkdphys.obj
 0001:000011dc       $$$00002                   004021dc f vkdphys.obj
 0001:000011dc       $$$00003                   004021dc f vkdphys.obj
 0001:000011de       $$$00005                   004021de f vkdphys.obj
 0001:000012da       $$$00007                   004022da f vkdphys.obj
 0001:000012da       $$$00008                   004022da f vkdphys.obj
 0001:00001308       $$$00010                   00402308 f vkdphys.obj
 0001:00001310       $$$00012                   00402310 f vkdphys.obj
 0001:00001318       $$$00014                   00402318 f vkdphys.obj
 0001:00001324       $$$00016                   00402324 f vkdphys.obj
 0001:00001349       $$$00018                   00402349 f vkdphys.obj
 0001:00001373       $$$00020                   00402373 f vkdphys.obj
 0009:00000698       $$$00021                   00403e98 f vkdphys.obj
 0009:000006a2       $$$00023                   00403ea2 f vkdphys.obj
 0009:000006ac       $$$00025                   00403eac f vkdphys.obj
 0001:00001373       $$$00026                   00402373 f vkdphys.obj
 0001:00001380       $$$00028                   00402380 f vkdphys.obj
 0001:000013a3       $$$00030                   004023a3 f vkdphys.obj
 0001:000013e4       $$$00032                   004023e4 f vkdphys.obj
 0001:00001425       $$$00034                   00402425 f vkdphys.obj
 0001:00001447       $$$00036                   00402447 f vkdphys.obj
 0001:00000344       $$$00037                   00401344 f vkdphys.obj
 0001:00001447       $$$00038                   00402447 f vkdphys.obj
 0001:00001474       $$$00040                   00402474 f vkdphys.obj
 0008:0000000c       $$$00001                   0040360c f vkdmsg.obj
 0008:00000014       $$$00002                   00403614 f vkdmsg.obj
 0008:00000014       $$$00003                   00403614 f vkdmsg.obj
 0008:0000000e       $$$00004                   0040360e f vkdmsg.obj
 0008:00000045       $$$00005                   00403645 f vkdmsg.obj
 0008:00000059       $$$00006                   00403659 f vkdmsg.obj
 0008:00000076       $$$00007                   00403676 f vkdmsg.obj
 0008:00000077       $$$00008                   00403677 f vkdmsg.obj
 0008:00000077       $$$00009                   00403677 f vkdmsg.obj
 0008:00000010       $$$00010                   00403610 f vkdmsg.obj
 0008:000000b2       $$$00011                   004036b2 f vkdmsg.obj
 0008:000000c6       $$$00012                   004036c6 f vkdmsg.obj
 0008:000000e4       $$$00013                   004036e4 f vkdmsg.obj
 0008:000000e6       $$$00014                   004036e6 f vkdmsg.obj
 0008:00000114       $$$00015                   00403714 f vkdmsg.obj
 0008:00000115       $$$00016                   00403715 f vkdmsg.obj
 0008:00000115       $$$00017                   00403715 f vkdmsg.obj
 0008:00000012       $$$00018                   00403612 f vkdmsg.obj
 000a:00000084       $$$00019                   00404084 f vkdmsg.obj
 0001:000001b4       $$$00002                   004011b4 f vkdio.obj
 000a:0000053c       $$$00003                   0040453c f vkdio.obj
 000a:00000547       $$$00005                   00404547 f vkdio.obj
 000a:00000554       $$$00007                   00404554 f vkdio.obj
 000a:000005d4       $$$00009                   004045d4 f vkdio.obj
 000a:0000067f       $$$00011                   0040467f f vkdio.obj
 0001:00000ea0       $$$00012                   00401ea0 f vkdio.obj
 0001:00000fb3       $$$00014                   00401fb3 f vkdio.obj
 0003:000000e0       $$$00015                   004028e0 f vkdio.obj
 0003:000000f4       $$$00017                   004028f4 f vkdio.obj
 0001:00000fb3       $$$00018                   00401fb3 f vkdio.obj
 0001:00001146       $$$00020                   00402146 f vkdio.obj
 0001:0000114f       $$$00022                   0040214f f vkdio.obj
 0001:00001165       $$$00024                   00402165 f vkdio.obj
 0001:00001179       $$$00026                   00402179 f vkdio.obj
 0001:00001192       $$$00028                   00402192 f vkdio.obj
 0001:000011ba       $$$00030                   004021ba f vkdio.obj
 0001:000011c5       $$$00032                   004021c5 f vkdio.obj
 0001:000011dc       $$$00034                   004021dc f vkdio.obj
 0001:000001ad       $$$00001                   004011ad f vkdhk.obj
 0001:00000e00       $$$00002                   00401e00 f vkdhk.obj
 0001:00000e9e       $$$00004                   00401e9e f vkdhk.obj
 0009:000004ec       $$$00005                   00403cec f vkdhk.obj
 0009:00000507       $$$00007                   00403d07 f vkdhk.obj
 0009:0000057e       $$$00009                   00403d7e f vkdhk.obj
 0009:000005e7       $$$00011                   00403de7 f vkdhk.obj
 0009:00000646       $$$00013                   00403e46 f vkdhk.obj
 0009:00000697       $$$00015                   00403e97 f vkdhk.obj
 0001:00000e9e       $$$00016                   00401e9e f vkdhk.obj
 0001:00000000       $$$00001                   00401000 f vkd.obj
 0001:000003d8       $$$00002                   004013d8 f vkd.obj
 0001:0000004c       $$$00003                   0040104c f vkd.obj
 0001:000003d8       $$$00004                   004013d8 f vkd.obj
 0001:00000050       $$$00005                   00401050 f vkd.obj
 0001:000000a4       $$$00006                   004010a4 f vkd.obj
 000a:00000084       $$$00007                   00404084 f vkd.obj
 0001:000000b9       $$$00008                   004010b9 f vkd.obj
 0001:00000124       $$$00009                   00401124 f vkd.obj
 0001:000003d8       $$$00010                   004013d8 f vkd.obj
 000a:0000015c       $$$00011                   0040415c f vkd.obj
 000a:00000168       $$$00013                   00404168 f vkd.obj
 000a:00000174       $$$00015                   00404174 f vkd.obj
 000a:00000328       $$$00017                   00404328 f vkd.obj
 000a:000004dc       $$$00019                   004044dc f vkd.obj
 000a:00000539       $$$00021                   00404539 f vkd.obj
 0001:000003d8       $$$00022                   004013d8 f vkd.obj
 0001:000003d8       $$$00023                   004013d8 f vkd.obj
 0001:00000432       $$$00025                   00401432 f vkd.obj
 0001:00000432       $$$00026                   00401432 f vkd.obj
 0009:00000000       $$$00027                   00403800 f vkd.obj
 0009:0000003c       $$$00029                   0040383c f vkd.obj
 0009:0000006a       $$$00031                   0040386a f vkd.obj
 0001:00000432       $$$00032                   00401432 f vkd.obj
 0001:00000440       $$$00034                   00401440 f vkd.obj
 0001:0000045e       $$$00036                   0040145e f vkd.obj
 0009:0000006a       $$$00037                   0040386a f vkd.obj
 0009:000000f7       $$$00039                   004038f7 f vkd.obj
 0002:00000000       $$$00040                   00402600 f vkd.obj
 0002:0000000e       $$$00042                   0040260e f vkd.obj
 0009:000000f7       $$$00043                   004038f7 f vkd.obj
 0002:0000000e       $$$00044                   0040260e f vkd.obj
 0002:00000052       $$$00046                   00402652 f vkd.obj
 0009:000000f7       $$$00047                   004038f7 f vkd.obj
 0002:00000052       $$$00048                   00402652 f vkd.obj
 0002:0000005b       $$$00050                   0040265b f vkd.obj
 0009:000000f7       $$$00051                   004038f7 f vkd.obj
 0004:00000000       $$$00052                   00402e00 f vkd.obj
 0004:0000002c       $$$00054                   00402e2c f vkd.obj
 0009:000000f7       $$$00055                   004038f7 f vkd.obj
 0004:0000002c       $$$00056                   00402e2c f vkd.obj
 0004:00000083       $$$00058                   00402e83 f vkd.obj
 0009:000000f7       $$$00059                   004038f7 f vkd.obj
 0004:00000083       $$$00060                   00402e83 f vkd.obj
 0004:0000009b       $$$00062                   00402e9b f vkd.obj
 0009:000000f7       $$$00063                   004038f7 f vkd.obj
 0006:00000000       $$$00064                   00403200 f vkd.obj
 0006:0000000f       $$$00066                   0040320f f vkd.obj
 0009:000000f7       $$$00067                   004038f7 f vkd.obj
 0005:00000000       $$$00068                   00403000 f vkd.obj
 0005:0000000b       $$$00070                   0040300b f vkd.obj
 0009:000000f7       $$$00071                   004038f7 f vkd.obj
 0005:0000000b       $$$00072                   0040300b f vkd.obj
 0005:0000003d       $$$00074                   0040303d f vkd.obj
 0009:000000f7       $$$00075                   004038f7 f vkd.obj
 0009:00000164       $$$00077                   00403964 f vkd.obj
 0001:0000045e       $$$00078                   0040145e f vkd.obj
 0001:00000493       $$$00080                   00401493 f vkd.obj
 0001:000004b2       $$$00082                   004014b2 f vkd.obj
 0009:00000164       $$$00083                   00403964 f vkd.obj
 0009:0000016b       $$$00085                   0040396b f vkd.obj
 0009:000001ea       $$$00087                   004039ea f vkd.obj
 0009:0000022e       $$$00089                   00403a2e f vkd.obj
 0009:00000245       $$$00091                   00403a45 f vkd.obj
 0009:0000025c       $$$00093                   00403a5c f vkd.obj
 0009:0000029e       $$$00095                   00403a9e f vkd.obj
 0009:000002b4       $$$00097                   00403ab4 f vkd.obj
 0001:000004b2       $$$00098                   004014b2 f vkd.obj
 0001:000004fb       $$$00100                   004014fb f vkd.obj
 0001:00000503       $$$00102                   00401503 f vkd.obj
 0009:000002b4       $$$00103                   00403ab4 f vkd.obj
 0003:00000000       $$$00104                   00402800 f vkd.obj
 0003:00000015       $$$00106                   00402815 f vkd.obj
 0009:000002b4       $$$00107                   00403ab4 f vkd.obj
 0003:00000015       $$$00108                   00402815 f vkd.obj
 0003:00000019       $$$00110                   00402819 f vkd.obj
 0009:000002b4       $$$00111                   00403ab4 f vkd.obj
 0003:00000019       $$$00112                   00402819 f vkd.obj
 0003:000000b8       $$$00114                   004028b8 f vkd.obj
 0009:000002b4       $$$00115                   00403ab4 f vkd.obj
 0003:000000b8       $$$00116                   004028b8 f vkd.obj
 0003:000000c1       $$$00118                   004028c1 f vkd.obj
 0009:000002b4       $$$00119                   00403ab4 f vkd.obj
 0001:00000503       $$$00120                   00401503 f vkd.obj
 0001:00000530       $$$00122                   00401530 f vkd.obj
 0001:00000558       $$$00124                   00401558 f vkd.obj
 0001:0000057d       $$$00126                   0040157d f vkd.obj
 0009:000002b4       $$$00127                   00403ab4 f vkd.obj
 0007:00000000       $$$00128                   00403400 f vkd.obj
 0007:00000020       $$$00130                   00403420 f vkd.obj
 0009:000002b4       $$$00131                   00403ab4 f vkd.obj
 0007:00000020       $$$00132                   00403420 f vkd.obj
 0007:0000002c       $$$00134                   0040342c f vkd.obj
 0009:000002b4       $$$00135                   00403ab4 f vkd.obj
 0007:0000002c       $$$00136                   0040342c f vkd.obj
 0007:00000125       $$$00138                   00403525 f vkd.obj
 0009:000002b4       $$$00139                   00403ab4 f vkd.obj
 0001:0000057d       $$$00140                   0040157d f vkd.obj
 0001:00000587       $$$00142                   00401587 f vkd.obj
 0001:00000604       $$$00144                   00401604 f vkd.obj
 0001:00000616       $$$00146                   00401616 f vkd.obj
 0001:000006dc       $$$00148                   004016dc f vkd.obj
 0001:000006f9       $$$00150                   004016f9 f vkd.obj
 0001:00000726       $$$00152                   00401726 f vkd.obj
 0001:0000077d       $$$00154                   0040177d f vkd.obj
 0001:00000847       $$$00156                   00401847 f vkd.obj
 0001:00000863       $$$00158                   00401863 f vkd.obj
 0001:0000095a       $$$00160                   0040195a f vkd.obj
 0001:000009bb       $$$00162                   004019bb f vkd.obj
 0001:00000a1a       $$$00164                   00401a1a f vkd.obj
 0009:000002b4       $$$00165                   00403ab4 f vkd.obj
 0009:000003c1       $$$00167                   00403bc1 f vkd.obj
 0009:000003ca       $$$00169                   00403bca f vkd.obj
 0001:00000a1a       $$$00170                   00401a1a f vkd.obj
 0001:00000a31       $$$00172                   00401a31 f vkd.obj
 0001:00000b5c       $$$00174                   00401b5c f vkd.obj
 0001:00000b8c       $$$00176                   00401b8c f vkd.obj
 0001:00000ba7       $$$00178                   00401ba7 f vkd.obj
 0001:00000c00       $$$00180                   00401c00 f vkd.obj
 0001:00000c09       $$$00182                   00401c09 f vkd.obj
 0009:000003ca       $$$00183                   00403bca f vkd.obj
 0009:000003d3       $$$00185                   00403bd3 f vkd.obj
 0009:000004a8       $$$00188                   00403ca8 f vkd.obj
 0009:000004ec       $$$00190                   00403cec f vkd.obj
 0001:00000c09       $$$00191                   00401c09 f vkd.obj
 0001:00000c62       $$$00193                   00401c62 f vkd.obj
 0009:000004ec       $$$00194                   00403cec f vkd.obj
 0003:000000c1       $$$00195                   004028c1 f vkd.obj
 0003:000000df       $$$00197                   004028df f vkd.obj
 0009:000004ec       $$$00198                   00403cec f vkd.obj
 0005:0000003d       $$$00199                   0040303d f vkd.obj
 0005:0000007f       $$$00201                   0040307f f vkd.obj
 0009:000004ec       $$$00202                   00403cec f vkd.obj
 0001:00000c62       $$$00203                   00401c62 f vkd.obj
 0001:00000c9f       $$$00205                   00401c9f f vkd.obj
 0001:00000cab       $$$00207                   00401cab f vkd.obj
 0001:00000cd2       $$$00209                   00401cd2 f vkd.obj
 0001:00000cfe       $$$00211                   00401cfe f vkd.obj
 0001:00000d48       $$$00213                   00401d48 f vkd.obj
 0001:00000d66       $$$00215                   00401d66 f vkd.obj
 0001:00000dfe       $$$00217                   00401dfe f vkd.obj
 0009:000004ec       $$$00218                   00403cec f vkd.obj
 0004:0000009b       $$$00219                   00402e9b f vkd.obj
 0004:000000ef       $$$00221                   00402eef f vkd.obj
 0009:000004ec       $$$00222                   00403cec f vkd.obj

FIXUPS: 42d8 2e 23 6b 5 5 118 8 fffff6de e 7 7 e 9 9f 31 ffffe98a 5 10
FIXUPS: 264e 7 246 21 1f 552 2d 1c 7 17 178 1fd 296 10 1a 6 a 10 21 e ccd
FIXUPS: 15a4 7e 78 e 5 c 4e c0 53 440 1bdc 2f 9c 16 c 28 7 11e 5 8 16 5
FIXUPS: 3aad 71 9 24 b 7 9 1a 7 e ffffe8f7 5c bdb 15f6 17e 77 ffffd9df
FIXUPS: 22d4 1bc8 a ffffe010 6b a 70 5 2a 4a 43 e 1d 6 b0 91 c 71b fffff5a2
FIXUPS: 3d03 138 5 ffffd625 5f 14
