#
# 86Box v7.0 logfile, created 2026/09/26 18:14:49
#
# Emulator path: C:/Users/lycet/RiderProjects/86Box-Inboard/86box_3c509b/build_log/src//
# Global configuration file: C:/Users/lycet/AppData/Local/86Box/86box_global.cfg
# VM: vm_vpicd_irq2
#
# Configuration file: C:/Users/lycet/RiderProjects/86Box-Inboard/vm_vpicd_irq2/86box.cfg
#

# Userfiles path: C:/Users/lycet/RiderProjects/86Box-Inboard/vm_vpicd_irq2/
# ROM path: C:/Users/lycet/RiderProjects/86Box-Inboard/vm_vpicd_irq2/roms/
# ROM path: C:/Users/lycet/RiderProjects/86Box-Inboard/86box_3c509b/build_log/src//roms/
# ROM path: C:/Users/lycet/AppData/Local/86Box/roms/
# Asset path: C:/Users/lycet/RiderProjects/86Box-Inboard/vm_vpicd_irq2/assets/
# Asset path: C:/Users/lycet/RiderProjects/86Box-Inboard/86box_3c509b/build_log/src//assets/
# Asset path: C:/Users/lycet/AppData/Local/86Box/assets/
BPCK: attached as unit 07 on LPT port 0
*** 1 repeats ***
DIAG7 [C000:0000041C] 4AE8 advfunc=00 on=0 hdisp=0 vdisp=0
DIAG7 [C000:00007A62] 4AE8 advfunc=06 on=0 hdisp=640 vdisp=480
DIAG7 [C000:0000731E] 4AEE clock_sel=1850 on=0 hdisp=640 vdisp=480
DIAG7 [C000:0000731E] 4AEE clock_sel=181C on=0 hdisp=1024 vdisp=768
DIAG7 [C000:00007A62] 4AE8 advfunc=02 on=0 hdisp=1024 vdisp=768
DIAG7 [C000:000075CD] 4AE8 advfunc=02 on=0 hdisp=640 vdisp=480
DIAG7 [C000:00007A62] 4AE8 advfunc=02 on=0 hdisp=640 vdisp=480
*** 5 repeats ***
DIAG7 [C000:000075CD] 4AE8 advfunc=02 on=0 hdisp=640 vdisp=480
DIAG7 [C000:0000731E] 4AEE clock_sel=1850 on=0 hdisp=640 vdisp=480
DIAG7 [C000:0000731E] 4AEE clock_sel=181C on=0 hdisp=640 vdisp=480
DIAG7 [C000:0000708E] 4AE8 advfunc=02 on=0 hdisp=640 vdisp=480
HEARTBEAT [F000:0000ED15] cpl=0 pm=0 v86=0 if=1 pic imr=FF isr=00 irr=00 | 75 43 48 48 AB E2 F6 4F 4F FD 8B F7 8B CB 8B D0 | eax=00000000 ebx=00002000 ecx=0000017B edx=0000AA55 esi=00003D0C edi=00003D0A esp=000000F6
HEARTBEAT [F000:0000ECAE] cpl=0 pm=0 v86=0 if=0 pic imr=BF isr=00 irr=01 | 24 FE 3A E0 8A E0 E4 00 74 F4 9D E2 EF 58 C3 8A | eax=0000C0C1 ebx=00000206 ecx=0000001D edx=000061A8 esi=00000010 edi=00000000 esp=000000DC
BPCK: W0 AA            [---- reg=00 knock=0]
HEARTBEAT [D000:000012D3] cpl=0 pm=0 v86=0 if=1 pic imr=BC isr=00 irr=00 | 3C 08 72 21 89 D3 3C 0A 76 16 D1 E2 3C 14 72 15 | eax=00004006 ebx=00000940 ecx=00000007 edx=00000007 esi=00007C00 edi=00000026 esp=00007ED0
HEARTBEAT [D000:00000AF4] cpl=0 pm=0 v86=0 if=1 pic imr=BC isr=00 irr=00 | 83 F8 48 72 F4 FA A1 04 7F A3 20 00 A1 06 7F A3 | eax=00000029 ebx=0000B004 ecx=0000FF01 edx=00000603 esi=00000608 edi=00000026 esp=00007EFE
HEARTBEAT [D000:00001031] cpl=0 pm=0 v86=0 if=1 pic imr=BC isr=00 irr=00 | 30 DA AA EC 30 DA AA EC 30 DA AA EC 30 DA AA EC | eax=00000009 ebx=0000FF08 ecx=00000078 edx=00000300 esi=00000010 edi=00003114 esp=0000FFCA
BPCK: W2 08 (was 00)  [---- reg=00 knock=0]
BPCK: W2 0C (was 08)  [---- reg=00 knock=0]
BPCK: R1 -> D8          [---- reg=00 knock=0]
HEARTBEAT [F000:00000C6E] cpl=0 pm=0 v86=0 if=1 pic imr=BC isr=00 irr=00 | 74 37 FE CC 74 64 80 EC 03 74 64 80 EC 0B 74 0C | eax=0000001C ebx=0000443D ecx=0000000A edx=00000058 esi=00000000 edi=000043A2 esp=000011C6
HEARTBEAT [D000:0000114B] cpl=0 pm=0 v86=0 if=1 pic imr=BC isr=00 irr=00 | 30 DA 86 C4 EE 30 DA 88 E0 EE AD 30 DA 86 C4 EE | eax=00000000 ebx=0000FF08 ecx=00000006 edx=00000300 esi=000001A6 edi=00000010 esp=0000087E
HEARTBEAT [D000:000012FC] cpl=0 pm=0 v86=0 if=1 pic imr=BC isr=00 irr=00 | C3 30 F6 8A 5D 14 80 FB 08 72 20 80 FB 0A 76 0F | eax=00000880 ebx=0000FF08 ecx=000000BD edx=00000307 esi=00000008 edi=00000010 esp=00000890
HEARTBEAT [D000:00001039] cpl=0 pm=0 v86=0 if=1 pic imr=BC isr=00 irr=00 | 30 DA AA EC 30 DA AA EC 30 DA AA EC 30 DA AA EC | eax=0000000B ebx=0000FF08 ecx=0000002D edx=00000300 esi=00000010 edi=00000A7E esp=0000089A
HEARTBEAT [FF03:0000A153] cpl=0 pm=0 v86=0 if=1 pic imr=BC isr=00 irr=00 | C3 36 C6 06 10 06 0F F9 C3 0A C0 75 05 36 A0 36 | eax=00003A02 ebx=00000003 ecx=00006D52 edx=000015C4 esi=000015C6 edi=000003BE esp=00000916
HEARTBEAT [D000:00001187] cpl=0 pm=0 v86=0 if=1 pic imr=BC isr=00 irr=00 | 30 DA 88 E0 EE AD 30 DA 86 C4 EE 30 DA 88 E0 EE | eax=00000000 ebx=0000FF08 ecx=00000057 edx=00000308 esi=00000AA4 edi=00000010 esp=000008A0
HEARTBEAT [D000:0000118C] cpl=0 pm=0 v86=0 if=1 pic imr=BC isr=00 irr=00 | AD 30 DA 86 C4 EE 30 DA 88 E0 EE AD 30 DA 86 C4 | eax=00000000 ebx=0000FF08 ecx=0000001F edx=00000300 esi=00000020 edi=00000010 esp=0000087A
HEARTBEAT [D000:0000124D] cpl=0 pm=0 v86=0 if=1 pic imr=BC isr=00 irr=00 | 84 C0 78 04 84 E0 75 1A E8 2B FA 73 F0 E8 12 00 | eax=00090880 ebx=0000FF08 ecx=00000173 edx=00000307 esi=00000006 edi=00000010 esp=0000089C
HEARTBEAT [D000:00000FF1] cpl=0 pm=0 v86=0 if=1 pic imr=BC isr=00 irr=00 | 30 DA AA EC 30 DA AA EC 30 DA AA EC 30 DA AA EC | eax=000000B8 ebx=0000FF08 ecx=00000008 edx=00000300 esi=00000010 edi=0000050A esp=0000089A
HEARTBEAT [D000:00001041] cpl=0 pm=0 v86=0 if=1 pic imr=BC isr=00 irr=00 | 30 DA AA EC 30 DA AA EC 30 DA AA EC 30 DA AA EC | eax=00180000 ebx=0000FF08 ecx=0000006A edx=00000300 esi=00000010 edi=000002E0 esp=0000089A
HEARTBEAT [D000:00001035] cpl=0 pm=0 v86=0 if=1 pic imr=BC isr=00 irr=00 | 30 DA AA EC 30 DA AA EC 30 DA AA EC 30 DA AA EC | eax=0001008B ebx=0000FF08 ecx=00000047 edx=00000308 esi=00000010 edi=0000153B esp=0000089A
HEARTBEAT [D000:00001015] cpl=0 pm=0 v86=0 if=1 pic imr=BC isr=00 irr=00 | 30 DA AA EC 30 DA AA EC 30 DA AA EC 30 DA AA EC | eax=00000000 ebx=0000FF08 ecx=00000047 edx=00000308 esi=00000010 edi=00001733 esp=0000089A
HEARTBEAT [D000:00001025] cpl=0 pm=0 v86=0 if=1 pic imr=BC isr=00 irr=00 | 30 DA AA EC 30 DA AA EC 30 DA AA EC 30 DA AA EC | eax=00000000 ebx=0000FF08 ecx=0000000F edx=00000308 esi=00000010 edi=00001E37 esp=0000089A
HEARTBEAT [D000:00000FF9] cpl=0 pm=0 v86=0 if=1 pic imr=BC isr=00 irr=00 | 30 DA AA EC 30 DA AA EC 30 DA AA EC 30 DA AA EC | eax=00000000 ebx=0000FF08 ecx=00000008 edx=00000300 esi=00000010 edi=00001F0C esp=0000089A
HEARTBEAT [2289:00000467] cpl=0 pm=0 v86=0 if=1 pic imr=BC isr=00 irr=00 | 8A 04 46 49 74 0D EB C2 53 FF E5 8A D0 52 8A 04 | eax=00007508 ebx=00000000 ecx=00000004 edx=00008075 esi=00000802 edi=000005A8 esp=000001F4
HEARTBEAT [D000:0000103D] cpl=0 pm=0 v86=0 if=1 pic imr=BC isr=00 irr=00 | 30 DA AA EC 30 DA AA EC 30 DA AA EC 30 DA AA EC | eax=0000004A ebx=0000FF08 ecx=000B0009 edx=00000308 esi=00050010 edi=00003EF7 esp=0000089C
HEARTBEAT [0EAF:000045B3] cpl=0 pm=0 v86=0 if=1 pic imr=BC isr=00 irr=00 | 8B D6 8B F7 2B F1 26 A4 26 A4 8B F2 E9 0B FC 8B | eax=00006DFA ebx=00000030 ecx=00050546 edx=00050B79 esi=00050B7E edi=000010BC esp=000066AE
HEARTBEAT [D000:00000FF1] cpl=0 pm=0 v86=0 if=1 pic imr=BC isr=00 irr=00 | 30 DA AA EC 30 DA AA EC 30 DA AA EC 30 DA AA EC | eax=00000073 ebx=0000FF08 ecx=00000031 edx=00000300 esi=00050010 edi=000009E4 esp=0000089A
HEARTBEAT [D000:00001187] cpl=3 pm=1 v86=1 if=1 pic imr=B8 isr=00 irr=00 | 30 DA 88 E0 EE AD 30 DA 86 C4 EE 30 DA 88 E0 EE | eax=00003D20 ebx=C152FF08 ecx=00000020 edx=C0320308 esi=C0360010 edi=C0360010 esp=0000087C
HEARTBEAT [D000:0000101D] cpl=3 pm=1 v86=1 if=1 pic imr=B8 isr=00 irr=00 | 30 DA AA EC 30 DA AA EC 30 DA AA EC 30 DA AA EC | eax=00000000 ebx=C0FDFF08 ecx=00000050 edx=C1120308 esi=C0FD0010 edi=C112021C esp=0000089A
HEARTBEAT [0070:00000322] cpl=3 pm=1 v86=1 if=1 pic imr=B8 isr=00 irr=00 | EC A8 08 75 0B E2 F9 4B 75 F6 2E C6 06 25 03 EB | eax=00000030 ebx=00000040 ecx=0000F337 edx=000003DA esi=00000000 edi=00000000 esp=00000932
HEARTBEAT [FCB2:00002FF7] cpl=3 pm=1 v86=1 if=0 pic imr=B8 isr=00 irr=00 | 63 38 6C 6C 38 CC 78 00 00 00 00 7E 7E 7E 00 18 | eax=0000001B ebx=00000005 ecx=0000001B edx=C13B0FE5 esi=00000000 edi=C0FD7C50 esp=00001000
HEARTBEAT [0028:C002EC8E] cpl=0 pm=1 v86=0 if=1 pic imr=B8 isr=00 irr=00 | 78 14 57 8B 3D A8 06 01 C0 03 3D 60 0E 03 C0 FF | eax=C0FFBA78 ebx=C15200E8 ecx=00000001 edx=40000000 esi=00000200 edi=C0FFD480 esp=C13A1C08
HEARTBEAT [D000:0000115B] cpl=3 pm=1 v86=1 if=1 pic imr=B8 isr=00 irr=00 | 30 DA 88 E0 EE AD 30 DA 86 C4 EE 30 DA 88 E0 EE | eax=00002020 ebx=0000FF08 ecx=00000012 edx=C0360308 esi=C10C00E4 edi=534F0010 esp=00000294
[0117:0000B929] Illegal instruction 00008B55 (FF)
HEARTBEAT [D000:00000CA8] cpl=3 pm=1 v86=1 if=1 pic imr=B8 isr=00 irr=00 | 31 C9 8E D9 8B 0E 6C 04 1F C3 B0 06 B2 06 E8 44 | eax=00000880 ebx=0000FF08 ecx=000003D8 edx=C1350307 esi=C1590000 edi=00000010 esp=00000292
HEARTBEAT [0070:00000323] cpl=3 pm=1 v86=1 if=1 pic imr=A8 isr=00 irr=00 | A8 08 75 0B E2 F9 4B 75 F6 2E C6 06 25 03 EB 5A | eax=00000030 ebx=00000040 ecx=C0FFFD13 edx=815103DA esi=8151339C edi=00000001 esp=00000932
HEARTBEAT [0028:C0001311] cpl=0 pm=1 v86=0 if=1 pic imr=A8 isr=00 irr=00 | FA 33 C0 3B 05 F0 E9 00 C0 75 38 8A 43 1F F6 D0 | eax=C0FCE66C ebx=C15200E8 ecx=C0024C9E edx=C0FCE66C esi=C10CD668 edi=C159F068 esp=C13A1BBC
HEARTBEAT [D000:00001154] cpl=3 pm=1 v86=1 if=1 pic imr=A8 isr=00 irr=00 | EE AD 30 DA 86 C4 EE 30 DA 88 E0 EE AD 30 DA 86 | eax=00003131 ebx=0000FF08 ecx=0000000A edx=00000300 esi=00000162 edi=00000010 esp=00000294
HEARTBEAT [0028:C0001250] cpl=0 pm=1 v86=0 if=0 pic imr=A8 isr=00 irr=00 | 83 EC 04 60 BE 18 00 00 00 E9 62 00 00 00 8B C0 | eax=00000208 ebx=00000000 ecx=00002D20 edx=00000F80 esi=00000522 edi=000000C8 esp=C0ED4F94
HEARTBEAT [0028:C0025AF1] cpl=0 pm=1 v86=0 if=1 pic imr=A8 isr=00 irr=00 | 83 E9 64 03 D1 66 89 4B FE 89 14 19 66 C7 44 19 | eax=004F19C8 ebx=C13A39C8 ecx=00000064 edx=004F19C8 esi=000000FC edi=C0ED4E58 esp=C0ED4E28
HEARTBEAT [D000:0000102D] cpl=3 pm=1 v86=1 if=1 pic imr=A8 isr=00 irr=00 | 30 DA AA EC 30 DA AA EC 30 DA AA EC 30 DA AA EC | eax=00000004 ebx=06EFFF08 ecx=0000004C edx=00010308 esi=00000010 edi=141F0693 esp=00000296
HEARTBEAT [D000:00001001] cpl=3 pm=1 v86=1 if=1 pic imr=A8 isr=00 irr=00 | 30 DA AA EC 30 DA AA EC 30 DA AA EC 30 DA AA EC | eax=15870068 ebx=158FFF08 ecx=15870027 edx=BFF90300 esi=00000010 edi=141F0B28 esp=00000296
HEARTBEAT [D000:0000119D] cpl=3 pm=1 v86=1 if=1 pic imr=A8 isr=00 irr=00 | 30 DA 88 E0 EE E2 A6 C3 88 CD B1 03 D3 E9 AD 42 | eax=C0FC8954 ebx=8018FF08 ecx=00000030 edx=80180308 esi=00000D10 edi=80180010 esp=00000294
HEARTBEAT [D000:00001158] cpl=3 pm=1 v86=1 if=1 pic imr=A8 isr=00 irr=00 | 86 C4 EE 30 DA 88 E0 EE AD 30 DA 86 C4 EE 30 DA | eax=C0FC0C8E ebx=8018FF08 ecx=000000E7 edx=80180308 esi=00000194 edi=80180010 esp=00000294
HEARTBEAT [D000:00001192] cpl=3 pm=1 v86=1 if=1 pic imr=A8 isr=00 irr=00 | 30 DA 88 E0 EE AD 30 DA 86 C4 EE 30 DA 88 E0 EE | eax=C0FC0000 ebx=06EFFF08 ecx=00000001 edx=00010308 esi=00000FFE edi=141F0010 esp=00000294
HEARTBEAT [0137:BFF74282] cpl=3 pm=1 v86=0 if=1 pic imr=A8 isr=00 irr=00 | 7C 31 3B 15 C0 F9 FB BF 75 06 83 7A 04 01 74 25 | eax=BFFBF9E0 ebx=8018F56C ecx=BFFBF58D edx=BFFBF9E0 esi=8018F597 edi=0000001D esp=8018F520
HEARTBEAT [011F:00005B33] cpl=3 pm=1 v86=0 if=1 pic imr=A8 isr=00 irr=00 | F2 AE 26 80 3D 00 75 A7 33 C0 33 D2 1F 5E 5F C9 | eax=158F000A ebx=000004FA ecx=0000FFF2 edx=0000000D esi=00022F3A edi=00000D59 esp=C0ED2EEC
HEARTBEAT [0028:C002B43D] cpl=0 pm=1 v86=0 if=1 pic imr=A8 isr=00 irr=00 | 8A 4F 3A D3 E8 8B D8 22 5F 24 88 5D 40 8A 4F 25 | eax=0004C000 ebx=00000091 ecx=FFFFFF79 edx=C0FFD3D0 esi=C0FFB918 edi=C0FFBA78 esp=C0ED8BE4
HEARTBEAT [0137:BFF7AA17] cpl=3 pm=1 v86=0 if=1 pic imr=A8 isr=00 irr=00 | 3C 5C 74 22 84 C0 74 03 41 EB F3 80 79 FF 2E 75 | eax=00000073 ebx=BFFBF573 ecx=BFFBF57F edx=00000001 esi=00000001 edi=BFFBF57B esp=0063F2A8
HEARTBEAT [0028:C0026BE6] cpl=0 pm=1 v86=0 if=1 pic imr=A8 isr=00 irr=00 | 83 C3 20 3B DA 72 54 56 57 8B 7D 1C FE 45 60 8A | eax=00000000 ebx=C15DCBE0 ecx=C0FFC2C2 edx=C15DCC00 esi=C0FFC244 edi=C0022AAA esp=C0ED4C88
HEARTBEAT [0028:C0008E39] cpl=0 pm=1 v86=0 if=0 pic imr=A8 isr=00 irr=00 | 33 C0 E8 2D A3 FF FF 0F 84 91 00 00 00 F6 C1 20 | eax=FFFF01FF ebx=C15200E8 ecx=00000035 edx=C0FD3690 esi=C0FD3710 edi=C0FD377C esp=C0ED4E04
HEARTBEAT [0028:C0008F9D] cpl=0 pm=1 v86=0 if=0 pic imr=A8 isr=00 irr=00 | 74 05 F6 C1 80 74 1C A1 E4 06 01 C0 66 83 3D F0 | eax=00000000 ebx=C15200E8 ecx=00000035 edx=C0FD3690 esi=C0FD3710 edi=C0FD377C esp=C0ED4E04
HEARTBEAT [0028:C0008F9F] cpl=0 pm=1 v86=0 if=0 pic imr=A8 isr=00 irr=00 | F6 C1 80 74 1C A1 E4 06 01 C0 66 83 3D F0 E9 00 | eax=00000000 ebx=C15200E8 ecx=00000035 edx=C0FD3690 esi=C0FD3710 edi=C0FD377C esp=C0ED4E04
HEARTBEAT [0417:0000087D] cpl=3 pm=1 v86=0 if=1 pic imr=A8 isr=00 irr=00 | 67 66 64 8B 9B 00 00 01 00 B8 03 00 67 66 64 83 | eax=00000577 ebx=00000128 ecx=00000080 edx=00000000 esi=0002F53A edi=00020128 esp=00968970
HEARTBEAT [D000:00001187] cpl=3 pm=1 v86=1 if=1 pic imr=A8 isr=00 irr=00 | 30 DA 88 E0 EE AD 30 DA 86 C4 EE 30 DA 88 E0 EE | eax=C0FC5300 ebx=0000FF08 ecx=0001004F edx=C0ED0308 esi=00000B1C edi=00000010 esp=00000294
HEARTBEAT [0028:C0001B3D] cpl=0 pm=1 v86=0 if=0 pic imr=A8 isr=00 irr=00 | 87 67 4C FB 68 00 13 00 C0 80 FC 02 0F 82 17 0B | eax=000003B6 ebx=C15200E8 ecx=00010007 edx=00002E96 esi=00020083 edi=C0FD377C esp=C0ED4F70
HEARTBEAT [D000:00001011] cpl=3 pm=1 v86=1 if=1 pic imr=A8 isr=00 irr=00 | 30 DA AA EC 30 DA AA EC 30 DA AA EC 30 DA AA EC | eax=00000020 ebx=06EFFF08 ecx=0000005D edx=00000300 esi=00020010 edi=12EF046C esp=00000296
HEARTBEAT [2057:000039F8] cpl=3 pm=1 v86=0 if=1 pic imr=A8 isr=00 irr=00 | 0F 86 80 03 8A 46 FB C4 5E F6 26 88 07 FF 46 F6 | eax=00002DDB ebx=06EF013E ecx=00000014 edx=00000000 esi=00029B40 edi=12EF2DDA esp=8018251A
HEARTBEAT [0117:0000A9A8] cpl=3 pm=1 v86=0 if=1 pic imr=A8 isr=00 irr=00 | F2 AE F7 D1 C5 76 08 C4 7E 0C 83 FA 00 74 15 51 | eax=00000000 ebx=06EF0012 ecx=0000FFE5 edx=00030000 esi=00024963 edi=12EF4982 esp=801825A8
HEARTBEAT [2057:00003A0E] cpl=3 pm=1 v86=0 if=1 pic imr=A8 isr=00 irr=00 | 75 17 FF 36 0E 0F 1E FF 36 14 0F 68 00 04 9A 7E | eax=1D370969 ebx=06EF0952 ecx=0000094B edx=00001D37 esi=00029B40 edi=12EF093A esp=8018251A
HEARTBEAT [0137:BFF71B8C] cpl=3 pm=1 v86=0 if=1 pic imr=A8 isr=00 irr=00 | 0B C0 74 76 A8 04 74 79 24 F8 D1 E8 8B 0D 00 FA | eax=00001F2F ebx=8018F30A ecx=00000000 edx=BFF656D3 esi=0000013F edi=26C81587 esp=8018F2D8
HEARTBEAT [0137:BFF78639] cpl=3 pm=1 v86=0 if=1 pic imr=A8 isr=00 irr=00 | 83 7F 24 00 0F 85 80 0B 00 00 83 7F 08 00 8B 4D | eax=802D6043 ebx=8018F166 ecx=00000809 edx=00000000 esi=00000001 edi=81A194CC esp=8018F090
HEARTBEAT [2057:0000330D] cpl=3 pm=1 v86=0 if=1 pic imr=A8 isr=00 irr=00 | 26 8B 3F 0B FF 75 B4 8B 76 F6 83 C6 02 FF 46 F8 | eax=00000053 ebx=06EF9A91 ecx=00001D07 edx=00000000 esi=00029A91 edi=12EF9A91 esp=80182720
HEARTBEAT [2057:00003D1F] cpl=3 pm=1 v86=0 if=1 pic imr=A8 isr=00 irr=00 | 46 4F 79 F5 8B 7E E8 8B 46 EC 01 46 F6 8B 4E F6 | eax=00005A1C ebx=06EF034C ecx=00000014 edx=00001CF7 esi=00025A29 edi=12EF0002 esp=8018251A
HEARTBEAT [0117:00009E06] cpl=3 pm=1 v86=0 if=1 pic imr=A8 isr=00 irr=00 | 36 8B 5F 0A 9C 0E E8 8B E6 1F 73 03 B8 FF FF CA | eax=000040D2 ebx=06EF27BC ecx=00000011 edx=000127D2 esi=00020011 edi=12EF0008 esp=C0ED27BA
HEARTBEAT [0028:C003130D] cpl=0 pm=1 v86=0 if=1 pic imr=A8 isr=00 irr=00 | F6 C1 02 74 06 CD 20 07 00 8B 04 B8 4C 19 03 C0 | eax=C0FD031C ebx=0001D0F9 ecx=30586405 edx=00000000 esi=C1608EC0 edi=C0FFBA78 esp=C13B9DE8
HEARTBEAT [0028:C000334D] cpl=0 pm=1 v86=0 if=0 pic imr=A8 isr=00 irr=00 | F7 D8 74 0C F6 C1 04 75 07 FF 15 98 E7 00 C0 FA | eax=00000000 ebx=C15200E8 ecx=80000000 edx=C0FCEAF4 esi=C0FCE084 edi=C0FD377C esp=C13B9F6C
HEARTBEAT [2057:00003A0E] cpl=3 pm=1 v86=0 if=1 pic imr=A8 isr=00 irr=00 | 75 17 FF 36 0E 0F 1E FF 36 14 0F 68 00 04 9A 7E | eax=00000F13 ebx=06EF02DE ecx=00000014 edx=00000000 esi=00020002 edi=12EF0FA6 esp=8018251A
HEARTBEAT [0137:BFF71A7A] cpl=3 pm=1 v86=0 if=1 pic imr=A8 isr=00 irr=00 | 0F B6 C9 64 8F 05 00 00 00 00 8D 64 24 04 5F 66 | eax=00000001 ebx=8018F31C ecx=0001FB14 edx=00010000 esi=0000013F edi=26DA1587 esp=8018F304
HEARTBEAT [02F7:00000C52] cpl=3 pm=1 v86=0 if=1 pic imr=A8 isr=00 irr=00 | 81 C7 50 00 03 F3 4A 75 F0 5F 5E 8B D3 C1 EA 02 | eax=02F788FB ebx=00000010 ecx=00000002 edx=0000001B esi=0002007C edi=12EF47F3 esp=C0ED24DE
HEARTBEAT [0137:BFF71C5F] cpl=3 pm=1 v86=0 if=1 pic imr=A8 isr=00 irr=00 | 0F B7 42 02 0B C0 74 34 24 F8 D1 E8 8B 0D 00 FA | eax=00000001 ebx=8018F114 ecx=8018F0EC edx=8018F0EC esi=0000013F edi=24D21587 esp=8018F0D8
HEARTBEAT [0028:C00077A8] cpl=0 pm=1 v86=0 if=1 pic imr=A8 isr=00 irr=00 | 74 42 3D 00 00 40 00 73 3B F6 46 05 04 75 35 66 | eax=8018CC40 ebx=C004E8C0 ecx=00002FFF edx=FFFFFFFF esi=80095580 edi=C15202AC esp=C13B9EAC
HEARTBEAT [0137:BFF71BCA] cpl=3 pm=1 v86=0 if=1 pic imr=A8 isr=00 irr=00 | F6 C1 04 74 3E 80 C9 07 0F B7 05 04 FA FB BF 0F | eax=800A9380 ebx=8018F166 ecx=0000124F edx=00002353 esi=0000013F edi=25241587 esp=8018F12C
HEARTBEAT [2057:00003899] cpl=3 pm=1 v86=0 if=1 pic imr=A8 isr=00 irr=00 | 77 1C 3C 20 0F 84 4B 01 0F 8F E9 00 2C 09 0F 84 | eax=00000020 ebx=06EF00C1 ecx=00000014 edx=00000000 esi=00029B40 edi=12EF5499 esp=8018251A
HEARTBEAT [0028:C001E768] cpl=0 pm=1 v86=0 if=1 pic imr=A8 isr=00 irr=00 | 0F B6 4D 1D 80 F9 72 73 51 33 D2 F6 05 10 3B 02 | eax=000003AE ebx=C15200E8 ecx=0000003B edx=00000330 esi=00020009 edi=C0FD377C esp=C13B9F6C
HEARTBEAT [0137:BFF6571B] cpl=3 pm=1 v86=0 if=1 pic imr=A8 isr=00 irr=00 | E9 64 FC FF FF 33 C0 50 8B 43 16 89 04 24 50 E8 | eax=00000001 ebx=8018F30A ecx=0001FB52 edx=00010000 esi=0000013F edi=26C81587 esp=8018F2E4
HEARTBEAT [0028:C002B97C] cpl=0 pm=1 v86=0 if=1 pic imr=A8 isr=00 irr=00 | 0F B7 55 3E 8B 4E 08 66 3B 51 5A 73 E9 8B 49 54 | eax=00000000 ebx=0000E3A2 ecx=00007F0F edx=00000000 esi=C0FFE19C edi=C0FFBA78 esp=C13B9E08
HEARTBEAT [2057:00003B82] cpl=3 pm=1 v86=0 if=1 pic imr=A8 isr=00 irr=00 | 75 1A 8E 46 F8 26 C6 05 00 66 8B 46 E8 05 05 00 | eax=00001A27 ebx=06EF0159 ecx=00000014 edx=00000000 esi=00020005 edi=12EF1AB8 esp=8018251A
HEARTBEAT [2057:00003A0E] cpl=3 pm=1 v86=0 if=1 pic imr=A8 isr=00 irr=00 | 75 17 FF 36 0E 0F 1E FF 36 14 0F 68 00 04 9A 7E | eax=00003B25 ebx=06EF0018 ecx=00000400 edx=00009B40 esi=00020003 edi=12EF3B4A esp=C0ED251A
HEARTBEAT [2057:00003A08] cpl=3 pm=1 v86=0 if=1 pic imr=A8 isr=00 irr=00 | 81 3E 12 0F 00 04 75 17 FF 36 0E 0F 1E FF 36 14 | eax=00007463 ebx=06EF7489 ecx=00000014 edx=00000000 esi=00029B40 edi=12EF743D esp=8018251A
HEARTBEAT [0028:C0001DCD] cpl=0 pm=1 v86=0 if=1 pic imr=A8 isr=00 irr=00 | 8B 69 08 84 C0 78 24 0F B6 F0 8B 34 2E 0F B6 C4 | eax=00003C14 ebx=C15200E8 ecx=C15200E8 edx=FFFFFFFF esi=00000000 edi=C15202AC esp=C13B9ED4
HEARTBEAT [07B7:0000130B] cpl=3 pm=1 v86=0 if=1 pic imr=A8 isr=00 irr=00 | 67 66 26 8B 91 D4 52 F6 BF 66 EA C4 19 F7 BF 37 | eax=0000013F ebx=06EF000E ecx=00000050 edx=00011587 esi=00029A80 edi=12EF27D2 esp=801825B6
HEARTBEAT [D000:00001166] cpl=3 pm=1 v86=1 if=1 pic imr=A8 isr=00 irr=00 | 30 DA 88 E0 EE AD 30 DA 86 C4 EE 30 DA 88 E0 EE | eax=00000000 ebx=0000FF08 ecx=000000E6 edx=00000308 esi=000001A6 edi=00000010 esp=00000294
HEARTBEAT [07B7:00001314] cpl=3 pm=1 v86=0 if=1 pic imr=A8 isr=00 irr=00 | 66 EA C4 19 F7 BF 37 01 CC CC CC CC CC CC B8 C7 | eax=2807013F ebx=06EF0000 ecx=00000028 edx=BFF6551B esi=000225D4 edi=00000200 esp=801824E6
HEARTBEAT [0028:C001DDD9] cpl=0 pm=1 v86=0 if=1 pic imr=A8 isr=00 irr=00 | F3 AB 8B FC 57 0F B6 8F 88 00 00 00 FF 14 8D EC | eax=00000000 ebx=C15200E8 ecx=00000005 edx=FFFFFFFF esi=8018F934 edi=C13B9ED0 esp=C13B9E64
HEARTBEAT [0028:C002996A] cpl=0 pm=1 v86=0 if=1 pic imr=A8 isr=00 irr=00 | 74 1C F6 45 37 90 74 0E 50 A1 E4 0D 03 C0 25 FF | eax=00000000 ebx=C0FFBA78 ecx=0004FB9F edx=0000019F esi=C0FFE19C edi=C0FFE1CC esp=C13B9E14
HEARTBEAT [0028:C024DC2A] cpl=0 pm=1 v86=0 if=1 pic imr=A8 isr=00 irr=00 | 89 41 74 2B C0 5E C9 C3 8B FF 55 8B EC 56 8B 75 | eax=C0FFE158 ebx=C15200E8 ecx=C13B9E64 edx=C15202AC esi=00000008 edi=C13B9E64 esp=C13B9E2C
HEARTBEAT [0028:C002789E] cpl=0 pm=1 v86=0 if=1 pic imr=A8 isr=00 irr=00 | 8D 14 52 8D 14 95 00 00 00 00 39 4C 32 04 74 10 | eax=00000017 ebx=000006F0 ecx=FAD99260 edx=000001E3 esi=C113E324 edi=C0FD3CB0 esp=C13B9DC0
HEARTBEAT [0137:BFF787B0] cpl=3 pm=1 v86=0 if=1 pic imr=A8 isr=00 irr=00 | 89 45 C0 0F 84 92 08 00 00 8B 45 EC 8A 08 84 C9 | eax=00000005 ebx=8018F36B ecx=8018F830 edx=00000000 esi=00000001 edi=81A194CC esp=8018F244
HEARTBEAT [D000:00001171] cpl=3 pm=1 v86=1 if=1 pic imr=A8 isr=00 irr=00 | 30 DA 88 E0 EE AD 30 DA 86 C4 EE 30 DA 88 E0 EE | eax=00007265 ebx=0000FF08 ecx=0000001C edx=00000308 esi=00000E48 edi=00000010 esp=00000294
HEARTBEAT [2057:00003895] cpl=3 pm=1 v86=0 if=1 pic imr=A8 isr=00 irr=00 | 0F 84 BF 02 77 1C 3C 20 0F 84 4B 01 0F 8F E9 00 | eax=00000030 ebx=06EF03BF ecx=00000014 edx=00000000 esi=00029B40 edi=12EF1C5F esp=8018251A
HEARTBEAT [2057:000039FF] cpl=3 pm=1 v86=0 if=1 pic imr=A8 isr=00 irr=00 | C4 5E F6 26 88 07 FF 46 F6 81 3E 12 0F 00 04 75 | eax=26871552 ebx=06EF022A ecx=000015EC edx=00002687 esi=00029B40 edi=12EF15AC esp=8018251A
HEARTBEAT [D000:00001005] cpl=3 pm=1 v86=1 if=1 pic imr=A8 isr=00 irr=00 | 30 DA AA EC 30 DA AA EC 30 DA AA EC 30 DA AA EC | eax=0000006F ebx=06EFFF08 ecx=0000004A edx=00000308 esi=00020010 edi=12EF06C9 esp=00000296
HEARTBEAT [0137:BFF71C57] cpl=3 pm=1 v86=0 if=1 pic imr=A8 isr=00 irr=00 | 74 50 50 52 8B 54 24 10 0F B7 42 02 0B C0 74 34 | eax=00000001 ebx=8018F114 ecx=8018F0EC edx=00000001 esi=0000013F edi=24D21587 esp=8018F0E0
HEARTBEAT [0137:BFF78F51] cpl=3 pm=1 v86=0 if=1 pic imr=A8 isr=00 irr=00 | 83 7D C4 00 0F 85 E7 00 00 00 66 8B 45 F8 66 39 | eax=0000000C ebx=8018F36E ecx=00000000 edx=81A1900C esi=00000001 edi=81A194CC esp=8018F244
HEARTBEAT [2057:00003899] cpl=3 pm=1 v86=0 if=1 pic imr=A8 isr=00 irr=00 | 77 1C 3C 20 0F 84 4B 01 0F 8F E9 00 2C 09 0F 84 | eax=00000065 ebx=06EF0120 ecx=00000014 edx=00000000 esi=00029B40 edi=12EF0FBC esp=8018251A
HEARTBEAT [2057:00003BA4] cpl=3 pm=1 v86=0 if=1 pic imr=A8 isr=00 irr=00 | E9 61 FE 90 8B 7E F6 39 7E EE 0F 86 CA 01 8A 46 | eax=00002C31 ebx=06EF00C4 ecx=00000014 edx=00000000 esi=0002000B edi=12EF2C92 esp=8018251A
HEARTBEAT [0028:C0027A5B] cpl=0 pm=1 v86=0 if=1 pic imr=A8 isr=00 irr=00 | 75 DB C3 00 00 0A 03 10 0F 71 83 02 C0 C4 7A 02 | eax=0000005B ebx=00000008 ecx=FCB9887C edx=C0323252 esi=C0FFC2C4 edi=C0323204 esp=C13B9D90
HEARTBEAT [2057:000039FF] cpl=3 pm=1 v86=0 if=1 pic imr=A8 isr=00 irr=00 | C4 5E F6 26 88 07 FF 46 F6 81 3E 12 0F 00 04 75 | eax=00001730 ebx=06EF012D ecx=00000014 edx=00000000 esi=00029B40 edi=12EF17F0 esp=8018251A
HEARTBEAT [D000:00000CB0] cpl=3 pm=1 v86=1 if=1 pic imr=A8 isr=00 irr=00 | 1F C3 B0 06 B2 06 E8 44 06 B8 06 00 E8 D7 FF B0 | eax=07070880 ebx=0117FF08 ecx=00020D17 edx=00000307 esi=00020000 edi=00020010 esp=00000292
HEARTBEAT [D000:000019AE] cpl=3 pm=1 v86=1 if=1 pic imr=A8 isr=00 irr=00 | D0 C1 88 F7 86 CD C3 88 F8 30 E4 F6 75 0A 88 E7 | eax=0000C408 ebx=0000FF33 ecx=00001B00 edx=80882A80 esi=00020000 edi=00020010 esp=00000294
HEARTBEAT [0137:BFF719C5] cpl=3 pm=1 v86=0 if=1 pic imr=A8 isr=00 irr=00 | 57 56 9C 8C C6 8E DE A1 78 C2 FB BF 8B 00 66 8E | eax=0000013F ebx=06EF0248 ecx=00000050 edx=BFF656D3 esi=00022FC3 edi=000227F7 esp=80182A38
HEARTBEAT [07B7:000012E4] cpl=3 pm=1 v86=0 if=1 pic imr=A8 isr=00 irr=00 | B9 50 00 EB 19 B9 54 00 EB 14 B9 58 00 EB 0F B9 | eax=00000809 ebx=06EF00A0 ecx=000007C7 edx=00012446 esi=0002701C edi=0002CB3C esp=80182A3C
HEARTBEAT [0137:BFF719E3] cpl=3 pm=1 v86=0 if=1 pic imr=A8 isr=00 irr=00 | D1 EB 8B 0D 00 FA FB BF 66 3B 19 73 1B 8B 0D BC | eax=81514470 ebx=00001580 ecx=00000050 edx=BFF656D3 esi=0000013F edi=00000000 esp=80182A2C
HEARTBEAT [0137:BFF71A7A] cpl=3 pm=1 v86=0 if=1 pic imr=A8 isr=00 irr=00 | 0F B6 C9 64 8F 05 00 00 00 00 8D 64 24 04 5F 66 | eax=00000001 ebx=8018F66A ecx=0001FB14 edx=00010000 esi=0000013F edi=2A281587 esp=8018F654
HEARTBEAT [0137:BFF71A91] cpl=3 pm=1 v86=0 if=1 pic imr=A8 isr=00 irr=00 | 5B 66 0F B2 24 24 66 64 89 1D 1E 00 00 00 5B 0B | eax=00000001 ebx=8018F66A ecx=00000014 edx=00010000 esi=0000013F edi=2A281587 esp=8018F660
HEARTBEAT [0137:BFF71A28] cpl=3 pm=1 v86=0 if=1 pic imr=A8 isr=00 irr=00 | 0F AC D9 08 64 F6 05 1C 00 00 00 01 0F 84 84 00 | eax=81514470 ebx=00000A80 ecx=18CC4035 edx=BFF656D3 esi=0000013F edi=15872A28 esp=80182A28
HEARTBEAT [D000:00001184] cpl=3 pm=1 v86=1 if=1 pic imr=A8 isr=00 irr=00 | 86 C4 EE 30 DA 88 E0 EE AD 30 DA 86 C4 EE 30 DA | eax=15874954 ebx=0000FF08 ecx=00000066 edx=00000308 esi=000209AC edi=00020010 esp=00000294
HEARTBEAT [D000:000012CC] cpl=3 pm=1 v86=1 if=1 pic imr=A8 isr=00 irr=00 | B2 07 30 F6 8A 45 14 3C 08 72 21 89 D3 3C 0A 76 | eax=00000880 ebx=0000FF08 ecx=00000E5F edx=C1350307 esi=C0FD0000 edi=C0FD0010 esp=00000296
HEARTBEAT [0028:C0025ADE] cpl=0 pm=1 v86=0 if=1 pic imr=A8 isr=00 irr=00 | B9 0C 00 00 00 E8 A3 F3 FF FF 0B DB 74 34 8B 13 | eax=00000202 ebx=00000002 ecx=000000F8 edx=00000000 esi=000000FC edi=C0EDCB68 esp=C0EDCB38
HEARTBEAT [0028:C0220CBE] cpl=0 pm=1 v86=0 if=1 pic imr=A8 isr=00 irr=00 | 49 75 F8 8B D0 C1 EA 10 5E C9 C3 00 00 00 00 00 | eax=02C719C3 ebx=00000000 ecx=0000034A edx=C115F9F8 esi=C1163A88 edi=00012000 esp=C0EE0DB4
HEARTBEAT [0028:C0256432] cpl=0 pm=1 v86=0 if=1 pic imr=A8 isr=00 irr=00 | AC 0F A3 03 72 06 8A E0 AC 49 E3 34 2B D2 66 3B | eax=00000000 ebx=C113D780 ecx=00000006 edx=C113D7AC esi=C0FFC2C4 edi=C0FFC2AE esp=C0EDCB54
HEARTBEAT [0028:C00031BD] cpl=0 pm=1 v86=0 if=0 pic imr=A8 isr=00 irr=00 | 75 04 85 D2 75 0E 81 7F 3C 00 00 10 00 73 1C 83 | eax=C00106D4 ebx=C15200E8 ecx=800000E2 edx=00000000 esi=00000000 edi=C0FFF900 esp=C0EDCE8C
HEARTBEAT [15EF:00008732] cpl=3 pm=1 v86=0 if=1 pic imr=A8 isr=00 irr=00 | 73 C8 B3 11 81 C6 E0 FF 81 C7 80 FF E2 BA CB 01 | eax=02F700FF ebx=0000F888 ecx=15F60008 edx=0000C783 esi=0000009F edi=00000A17 esp=000086F4
HEARTBEAT [D000:00000FE5] cpl=3 pm=1 v86=1 if=1 pic imr=A8 isr=00 irr=00 | 30 DA AA EC 30 DA AA EC 30 DA AA EC 30 DA AA EC | eax=0000006F ebx=0000FF08 ecx=00000005 edx=C1350308 esi=C1000010 edi=C1000F61 esp=00000296
HEARTBEAT [D000:00000C86] cpl=3 pm=1 v86=1 if=1 pic imr=A8 isr=00 irr=00 | 3A 0E 09 00 74 09 88 0E 09 00 80 2E 08 00 01 C3 | eax=00000880 ebx=0000FF08 ecx=00000F5E edx=00000307 esi=00000000 edi=00000010 esp=00000296
HEARTBEAT [0028:C0256490] cpl=0 pm=1 v86=0 if=1 pic imr=A8 isr=00 irr=00 | 66 8B 04 42 66 AB 66 83 F8 5F 74 05 E2 92 5A 5A | eax=00000044 ebx=C113D780 ecx=00000003 edx=C113D7AC esi=C0FFC2CB edi=C0FFC2BA esp=C0EEAC30
HEARTBEAT [0028:C0225F07] cpl=0 pm=1 v86=0 if=1 pic imr=A8 isr=00 irr=00 | 8B 45 F8 8B 40 08 89 45 F8 E9 D1 FF FF FF E9 7F | eax=C111E1BC ebx=00000000 ecx=C0FFC768 edx=C10012C4 esi=0075F78E edi=00000009 esp=C0EEAE18
HEARTBEAT [D000:00001039] cpl=3 pm=1 v86=1 if=1 pic imr=A8 isr=00 irr=00 | 30 DA AA EC 30 DA AA EC 30 DA AA EC 30 DA AA EC | eax=0000006C ebx=8152FF08 ecx=C0FF001F edx=7FEB0300 esi=81510010 edi=7FEB0C36 esp=00000296
HEARTBEAT [D000:00000FE5] cpl=3 pm=1 v86=1 if=1 pic imr=A8 isr=00 irr=00 | 30 DA AA EC 30 DA AA EC 30 DA AA EC 30 DA AA EC | eax=0000000D ebx=81C0FF08 ecx=00000015 edx=BFF90308 esi=00000010 edi=34380D61 esp=00000296
HEARTBEAT [0028:C0003745] cpl=0 pm=1 v86=0 if=1 pic imr=A8 isr=00 irr=00 | F3 A5 8D B5 8C 00 00 00 B9 09 00 00 00 F3 A5 FC | eax=00023202 ebx=C15200E8 ecx=00000012 edx=C0FCEDF0 esi=C0EDAFD8 edi=C0EDAFFC esp=C0EDAA28
HEARTBEAT [0028:C002DCFA] cpl=0 pm=1 v86=0 if=1 pic imr=A8 isr=00 irr=00 | 5A 85 C0 0F 84 85 00 00 00 EB 61 8D 46 24 8D 4E | eax=00000000 ebx=C1612A80 ecx=C0FFC2C2 edx=00000008 esi=C0FFC244 edi=C0022AAA esp=C0EE8CAC
HEARTBEAT [0028:C002798B] cpl=0 pm=1 v86=0 if=1 pic imr=A8 isr=00 irr=00 | FF 05 6C 04 03 C0 A1 6C 04 03 C0 89 44 3A 08 83 | eax=000138C6 ebx=00020035 ecx=8B9484B2 edx=00001D64 esi=C0FFC244 edi=C113E324 esp=C0EE8CA4
HEARTBEAT [2837:0000388E] cpl=3 pm=1 v86=0 if=1 pic imr=A8 isr=00 irr=00 | 8A 46 FB 98 3D 3D 00 0F 84 BF 02 77 1C 3C 20 0F | eax=25DFC82A ebx=06EF0029 ecx=0000C584 edx=000025DF esi=00009B40 edi=0000C564 esp=0063724E
HEARTBEAT [D000:00001041] cpl=3 pm=1 v86=1 if=1 pic imr=A8 isr=00 irr=00 | 30 DA AA EC 30 DA AA EC 30 DA AA EC 30 DA AA EC | eax=80140020 ebx=0000FF08 ecx=81FF0040 edx=00000300 esi=81FF0010 edi=00000818 esp=00000296
HEARTBEAT [0028:C0009AF9] cpl=0 pm=1 v86=0 if=0 pic imr=A8 isr=00 irr=00 | BE 98 0C 01 C0 8B 7E 04 8B D7 8B 4F 3C 8B 52 04 | eax=FFF00000 ebx=C15200E8 ecx=0000003B edx=00000208 esi=00009740 edi=C1001490 esp=C0EEAE6C
HEARTBEAT [0028:C025649A] cpl=0 pm=1 v86=0 if=1 pic imr=A8 isr=00 irr=00 | 74 05 E2 92 5A 5A C3 83 3C 24 5F 74 F5 83 4C 24 | eax=0000004C ebx=C113D780 ecx=00000001 edx=C113D7AC esi=C0FFC2CD edi=C0FFC2C0 esp=C0EE8C94
HEARTBEAT [D000:00000FE5] cpl=3 pm=1 v86=1 if=1 pic imr=A8 isr=00 irr=00 | 30 DA AA EC 30 DA AA EC 30 DA AA EC 30 DA AA EC | eax=00000004 ebx=0000FF08 ecx=00000008 edx=C1350308 esi=C0FF0010 edi=C0FF0F01 esp=00000296
HEARTBEAT [0028:C0030079] cpl=0 pm=1 v86=0 if=1 pic imr=A8 isr=00 irr=00 | 08 46 32 0A D2 74 0B 51 57 E8 51 00 00 00 5F 59 | eax=00000004 ebx=00000002 ecx=00000000 edx=C15D8400 esi=C15E7B40 edi=C15D8600 esp=C0EE8CBC
HEARTBEAT [0028:C0027A4D] cpl=0 pm=1 v86=0 if=1 pic imr=A8 isr=00 irr=00 | C1 E9 08 33 0C 85 78 04 03 C0 66 83 3E 00 75 DB | eax=0000008A ebx=00000008 ecx=DE022ACF edx=C0323252 esi=C0FFC2D2 edi=C0323204 esp=C0EEACB8
HEARTBEAT [D000:00001039] cpl=3 pm=1 v86=1 if=1 pic imr=A8 isr=00 irr=00 | 30 DA AA EC 30 DA AA EC 30 DA AA EC 30 DA AA EC | eax=80140075 ebx=0000FF08 ecx=81FF001E edx=00000300 esi=81FF0010 edi=00000C56 esp=00000296
HEARTBEAT [FFFF:000020C1] cpl=3 pm=1 v86=1 if=1 pic imr=A8 isr=00 irr=00 | 75 03 E9 87 00 80 FC 4A 75 03 E9 0B 02 CF 50 8C | eax=00001607 ebx=C0FD0018 ecx=00000000 edx=13440010 esi=00000097 edi=000015A6 esp=0000023A
HEARTBEAT [0028:C00036E4] cpl=0 pm=1 v86=0 if=1 pic imr=A8 isr=00 irr=00 | FD 8D 75 68 8D 7E 24 B9 12 00 00 00 F3 A5 8D B5 | eax=00000246 ebx=C15200E8 ecx=FCB22FF7 edx=00001862 esi=C0FCE5DC edi=C159F068 esp=C13A1D8C
HEARTBEAT [0028:C02560BA] cpl=0 pm=1 v86=0 if=1 pic imr=A8 isr=00 irr=00 | 8D 73 10 8B FA 66 83 7E FE 2E 74 04 B0 2E 66 AB | eax=00000020 ebx=C0FFC2AA ecx=00000003 edx=C0FFC2CE esi=C0FFC2B6 edi=C0FFC2BC esp=C0EE8C78
HEARTBEAT [0028:C0256486] cpl=0 pm=1 v86=0 if=1 pic imr=A8 isr=00 irr=00 | 8B 54 1A 28 D1 EA 8D 54 1A 20 66 8B 04 42 66 AB | eax=00000045 ebx=C113D780 ecx=00000005 edx=00000000 esi=C0FFC2C6 edi=C0FFC2B0 esp=C0EE8C68
HEARTBEAT [0028:C002D306] cpl=0 pm=1 v86=0 if=1 pic imr=A8 isr=00 irr=00 | D0 C8 02 06 46 FE CC 75 F7 C3 8B 75 6C 85 F6 74 | eax=000002DC ebx=C1610600 ecx=00000000 edx=C1610800 esi=C1610609 edi=C0FFC2C2 esp=C0EE8C94
HEARTBEAT [0028:C00020CA] cpl=0 pm=1 v86=0 if=1 pic imr=A8 isr=00 irr=00 | FF 24 BD 28 CF 00 C0 FB 66 8E 65 28 8B 75 24 89 | eax=00631AE6 ebx=C15200E8 ecx=000000E4 edx=00634240 esi=000FECAC edi=000000E4 esp=C0EE89F0
HEARTBEAT [0028:C0036E8E] cpl=0 pm=1 v86=0 if=1 pic imr=A8 isr=00 irr=00 | BE 54 79 03 C0 66 8B CA 66 83 F9 0F 76 0B 66 81 | eax=00631AE6 ebx=C15200E8 ecx=00000000 edx=00000000 esi=000FECAC edi=00000000 esp=C0EE89E8
HEARTBEAT [0028:C0037170] cpl=0 pm=1 v86=0 if=1 pic imr=A8 isr=00 irr=00 | 80 37 01 8B 04 02 0F A3 0E 73 02 D1 E8 C3 FF 15 | eax=00000001 ebx=C15200E8 ecx=00000000 edx=C00377D4 esi=C0037954 edi=C159F9AC esp=C0EE89EC
HEARTBEAT [0028:C000324D] cpl=0 pm=1 v86=0 if=0 pic imr=A8 isr=00 irr=00 | EB F0 C3 85 F6 74 05 85 70 08 74 F2 F7 40 08 00 | eax=C0FCEB10 ebx=C15200E8 ecx=800002C3 edx=C0FCEB10 esi=00000000 edi=C0FFE374 esp=C0EE89E0
HEARTBEAT [0028:C003710B] cpl=0 pm=1 v86=0 if=1 pic imr=A8 isr=00 irr=00 | 76 06 CD 20 94 80 01 00 72 1F E8 74 FD FF FF E8 | eax=00631A1A ebx=C15200E8 ecx=00000000 edx=00000000 esi=000FECB4 edi=00000000 esp=C0EE89EC
HEARTBEAT [F000:0000ECAC] cpl=3 pm=1 v86=1 if=0 pic imr=A8 isr=00 irr=00 | E4 00 24 FE 3A E0 8A E0 E4 00 74 F4 9D E2 EF 58 | eax=00631AE6 ebx=00000001 ecx=C0FF102E edx=00634240 esi=00630001 edi=00630000 esp=00000268
HEARTBEAT [0028:C0003244] cpl=0 pm=1 v86=0 if=0 pic imr=A8 isr=00 irr=00 | 74 09 85 48 08 74 05 8B D0 EB F0 C3 85 F6 74 05 | eax=00000000 ebx=C15200E8 ecx=800002C3 edx=C0FCEB10 esi=00000000 edi=C0FFE374 esp=C0EE89E0
HEARTBEAT [0028:C0003244] cpl=0 pm=1 v86=0 if=0 pic imr=A8 isr=00 irr=00 | 74 09 85 48 08 74 05 8B D0 EB F0 C3 85 F6 74 05 | eax=C0FCEB10 ebx=C15200E8 ecx=800002C3 edx=C0FCEAA0 esi=00000000 edi=C0FFE374 esp=C0EE89E0
HEARTBEAT [0028:C00372BC] cpl=0 pm=1 v86=0 if=0 pic imr=A8 isr=00 irr=00 | 9D 50 BE 54 79 03 C0 E8 69 F4 FF FF 58 8A C4 BE | eax=00000000 ebx=C15200E8 ecx=00000000 edx=00000000 esi=000FECAC edi=00000000 esp=C0EE89C0
HEARTBEAT [0028:C003658F] cpl=0 pm=1 v86=0 if=1 pic imr=A8 isr=00 irr=00 | 0F A3 4E 05 72 71 E8 88 F6 FF FF 8B F8 E8 23 FA | eax=00631AE6 ebx=C15200E8 ecx=00000000 edx=00000001 esi=C0037954 edi=C159F9AC esp=C0EE89E0
HEARTBEAT [0028:C00020C7] cpl=0 pm=1 v86=0 if=1 pic imr=A8 isr=00 irr=00 | 0F B6 F9 FF 24 BD 28 CF 00 C0 FB 66 8E 65 28 8B | eax=00631A1A ebx=C15200E8 ecx=000000E4 edx=00634240 esi=000FECB4 edi=C0FFE374 esp=C0EE89F0
HEARTBEAT [0028:C00372BC] cpl=0 pm=1 v86=0 if=0 pic imr=A8 isr=00 irr=00 | 9D 50 BE 54 79 03 C0 E8 69 F4 FF FF 58 8A C4 BE | eax=00000000 ebx=C15200E8 ecx=00000000 edx=00000000 esi=000FECAC edi=00000000 esp=C0EE89C0
HEARTBEAT [0028:C0035C7E] cpl=0 pm=1 v86=0 if=0 pic imr=A8 isr=00 irr=00 | 0A C8 88 0D 58 79 03 C0 B0 00 08 05 61 7A 03 C0 | eax=00631A00 ebx=C15200E8 ecx=00000001 edx=00000000 esi=000FECAC edi=00000000 esp=C0EE89B8
HEARTBEAT [0028:C0035C36] cpl=0 pm=1 v86=0 if=1 pic imr=A8 isr=00 irr=00 | C3 50 51 52 81 78 24 00 00 0A 00 73 24 8B 50 2C | eax=C00377B4 ebx=C15200E8 ecx=00000000 edx=00000001 esi=C0037954 edi=C159F9AC esp=C0EE89E8
HEARTBEAT [0028:C0036EA9] cpl=0 pm=1 v86=0 if=1 pic imr=A8 isr=00 irr=00 | 80 F9 04 72 02 33 C9 C3 8B 3D B0 77 03 C0 8D 7C | eax=00631AE6 ebx=C15200E8 ecx=00000000 edx=00000000 esi=C0037954 edi=00000000 esp=C0EE89E8
HEARTBEAT [0028:C0035C86] cpl=0 pm=1 v86=0 if=0 pic imr=A8 isr=00 irr=00 | B0 00 08 05 61 7A 03 C0 8A 0D 60 79 03 C0 80 E1 | eax=00631A00 ebx=C15200E8 ecx=00000001 edx=00000000 esi=000FECB4 edi=00000000 esp=C0EE89B8
HEARTBEAT [0028:C0003249] cpl=0 pm=1 v86=0 if=0 pic imr=A8 isr=00 irr=00 | 74 05 8B D0 EB F0 C3 85 F6 74 05 85 70 08 74 F2 | eax=C0FCEABC ebx=C15200E8 ecx=800002C3 edx=C10CD748 esi=00000000 edi=C0FFE374 esp=C0EE89E0
*** 1 repeats ***
HEARTBEAT [0028:C0003242] cpl=0 pm=1 v86=0 if=0 pic imr=A8 isr=00 irr=00 | 85 C0 74 09 85 48 08 74 05 8B D0 EB F0 C3 85 F6 | eax=C0FCEAA0 ebx=C15200E8 ecx=800002C3 edx=C0FCEF18 esi=00000000 edi=C0FFE374 esp=C0EE89E0
HEARTBEAT [0028:C003658F] cpl=0 pm=1 v86=0 if=1 pic imr=A8 isr=00 irr=00 | 0F A3 4E 05 72 71 E8 88 F6 FF FF 8B F8 E8 23 FA | eax=00631AE6 ebx=C15200E8 ecx=00000000 edx=00000001 esi=C0037954 edi=C159F9AC esp=C0EE89E0
HEARTBEAT [0028:C0036EA7] cpl=0 pm=1 v86=0 if=1 pic imr=A8 isr=00 irr=00 | D0 E9 80 F9 04 72 02 33 C9 C3 8B 3D B0 77 03 C0 | eax=00631AE6 ebx=C15200E8 ecx=00000000 edx=00000000 esi=C0037954 edi=00000000 esp=C0EE89E8
HEARTBEAT [0028:C000132B] cpl=0 pm=1 v86=0 if=0 pic imr=A8 isr=00 irr=00 | 08 47 03 F6 03 20 75 79 3D 43 66 22 00 87 67 4C | eax=00000000 ebx=C15200E8 ecx=00000000 edx=C0FCEE84 esi=C0037954 edi=C0FFE374 esp=C0EE89F4
HEARTBEAT [0028:C003715E] cpl=0 pm=1 v86=0 if=1 pic imr=A8 isr=00 irr=00 | 74 0A BA 03 00 00 00 E8 10 01 00 00 8D 50 20 0F | eax=C00377B4 ebx=C15200E8 ecx=00000000 edx=00000001 esi=C0037954 edi=C159F9AC esp=C0EE89EC
HEARTBEAT [0028:C0035C86] cpl=0 pm=1 v86=0 if=0 pic imr=A8 isr=00 irr=00 | B0 00 08 05 61 7A 03 C0 8A 0D 60 79 03 C0 80 E1 | eax=00631A00 ebx=C15200E8 ecx=00000001 edx=00000000 esi=000FECB4 edi=00000000 esp=C0EE89B8
HEARTBEAT [0028:C0001321] cpl=0 pm=1 v86=0 if=0 pic imr=A8 isr=00 irr=00 | D0 E0 22 47 73 24 40 C0 E8 03 08 47 03 F6 03 20 | eax=000000FF ebx=C15200E8 ecx=00000000 edx=C0FCEE84 esi=C0037954 edi=C0FFE374 esp=C0EE89F4
HEARTBEAT [0028:C0037179] cpl=0 pm=1 v86=0 if=1 pic imr=A8 isr=00 irr=00 | 73 02 D1 E8 C3 FF 15 4C 7A 03 C0 83 F9 04 76 06 | eax=1A0000E6 ebx=C15200E8 ecx=00000000 edx=C00377D4 esi=C0037954 edi=C159F9AC esp=C0EE89EC
HEARTBEAT [0028:C0003249] cpl=0 pm=1 v86=0 if=0 pic imr=A8 isr=00 irr=00 | 74 05 8B D0 EB F0 C3 85 F6 74 05 85 70 08 74 F2 | eax=C0FCEAA0 ebx=C15200E8 ecx=800002C3 edx=C0FCEF18 esi=00000000 edi=C0FFE374 esp=C0EE89E0
HEARTBEAT [0028:C0035C8E] cpl=0 pm=1 v86=0 if=0 pic imr=A8 isr=00 irr=00 | 8A 0D 60 79 03 C0 80 E1 0F 0A C8 88 0D 60 79 03 | eax=00631A00 ebx=C15200E8 ecx=00000001 edx=00000000 esi=000FECAC edi=00000000 esp=C0EE89B8
HEARTBEAT [0028:C0003DDB] cpl=0 pm=1 v86=0 if=1 pic imr=A8 isr=00 irr=00 | EB C9 2E 8B C0 FF 45 24 0F B7 D2 8B FA D0 C2 32 | eax=00631A1A ebx=C15200E8 ecx=000000E4 edx=00000000 esi=000FECB4 edi=000000E4 esp=C0EE89F0
HEARTBEAT [0028:C0037148] cpl=0 pm=1 v86=0 if=1 pic imr=A8 isr=00 irr=00 | 75 09 53 57 E8 38 F4 FF FF 5F 5B E8 CA EA FF FF | eax=00631AE6 ebx=C15200E8 ecx=00000000 edx=00000001 esi=C0037954 edi=C159F9AC esp=C0EE89EC
HEARTBEAT [0028:C003717D] cpl=0 pm=1 v86=0 if=1 pic imr=A8 isr=00 irr=00 | C3 FF 15 4C 7A 03 C0 83 F9 04 76 06 CD 20 94 80 | eax=1A0000E6 ebx=C15200E8 ecx=00000000 edx=C00377D4 esi=C0037954 edi=C159F9AC esp=C0EE89EC
HEARTBEAT [0028:C0003242] cpl=0 pm=1 v86=0 if=0 pic imr=A8 isr=00 irr=00 | 85 C0 74 09 85 48 08 74 05 8B D0 EB F0 C3 85 F6 | eax=00000000 ebx=C15200E8 ecx=800002C3 edx=C0FCEB10 esi=00000000 edi=C0FFE374 esp=C0EE89E0
HEARTBEAT [0028:C00012B0] cpl=0 pm=1 v86=0 if=0 pic imr=A8 isr=00 irr=00 | 60 BE 34 00 00 00 EB 08 60 BE 38 00 00 00 8B F6 | eax=00631AE6 ebx=00000001 ecx=C0FF102E edx=00634240 esi=00630001 edi=00630000 esp=C0EE8F90
HEARTBEAT [0028:C0035CA6] cpl=0 pm=1 v86=0 if=0 pic imr=A8 isr=00 irr=00 | 59 C3 B8 00 04 00 00 F8 C3 A1 48 7A 03 C0 C3 E8 | eax=00000000 ebx=C15200E8 ecx=00000000 edx=00000000 esi=000FECB4 edi=00000000 esp=C0EE89B8
HEARTBEAT [0028:C0036774] cpl=0 pm=1 v86=0 if=1 pic imr=A8 isr=00 irr=00 | C3 CD 20 12 80 04 00 8B 08 FF 15 D8 76 03 C0 F6 | eax=00000000 ebx=C15200E8 ecx=00000000 edx=00000000 esi=C0037954 edi=00000000 esp=C0EE89BC
HEARTBEAT [0028:C000317F] cpl=0 pm=1 v86=0 if=0 pic imr=A8 isr=00 irr=00 | 33 C0 56 33 F6 8B 6B 08 39 05 F4 E9 00 C0 75 ED | eax=00000000 ebx=C15200E8 ecx=00000000 edx=C00377D4 esi=C0037954 edi=C0FFE374 esp=C0EE89F0
HEARTBEAT [0028:C000324B] cpl=0 pm=1 v86=0 if=0 pic imr=A8 isr=00 irr=00 | 8B D0 EB F0 C3 85 F6 74 05 85 70 08 74 F2 F7 40 | eax=C0FCEF34 ebx=C15200E8 ecx=800002C3 edx=C10CD720 esi=00000000 edi=C0FFE374 esp=C0EE89E0
HEARTBEAT [0028:C0003DB4] cpl=0 pm=1 v86=0 if=1 pic imr=A8 isr=00 irr=00 | 87 D7 66 39 14 7D 40 EA 00 C0 75 0D 33 C9 FF 14 | eax=00631A1A ebx=C15200E8 ecx=000000E4 edx=00000000 esi=000FECB4 edi=00000000 esp=C0EE89F0
HEARTBEAT [0028:C0037102] cpl=0 pm=1 v86=0 if=1 pic imr=A8 isr=00 irr=00 | FF 15 4C 7A 03 C0 83 F9 04 76 06 CD 20 94 80 01 | eax=00631AE6 ebx=C15200E8 ecx=00000000 edx=00000000 esi=000FECAC edi=00000000 esp=C0EE89EC
HEARTBEAT [0028:C00372B0] cpl=0 pm=1 v86=0 if=0 pic imr=A8 isr=00 irr=00 | 86 05 60 7A 03 C0 86 25 61 7A 03 C0 9D 50 BE 54 | eax=00000000 ebx=C15200E8 ecx=00000000 edx=00000000 esi=000FECB4 edi=00000000 esp=C0EE89C0
HEARTBEAT [0028:C0003231] cpl=0 pm=1 v86=0 if=0 pic imr=A8 isr=00 irr=00 | 5D 59 5E C3 8B D5 8B 42 FC EB F5 8D 50 04 8B 42 | eax=00000000 ebx=C15200E8 ecx=800002C3 edx=C0FCEE84 esi=00000000 edi=C0FFE374 esp=C0EE89E4
HEARTBEAT [0028:C0003221] cpl=0 pm=1 v86=0 if=0 pic imr=A8 isr=00 irr=00 | 74 08 8B 47 6C E8 11 00 00 00 85 ED 75 06 33 C0 | eax=00000000 ebx=C15200E8 ecx=800002C3 edx=C0FCEE84 esi=00000000 edi=C0FFE374 esp=C0EE89E4
HEARTBEAT [0028:C0037102] cpl=0 pm=1 v86=0 if=1 pic imr=A8 isr=00 irr=00 | FF 15 4C 7A 03 C0 83 F9 04 76 06 CD 20 94 80 01 | eax=00631A1A ebx=C15200E8 ecx=00000000 edx=00000000 esi=000FECB4 edi=00000000 esp=C0EE89EC
HEARTBEAT [0028:C00372B6] cpl=0 pm=1 v86=0 if=0 pic imr=A8 isr=00 irr=00 | 86 25 61 7A 03 C0 9D 50 BE 54 79 03 C0 E8 69 F4 | eax=00000000 ebx=C15200E8 ecx=00000000 edx=00000000 esi=000FECB4 edi=00000000 esp=C0EE89C0
HEARTBEAT [F000:0000ECB6] cpl=3 pm=1 v86=1 if=0 pic imr=A8 isr=00 irr=00 | 74 F4 9D E2 EF 58 C3 8A C6 E8 95 0C 8A C2 E8 90 | eax=00631AE6 ebx=00000001 ecx=C0FF102E edx=00634240 esi=00630001 edi=00630000 esp=00000268
HEARTBEAT [F000:0000ECAE] cpl=3 pm=1 v86=1 if=0 pic imr=A8 isr=00 irr=00 | 24 FE 3A E0 8A E0 E4 00 74 F4 9D E2 EF 58 C3 8A | eax=00631A1A ebx=00000001 ecx=C0FF102E edx=00634240 esi=00630001 edi=00630000 esp=00000268
HEARTBEAT [0028:C00372C9] cpl=0 pm=1 v86=0 if=1 pic imr=A8 isr=00 irr=00 | 8A C4 BE 5C 79 03 C0 E8 5C F4 FF FF 61 9D C3 0C | eax=00000000 ebx=C15200E8 ecx=00000000 edx=00000000 esi=C0037954 edi=00000000 esp=C0EE89C4
HEARTBEAT [0028:C0036EA7] cpl=0 pm=1 v86=0 if=1 pic imr=A8 isr=00 irr=00 | D0 E9 80 F9 04 72 02 33 C9 C3 8B 3D B0 77 03 C0 | eax=00631A1A ebx=C15200E8 ecx=00000000 edx=00000000 esi=C0037954 edi=00000000 esp=C0EE89E8
HEARTBEAT [0028:C0036EA7] cpl=0 pm=1 v86=0 if=1 pic imr=A8 isr=00 irr=00 | D0 E9 80 F9 04 72 02 33 C9 C3 8B 3D B0 77 03 C0 | eax=00631AE6 ebx=C15200E8 ecx=00000000 edx=00000000 esi=C0037954 edi=00000000 esp=C0EE89E8
HEARTBEAT [0028:C0003DBE] cpl=0 pm=1 v86=0 if=1 pic imr=A8 isr=00 irr=00 | 75 0D 33 C9 FF 14 BD 70 ED 00 C0 88 45 1C C3 68 | eax=00631A1A ebx=C15200E8 ecx=000000E4 edx=00000000 esi=000FECB4 edi=00000000 esp=C0EE89F0
HEARTBEAT [0028:C0035C6F] cpl=0 pm=1 v86=0 if=0 pic imr=A8 isr=00 irr=00 | 08 05 60 7A 03 C0 8A 0D 58 79 03 C0 80 E1 0F 0A | eax=00631A00 ebx=C15200E8 ecx=00000000 edx=00000000 esi=000FECB4 edi=00000000 esp=C0EE89B8
HEARTBEAT [0028:C000323F] cpl=0 pm=1 v86=0 if=0 pic imr=A8 isr=00 irr=00 | 8B 42 FC 85 C0 74 09 85 48 08 74 05 8B D0 EB F0 | eax=C0FCEAA0 ebx=C15200E8 ecx=800002C3 edx=C0FCEAA0 esi=00000000 edi=C0FFE374 esp=C0EE89E0
HEARTBEAT [0028:C00012B0] cpl=0 pm=1 v86=0 if=0 pic imr=A8 isr=00 irr=00 | 60 BE 34 00 00 00 EB 08 60 BE 38 00 00 00 8B F6 | eax=00631AE6 ebx=00000001 ecx=C0FF102E edx=00634240 esi=00630001 edi=00630000 esp=C0EE8F90
HEARTBEAT [F000:0000ECB4] cpl=3 pm=1 v86=1 if=0 pic imr=A8 isr=00 irr=00 | E4 00 74 F4 9D E2 EF 58 C3 8A C6 E8 95 0C 8A C2 | eax=00631A1A ebx=00000001 ecx=C0FF102E edx=00634240 esi=00630001 edi=00630000 esp=00000268
HEARTBEAT [0028:C00372D6] cpl=0 pm=1 v86=0 if=1 pic imr=A8 isr=00 irr=00 | 9D C3 0C 70 E6 18 EB 00 E4 1A 88 46 31 51 8A C8 | eax=00631AE6 ebx=C15200E8 ecx=00000000 edx=00000000 esi=000FECAC edi=00000000 esp=C0EE89E4
HEARTBEAT [0028:C0036734] cpl=0 pm=1 v86=0 if=1 pic imr=A8 isr=00 irr=00 | 74 3E 0F B6 C0 0F BC C8 74 36 0F B3 C8 50 E8 DB | eax=00000000 ebx=C15200E8 ecx=00000000 edx=00000000 esi=C0037954 edi=00000000 esp=C0EE89BC
HEARTBEAT [0028:C0003244] cpl=0 pm=1 v86=0 if=0 pic imr=A8 isr=00 irr=00 | 74 09 85 48 08 74 05 8B D0 EB F0 C3 85 F6 74 05 | eax=00000000 ebx=C15200E8 ecx=800002C3 edx=C0FCEB10 esi=00000000 edi=C0FFE374 esp=C0EE89E0
HEARTBEAT [0028:C0003249] cpl=0 pm=1 v86=0 if=0 pic imr=A8 isr=00 irr=00 | 74 05 8B D0 EB F0 C3 85 F6 74 05 85 70 08 74 F2 | eax=C0FCEE84 ebx=C15200E8 ecx=800002C3 edx=C0FCEB48 esi=00000000 edi=C0FFE374 esp=C0EE89E0
HEARTBEAT [0028:C0036E9A] cpl=0 pm=1 v86=0 if=1 pic imr=A8 isr=00 irr=00 | 76 0B 66 81 E9 C0 00 66 D1 E9 83 C6 08 D0 E9 80 | eax=00631A1A ebx=C15200E8 ecx=00000000 edx=00000000 esi=C0037954 edi=00000000 esp=C0EE89E8
HEARTBEAT [0028:C000134D] cpl=0 pm=1 v86=0 if=0 pic imr=A8 isr=00 irr=00 | 83 C4 04 CF 2E 8B C0 E8 26 1E 00 00 74 C1 68 00 | eax=00631A1A ebx=00000001 ecx=C0FF102E edx=00634240 esi=00630001 edi=00630000 esp=C0EE8F90
HEARTBEAT [0028:C00372B0] cpl=0 pm=1 v86=0 if=0 pic imr=A8 isr=00 irr=00 | 86 05 60 7A 03 C0 86 25 61 7A 03 C0 9D 50 BE 54 | eax=00000000 ebx=C15200E8 ecx=00000000 edx=00000000 esi=000FECB4 edi=00000000 esp=C0EE89C0
HEARTBEAT [0028:C00372D6] cpl=0 pm=1 v86=0 if=1 pic imr=A8 isr=00 irr=00 | 9D C3 0C 70 E6 18 EB 00 E4 1A 88 46 31 51 8A C8 | eax=00631AE6 ebx=C15200E8 ecx=00000000 edx=00000000 esi=000FECAC edi=00000000 esp=C0EE89E4
HEARTBEAT [0028:C000322D] cpl=0 pm=1 v86=0 if=0 pic imr=A8 isr=00 irr=00 | 75 06 33 C0 5D 59 5E C3 8B D5 8B 42 FC EB F5 8D | eax=00000000 ebx=C15200E8 ecx=800002C3 edx=C0FCEE84 esi=00000000 edi=C0FFE374 esp=C0EE89E4
HEARTBEAT [0028:C0003184] cpl=0 pm=1 v86=0 if=0 pic imr=A8 isr=00 irr=00 | 8B 6B 08 39 05 F4 E9 00 C0 75 ED 51 B9 E3 02 00 | eax=00000000 ebx=C15200E8 ecx=00000000 edx=C00377D4 esi=00000000 edi=C0FFE374 esp=C0EE89EC
HEARTBEAT [0028:C0037148] cpl=0 pm=1 v86=0 if=1 pic imr=A8 isr=00 irr=00 | 75 09 53 57 E8 38 F4 FF FF 5F 5B E8 CA EA FF FF | eax=00631A1A ebx=C15200E8 ecx=00000000 edx=00000001 esi=C0037954 edi=C159F9AC esp=C0EE89EC
HEARTBEAT [0028:C00031B0] cpl=0 pm=1 v86=0 if=0 pic imr=A8 isr=00 irr=00 | 85 D2 75 1D 8B 50 30 3B 1D 20 07 01 C0 75 04 85 | eax=C00106D4 ebx=C15200E8 ecx=800002E3 edx=C0FFE374 esi=00000000 edi=C0FFE374 esp=C0EE89E8
HEARTBEAT [0028:C0003221] cpl=0 pm=1 v86=0 if=0 pic imr=A8 isr=00 irr=00 | 74 08 8B 47 6C E8 11 00 00 00 85 ED 75 06 33 C0 | eax=00000000 ebx=C15200E8 ecx=800002C3 edx=C0FCEE84 esi=00000000 edi=C0FFE374 esp=C0EE89E4
HEARTBEAT [0028:C0036E8E] cpl=0 pm=1 v86=0 if=1 pic imr=A8 isr=00 irr=00 | BE 54 79 03 C0 66 8B CA 66 83 F9 0F 76 0B 66 81 | eax=00631AE6 ebx=C15200E8 ecx=00000000 edx=00000000 esi=000FECAC edi=00000000 esp=C0EE89E8
HEARTBEAT [0028:C0035C8E] cpl=0 pm=1 v86=0 if=0 pic imr=A8 isr=00 irr=00 | 8A 0D 60 79 03 C0 80 E1 0F 0A C8 88 0D 60 79 03 | eax=00000000 ebx=C15200E8 ecx=00001C01 edx=0000045D esi=C00355D4 edi=00004000 esp=C0EE899C
HEARTBEAT [0028:C000132B] cpl=0 pm=1 v86=0 if=0 pic imr=A8 isr=00 irr=00 | 08 47 03 F6 03 20 75 79 3D 43 66 22 00 87 67 4C | eax=00000000 ebx=C15200E8 ecx=00000000 edx=C0FCEE84 esi=C0037954 edi=C0FFE374 esp=C0EE89F4
HEARTBEAT [0028:C0035C94] cpl=0 pm=1 v86=0 if=0 pic imr=A8 isr=00 irr=00 | 80 E1 0F 0A C8 88 0D 60 79 03 C0 0F B7 05 60 7A | eax=00631A00 ebx=C15200E8 ecx=00000000 edx=00000000 esi=000FECB4 edi=00000000 esp=C0EE89B8
HEARTBEAT [0028:C000324F] cpl=0 pm=1 v86=0 if=0 pic imr=A8 isr=00 irr=00 | C3 85 F6 74 05 85 70 08 74 F2 F7 40 08 00 20 00 | eax=00000000 ebx=C15200E8 ecx=800002C3 edx=C0FCEE84 esi=00000000 edi=C0FFE374 esp=C0EE89E0
HEARTBEAT [0028:C0003249] cpl=0 pm=1 v86=0 if=0 pic imr=A8 isr=00 irr=00 | 74 05 8B D0 EB F0 C3 85 F6 74 05 85 70 08 74 F2 | eax=C0FCEE84 ebx=C15200E8 ecx=800002C3 edx=C0FCEB48 esi=00000000 edi=C0FFE374 esp=C0EE89E0
HEARTBEAT [0028:C0003244] cpl=0 pm=1 v86=0 if=0 pic imr=A8 isr=00 irr=00 | 74 09 85 48 08 74 05 8B D0 EB F0 C3 85 F6 74 05 | eax=00000000 ebx=C15200E8 ecx=800002C3 edx=C0FCEE84 esi=00000000 edi=C0FFE374 esp=C0EE89E0
HEARTBEAT [0028:C000132E] cpl=0 pm=1 v86=0 if=0 pic imr=A8 isr=00 irr=00 | F6 03 20 75 79 3D 43 66 22 00 87 67 4C 8A 44 24 | eax=00000000 ebx=C15200E8 ecx=00000000 edx=C0FCEE84 esi=C0037954 edi=C0FFE374 esp=C0EE89F4
HEARTBEAT [0028:C00012B0] cpl=0 pm=1 v86=0 if=0 pic imr=A8 isr=00 irr=00 | 60 BE 34 00 00 00 EB 08 60 BE 38 00 00 00 8B F6 | eax=00631A1A ebx=00000001 ecx=C0FF102E edx=00634240 esi=00630001 edi=00630000 esp=C0EE8F90
HEARTBEAT [0028:C003715E] cpl=0 pm=1 v86=0 if=1 pic imr=A8 isr=00 irr=00 | 74 0A BA 03 00 00 00 E8 10 01 00 00 8D 50 20 0F | eax=C00377B4 ebx=C15200E8 ecx=00000000 edx=00000001 esi=C0037954 edi=C159F9AC esp=C0EE89EC
HEARTBEAT [0028:C0035C31] cpl=0 pm=1 v86=0 if=1 pic imr=A8 isr=00 irr=00 | 05 B4 77 03 C0 C3 50 51 52 81 78 24 00 00 0A 00 | eax=00000000 ebx=C15200E8 ecx=00000000 edx=00000001 esi=C0037954 edi=C159F9AC esp=C0EE89E8
HEARTBEAT [0028:C00012E9] cpl=0 pm=1 v86=0 if=0 pic imr=A8 isr=00 irr=00 | 68 00 13 00 C0 FF A6 2C F4 00 C0 2E 8B C0 2E 8B | eax=00631A1A ebx=C15200E8 ecx=C0FF102E edx=00634240 esi=00000034 edi=C0FFE374 esp=C0EE89F4
HEARTBEAT [0028:C0003199] cpl=0 pm=1 v86=0 if=0 pic imr=A8 isr=00 irr=00 | 74 0D 80 E5 FD 8A 53 98 D0 D9 80 C2 FF D0 D1 B8 | eax=00000000 ebx=C15200E8 ecx=800002E3 edx=C00377D4 esi=00000000 edi=C0FFE374 esp=C0EE89E8
HEARTBEAT [0028:C0003242] cpl=0 pm=1 v86=0 if=0 pic imr=A8 isr=00 irr=00 | 85 C0 74 09 85 48 08 74 05 8B D0 EB F0 C3 85 F6 | eax=C0FCEE84 ebx=C15200E8 ecx=800002C3 edx=C0FCEB48 esi=00000000 edi=C0FFE374 esp=C0EE89E0
HEARTBEAT [0028:C00372C3] cpl=0 pm=1 v86=0 if=1 pic imr=A8 isr=00 irr=00 | E8 69 F4 FF FF 58 8A C4 BE 5C 79 03 C0 E8 5C F4 | eax=00000000 ebx=C15200E8 ecx=00000000 edx=00000000 esi=C0037954 edi=00000000 esp=C0EE89C0
HEARTBEAT [0028:C000323C] cpl=0 pm=1 v86=0 if=0 pic imr=A8 isr=00 irr=00 | 8D 50 04 8B 42 FC 85 C0 74 09 85 48 08 74 05 8B | eax=C10CD71C ebx=C15200E8 ecx=800002C3 edx=C0FFE374 esi=00000000 edi=C0FFE374 esp=C0EE89E0
HEARTBEAT [0028:C0001338] cpl=0 pm=1 v86=0 if=0 pic imr=A8 isr=00 irr=00 | 87 67 4C 8A 44 24 2D 0C 30 A8 02 75 03 22 43 99 | eax=00000000 ebx=C15200E8 ecx=00000000 edx=C0FCEE84 esi=C0037954 edi=C0FFE374 esp=C0EE89F4
HEARTBEAT [0028:C000318D] cpl=0 pm=1 v86=0 if=0 pic imr=A8 isr=00 irr=00 | 75 ED 51 B9 E3 02 00 80 F6 45 2D 02 74 0D 80 E5 | eax=00000000 ebx=C15200E8 ecx=00000000 edx=C00377D4 esi=00000000 edi=C0FFE374 esp=C0EE89EC
HEARTBEAT [0028:C0003DD4] cpl=0 pm=1 v86=0 if=1 pic imr=A8 isr=00 irr=00 | 83 45 24 02 0F B6 D5 EB C9 2E 8B C0 FF 45 24 0F | eax=00631AE6 ebx=C15200E8 ecx=000000E4 edx=00634240 esi=000FECAC edi=000000E4 esp=C0EE89F0
HEARTBEAT [0028:C00012CB] cpl=0 pm=1 v86=0 if=0 pic imr=A8 isr=00 irr=00 | 0F 84 9F 00 00 00 8E DF 8E C7 8B 3D A8 06 01 C0 | eax=00631A1A ebx=00000001 ecx=C0FF102E edx=00634240 esi=00000034 edi=00630030 esp=C0EE8F70
HEARTBEAT [0028:C0003242] cpl=0 pm=1 v86=0 if=0 pic imr=A8 isr=00 irr=00 | 85 C0 74 09 85 48 08 74 05 8B D0 EB F0 C3 85 F6 | eax=C0FCEAA0 ebx=C15200E8 ecx=800002C3 edx=C0FCEF18 esi=00000000 edi=C0FFE374 esp=C0EE89E0
HEARTBEAT [0028:C00012B0] cpl=0 pm=1 v86=0 if=0 pic imr=A8 isr=00 irr=00 | 60 BE 34 00 00 00 EB 08 60 BE 38 00 00 00 8B F6 | eax=00631A1A ebx=00000001 ecx=C0FF102E edx=00634240 esi=00630001 edi=00630000 esp=C0EE8F90
HEARTBEAT [0028:C0003242] cpl=0 pm=1 v86=0 if=0 pic imr=A8 isr=00 irr=00 | 85 C0 74 09 85 48 08 74 05 8B D0 EB F0 C3 85 F6 | eax=C0FCEABC ebx=C15200E8 ecx=800002C3 edx=C0FCEE68 esi=00000000 edi=C0FFE374 esp=C0EE89E0
HEARTBEAT [0028:C00372D6] cpl=0 pm=1 v86=0 if=1 pic imr=A8 isr=00 irr=00 | 9D C3 0C 70 E6 18 EB 00 E4 1A 88 46 31 51 8A C8 | eax=00631AE6 ebx=C15200E8 ecx=00000000 edx=00000000 esi=000FECAC edi=00000000 esp=C0EE89E4
HEARTBEAT [0028:C003453D] cpl=0 pm=1 v86=0 if=0 pic imr=A9 isr=00 irr=00 | 84 C0 74 18 F6 D0 20 05 9E 48 03 C0 A0 9E 48 03 | eax=C0030001 ebx=C15200E8 ecx=00000000 edx=C00355D4 esi=C00355D4 edi=C1590030 esp=C0EE8980
HEARTBEAT [0028:C00372BC] cpl=0 pm=1 v86=0 if=0 pic imr=A8 isr=00 irr=00 | 9D 50 BE 54 79 03 C0 E8 69 F4 FF FF 58 8A C4 BE | eax=00000000 ebx=C15200E8 ecx=00000000 edx=00000000 esi=000FECB4 edi=00000000 esp=C0EE89C0
HEARTBEAT [0028:C00372C3] cpl=0 pm=1 v86=0 if=1 pic imr=A8 isr=00 irr=00 | E8 69 F4 FF FF 58 8A C4 BE 5C 79 03 C0 E8 5C F4 | eax=00000000 ebx=C15200E8 ecx=00000000 edx=00000000 esi=C0037954 edi=00000000 esp=C0EE89C0
HEARTBEAT [0028:C0035CA6] cpl=0 pm=1 v86=0 if=0 pic imr=A8 isr=00 irr=00 | 59 C3 B8 00 04 00 00 F8 C3 A1 48 7A 03 C0 C3 E8 | eax=00000000 ebx=C15200E8 ecx=00000000 edx=00000000 esi=000FECB4 edi=00000000 esp=C0EE89B8
HEARTBEAT [0028:C003713F] cpl=0 pm=1 v86=0 if=1 pic imr=A8 isr=00 irr=00 | 83 FA 0F 76 01 42 80 3F 00 75 09 53 57 E8 38 F4 | eax=00631AE6 ebx=C15200E8 ecx=00000000 edx=00000001 esi=C0037954 edi=C159F9AC esp=C0EE89EC
HEARTBEAT [0028:C0035C31] cpl=0 pm=1 v86=0 if=1 pic imr=A8 isr=00 irr=00 | 05 B4 77 03 C0 C3 50 51 52 81 78 24 00 00 0A 00 | eax=00000000 ebx=C15200E8 ecx=00000000 edx=00000001 esi=C0037954 edi=C159F9AC esp=C0EE89E8
HEARTBEAT [0028:C00020BF] cpl=0 pm=1 v86=0 if=1 pic imr=A8 isr=00 irr=00 | 89 4F A8 03 F1 66 8B 0E 0F B6 F9 FF 24 BD 28 CF | eax=00631A1A ebx=C15200E8 ecx=0000ECB4 edx=00634240 esi=000F0000 edi=C0FFE374 esp=C0EE89F0
HEARTBEAT [0028:C000133F] cpl=0 pm=1 v86=0 if=0 pic imr=A8 isr=00 irr=00 | 0C 30 A8 02 75 03 22 43 99 88 44 24 2D 61 83 C4 | eax=00000000 ebx=C15200E8 ecx=00000000 edx=C0FCEE84 esi=C0037954 edi=C0FFE374 esp=C0EE8F70
HEARTBEAT [0028:C0003244] cpl=0 pm=1 v86=0 if=0 pic imr=A8 isr=00 irr=00 | 74 09 85 48 08 74 05 8B D0 EB F0 C3 85 F6 74 05 | eax=00000000 ebx=C15200E8 ecx=800002C3 edx=C0FCEB10 esi=00000000 edi=C0FFE374 esp=C0EE89E0
HEARTBEAT [0028:C0003242] cpl=0 pm=1 v86=0 if=0 pic imr=A8 isr=00 irr=00 | 85 C0 74 09 85 48 08 74 05 8B D0 EB F0 C3 85 F6 | eax=00000000 ebx=C15200E8 ecx=800002C3 edx=C0FCEB10 esi=00000000 edi=C0FFE374 esp=C0EE89E0
HEARTBEAT [0028:C0003244] cpl=0 pm=1 v86=0 if=0 pic imr=A8 isr=00 irr=00 | 74 09 85 48 08 74 05 8B D0 EB F0 C3 85 F6 74 05 | eax=00000000 ebx=C15200E8 ecx=800002C3 edx=C0FCEB10 esi=00000000 edi=C0FFE374 esp=C0EE89E0
HEARTBEAT [0028:C000133F] cpl=0 pm=1 v86=0 if=0 pic imr=A8 isr=00 irr=00 | 0C 30 A8 02 75 03 22 43 99 88 44 24 2D 61 83 C4 | eax=00000000 ebx=C15200E8 ecx=00000000 edx=C0FCEE84 esi=C0037954 edi=C0FFE374 esp=C0EE8F70
HEARTBEAT [0028:C00372D6] cpl=0 pm=1 v86=0 if=1 pic imr=A8 isr=00 irr=00 | 9D C3 0C 70 E6 18 EB 00 E4 1A 88 46 31 51 8A C8 | eax=00631AE6 ebx=C15200E8 ecx=00000000 edx=00000000 esi=000FECAC edi=00000000 esp=C0EE89E4
HEARTBEAT [0028:C00012B0] cpl=0 pm=1 v86=0 if=0 pic imr=A8 isr=00 irr=00 | 60 BE 34 00 00 00 EB 08 60 BE 38 00 00 00 8B F6 | eax=00631A1A ebx=00000001 ecx=C0FF102E edx=00634240 esi=00630001 edi=00630000 esp=C0EE8F90
HEARTBEAT [0028:C0035C88] cpl=0 pm=1 v86=0 if=0 pic imr=A8 isr=00 irr=00 | 08 05 61 7A 03 C0 8A 0D 60 79 03 C0 80 E1 0F 0A | eax=00631A00 ebx=C15200E8 ecx=00000001 edx=00000000 esi=000FECB4 edi=00000000 esp=C0EE89B8
HEARTBEAT [0028:C0037148] cpl=0 pm=1 v86=0 if=1 pic imr=A8 isr=00 irr=00 | 75 09 53 57 E8 38 F4 FF FF 5F 5B E8 CA EA FF FF | eax=00631AE6 ebx=C15200E8 ecx=00000000 edx=00000001 esi=C0037954 edi=C159F9AC esp=C0EE89EC
HEARTBEAT [0028:C00020C7] cpl=0 pm=1 v86=0 if=1 pic imr=A8 isr=00 irr=00 | 0F B6 F9 FF 24 BD 28 CF 00 C0 FB 66 8E 65 28 8B | eax=00631AE6 ebx=C15200E8 ecx=000000E4 edx=00634240 esi=000FECAC edi=C0FFE374 esp=C0EE89F0
HEARTBEAT [F000:0000ECAE] cpl=3 pm=1 v86=1 if=0 pic imr=A8 isr=00 irr=00 | 24 FE 3A E0 8A E0 E4 00 74 F4 9D E2 EF 58 C3 8A | eax=00631A1A ebx=00000001 ecx=C0FF102E edx=00634240 esi=00630001 edi=00630000 esp=00000268
HEARTBEAT [0028:C000131A] cpl=0 pm=1 v86=0 if=0 pic imr=A8 isr=00 irr=00 | 75 38 8A 43 1F F6 D0 D0 E0 22 47 73 24 40 C0 E8 | eax=00000000 ebx=C15200E8 ecx=00000000 edx=C00377D4 esi=C0037954 edi=C0FFE374 esp=C0EE89F4
HEARTBEAT [0028:C00372C8] cpl=0 pm=1 v86=0 if=1 pic imr=A8 isr=00 irr=00 | 58 8A C4 BE 5C 79 03 C0 E8 5C F4 FF FF 61 9D C3 | eax=00000000 ebx=C15200E8 ecx=00000000 edx=00000000 esi=C0037954 edi=00000000 esp=C0EE89C0
HEARTBEAT [0028:C00012D1] cpl=0 pm=1 v86=0 if=0 pic imr=A8 isr=00 irr=00 | 8E DF 8E C7 8B 3D A8 06 01 C0 87 67 4C 3D 55 66 | eax=00631AE6 ebx=00000001 ecx=C0FF102E edx=00634240 esi=00000034 edi=00630030 esp=C0EE8F70
HEARTBEAT [0028:C00372BC] cpl=0 pm=1 v86=0 if=0 pic imr=A8 isr=00 irr=00 | 9D 50 BE 54 79 03 C0 E8 69 F4 FF FF 58 8A C4 BE | eax=00000000 ebx=C15200E8 ecx=00000000 edx=00000000 esi=000FECAC edi=00000000 esp=C0EE89C0
HEARTBEAT [0028:C00012B0] cpl=0 pm=1 v86=0 if=0 pic imr=A8 isr=00 irr=00 | 60 BE 34 00 00 00 EB 08 60 BE 38 00 00 00 8B F6 | eax=00631AE6 ebx=00000001 ecx=C0FF102E edx=00634240 esi=00630001 edi=00630000 esp=C0EE8F90
HEARTBEAT [0028:C0036EB1] cpl=0 pm=1 v86=0 if=1 pic imr=A8 isr=00 irr=00 | 8B 3D B0 77 03 C0 8D 7C 3B 08 81 FE 54 79 03 C0 | eax=00631A1A ebx=C15200E8 ecx=00000000 edx=00000000 esi=C0037954 edi=00000000 esp=C0EE89E8
HEARTBEAT [0028:C0035C6C] cpl=0 pm=1 v86=0 if=0 pic imr=A8 isr=00 irr=00 | 51 E4 08 08 05 60 7A 03 C0 8A 0D 58 79 03 C0 80 | eax=00631A1A ebx=C15200E8 ecx=00000000 edx=00000000 esi=000FECB4 edi=00000000 esp=C0EE89BC
HEARTBEAT [0028:C0003249] cpl=0 pm=1 v86=0 if=0 pic imr=A8 isr=00 irr=00 | 74 05 8B D0 EB F0 C3 85 F6 74 05 85 70 08 74 F2 | eax=C0FCEF34 ebx=C15200E8 ecx=800002C3 edx=C10CD720 esi=00000000 edi=C0FFE374 esp=C0EE89E0
HEARTBEAT [0028:C0036EB7] cpl=0 pm=1 v86=0 if=1 pic imr=A8 isr=00 irr=00 | 8D 7C 3B 08 81 FE 54 79 03 C0 74 01 47 C3 FF 15 | eax=00631A1A ebx=C15200E8 ecx=00000000 edx=00000000 esi=C0037954 edi=0007F8BC esp=C0EE89E8
HEARTBEAT [0028:C0036731] cpl=0 pm=1 v86=0 if=1 pic imr=A8 isr=00 irr=00 | 22 46 07 74 3E 0F B6 C0 0F BC C8 74 36 0F B3 C8 | eax=00000000 ebx=C15200E8 ecx=00000000 edx=00000000 esi=C003795C edi=00000000 esp=C0EE89C0
HEARTBEAT [0028:C00372BC] cpl=0 pm=1 v86=0 if=0 pic imr=A8 isr=00 irr=00 | 9D 50 BE 54 79 03 C0 E8 69 F4 FF FF 58 8A C4 BE | eax=00000000 ebx=C15200E8 ecx=00000000 edx=00000000 esi=000FECAC edi=00000000 esp=C0EE89C0
HEARTBEAT [0028:C003717D] cpl=0 pm=1 v86=0 if=1 pic imr=A8 isr=00 irr=00 | C3 FF 15 4C 7A 03 C0 83 F9 04 76 06 CD 20 94 80 | eax=0000E61A ebx=C15200E8 ecx=00000000 edx=C00377D4 esi=C0037954 edi=C159F9AC esp=C0EE89EC
HEARTBEAT [0028:C003658F] cpl=0 pm=1 v86=0 if=1 pic imr=A8 isr=00 irr=00 | 0F A3 4E 05 72 71 E8 88 F6 FF FF 8B F8 E8 23 FA | eax=00631AE6 ebx=C15200E8 ecx=00000000 edx=00000001 esi=C0037954 edi=C159F9AC esp=C0EE89E0
HEARTBEAT [0028:C0003234] cpl=0 pm=1 v86=0 if=0 pic imr=A8 isr=00 irr=00 | C3 8B D5 8B 42 FC EB F5 8D 50 04 8B 42 FC 85 C0 | eax=00000000 ebx=C15200E8 ecx=00000000 edx=C0FCEE84 esi=C0037954 edi=C0FFE374 esp=C0EE89F0
HEARTBEAT [0028:C0003242] cpl=0 pm=1 v86=0 if=0 pic imr=A8 isr=00 irr=00 | 85 C0 74 09 85 48 08 74 05 8B D0 EB F0 C3 85 F6 | eax=C0FCEE68 ebx=C15200E8 ecx=800002C3 edx=C10CD748 esi=00000000 edi=C0FFE374 esp=C0EE89E0
HEARTBEAT [0028:C000134D] cpl=0 pm=1 v86=0 if=0 pic imr=A8 isr=00 irr=00 | 83 C4 04 CF 2E 8B C0 E8 26 1E 00 00 74 C1 68 00 | eax=00631AE6 ebx=00000001 ecx=C0FF102E edx=00634240 esi=00630001 edi=00630000 esp=C0EE8F90
HEARTBEAT [0028:C00372A7] cpl=0 pm=1 v86=0 if=1 pic imr=A8 isr=00 irr=00 | 9C FA E8 BE E9 FF FF 33 C0 86 05 60 7A 03 C0 86 | eax=00631A1A ebx=C15200E8 ecx=00000000 edx=00000000 esi=000FECB4 edi=00000000 esp=C0EE89C4
HEARTBEAT [0028:C00372B0] cpl=0 pm=1 v86=0 if=0 pic imr=A8 isr=00 irr=00 | 86 05 60 7A 03 C0 86 25 61 7A 03 C0 9D 50 BE 54 | eax=00000000 ebx=C15200E8 ecx=00000000 edx=00000000 esi=000FECB4 edi=00000000 esp=C0EE89C0
HEARTBEAT [0028:C000323C] cpl=0 pm=1 v86=0 if=0 pic imr=A8 isr=00 irr=00 | 8D 50 04 8B 42 FC 85 C0 74 09 85 48 08 74 05 8B | eax=C10CD71C ebx=C15200E8 ecx=800002C3 edx=C0FFE374 esi=00000000 edi=C0FFE374 esp=C0EE89E0
HEARTBEAT [0028:C0035C8E] cpl=0 pm=1 v86=0 if=0 pic imr=A8 isr=00 irr=00 | 8A 0D 60 79 03 C0 80 E1 0F 0A C8 88 0D 60 79 03 | eax=00631A00 ebx=C15200E8 ecx=00000001 edx=00000000 esi=000FECAC edi=00000000 esp=C0EE89B8
HEARTBEAT [0028:C0001338] cpl=0 pm=1 v86=0 if=0 pic imr=A8 isr=00 irr=00 | 87 67 4C 8A 44 24 2D 0C 30 A8 02 75 03 22 43 99 | eax=00000000 ebx=C15200E8 ecx=00000000 edx=C0FCEE84 esi=C0037954 edi=C0FFE374 esp=C0EE89F4
HEARTBEAT [0028:C0003249] cpl=0 pm=1 v86=0 if=0 pic imr=A8 isr=00 irr=00 | 74 05 8B D0 EB F0 C3 85 F6 74 05 85 70 08 74 F2 | eax=C0FCEB10 ebx=C15200E8 ecx=800002C3 edx=C0FCEAA0 esi=00000000 edi=C0FFE374 esp=C0EE89E0
HEARTBEAT [0028:C000131C] cpl=0 pm=1 v86=0 if=0 pic imr=A8 isr=00 irr=00 | 8A 43 1F F6 D0 D0 E0 22 47 73 24 40 C0 E8 03 08 | eax=00000000 ebx=C15200E8 ecx=00000000 edx=C0FCEE84 esi=C0037954 edi=C0FFE374 esp=C0EE89F4
HEARTBEAT [0028:C0003217] cpl=0 pm=1 v86=0 if=0 pic imr=A8 isr=00 irr=00 | E8 20 00 00 00 66 83 7F 68 00 74 08 8B 47 6C E8 | eax=C10CD744 ebx=C15200E8 ecx=800002C3 edx=C0FCEB10 esi=00000000 edi=C0FFE374 esp=C0EE89E4
HEARTBEAT [0028:C000133B] cpl=0 pm=1 v86=0 if=0 pic imr=A8 isr=00 irr=00 | 8A 44 24 2D 0C 30 A8 02 75 03 22 43 99 88 44 24 | eax=00000000 ebx=C15200E8 ecx=00000000 edx=C0FCEE84 esi=C0037954 edi=C0FFE374 esp=C0EE8F70
HEARTBEAT [0028:C00012B0] cpl=0 pm=1 v86=0 if=0 pic imr=A8 isr=00 irr=00 | 60 BE 34 00 00 00 EB 08 60 BE 38 00 00 00 8B F6 | eax=00631AE6 ebx=00000001 ecx=C0FF102E edx=00634240 esi=00630001 edi=00630000 esp=C0EE8F90
HEARTBEAT [0028:C0003246] cpl=0 pm=1 v86=0 if=0 pic imr=A8 isr=00 irr=00 | 85 48 08 74 05 8B D0 EB F0 C3 85 F6 74 05 85 70 | eax=C0FCEF34 ebx=C15200E8 ecx=800002C3 edx=C10CD720 esi=00000000 edi=C0FFE374 esp=C0EE89E0
HEARTBEAT [0028:C0036EB1] cpl=0 pm=1 v86=0 if=1 pic imr=A8 isr=00 irr=00 | 8B 3D B0 77 03 C0 8D 7C 3B 08 81 FE 54 79 03 C0 | eax=00631AE6 ebx=C15200E8 ecx=00000000 edx=00000000 esi=C0037954 edi=00000000 esp=C0EE89E8
HEARTBEAT [0028:C000324D] cpl=0 pm=1 v86=0 if=0 pic imr=A8 isr=00 irr=00 | EB F0 C3 85 F6 74 05 85 70 08 74 F2 F7 40 08 00 | eax=C0FCEF34 ebx=C15200E8 ecx=800002C3 edx=C0FCEF34 esi=00000000 edi=C0FFE374 esp=C0EE89E0
HEARTBEAT [0028:C00031F2] cpl=0 pm=1 v86=0 if=0 pic imr=A8 isr=00 irr=00 | 0C DF 22 C8 55 33 ED 66 83 3D F0 E9 00 C0 00 74 | eax=C0010600 ebx=C15200E8 ecx=800002E3 edx=C0FFE374 esi=00000000 edi=C0FFE374 esp=C0EE89E8
HEARTBEAT [0028:C0003DAC] cpl=0 pm=1 v86=0 if=1 pic imr=A8 isr=00 irr=00 | 0F B6 D2 8D 14 52 D1 EA 87 D7 66 39 14 7D 40 EA | eax=00631AE6 ebx=C15200E8 ecx=000000E4 edx=00000000 esi=000FECAC edi=00000000 esp=C0EE89F0
HEARTBEAT [0028:C0003DC9] cpl=0 pm=1 v86=0 if=1 pic imr=A8 isr=00 irr=00 | 88 45 1C C3 68 C0 3D 00 C0 EB 98 83 45 24 02 0F | eax=1A0000E6 ebx=C15200E8 ecx=00000000 edx=C00377D4 esi=C0037954 edi=C159F9AC esp=C0EE89F0
HEARTBEAT [0028:C0036731] cpl=0 pm=1 v86=0 if=1 pic imr=A8 isr=00 irr=00 | 22 46 07 74 3E 0F B6 C0 0F BC C8 74 36 0F B3 C8 | eax=00000000 ebx=C15200E8 ecx=00000000 edx=00000000 esi=C0037954 edi=00000000 esp=C0EE89BC
HEARTBEAT [0028:C0003249] cpl=0 pm=1 v86=0 if=0 pic imr=A8 isr=00 irr=00 | 74 05 8B D0 EB F0 C3 85 F6 74 05 85 70 08 74 F2 | eax=C0FCEE68 ebx=C15200E8 ecx=800002C3 edx=C10CD748 esi=00000000 edi=C0FFE374 esp=C0EE89E0
HEARTBEAT [0028:C000318D] cpl=0 pm=1 v86=0 if=0 pic imr=A8 isr=00 irr=00 | 75 ED 51 B9 E3 02 00 80 F6 45 2D 02 74 0D 80 E5 | eax=00000000 ebx=C15200E8 ecx=00000000 edx=C00377D4 esi=00000000 edi=C0FFE374 esp=C0EE89EC
HEARTBEAT [F000:0000ECAE] cpl=3 pm=1 v86=1 if=0 pic imr=A8 isr=00 irr=00 | 24 FE 3A E0 8A E0 E4 00 74 F4 9D E2 EF 58 C3 8A | eax=00631A1A ebx=00000001 ecx=C0FF102E edx=00634240 esi=00630001 edi=00630000 esp=00000268
HEARTBEAT [0028:C00012B0] cpl=0 pm=1 v86=0 if=0 pic imr=A8 isr=00 irr=00 | 60 BE 34 00 00 00 EB 08 60 BE 38 00 00 00 8B F6 | eax=00631AE6 ebx=00000001 ecx=C0FF102E edx=00634240 esi=00630001 edi=00630000 esp=C0EE8F90
HEARTBEAT [0028:C00372B6] cpl=0 pm=1 v86=0 if=0 pic imr=A8 isr=00 irr=00 | 86 25 61 7A 03 C0 9D 50 BE 54 79 03 C0 E8 69 F4 | eax=00000000 ebx=C15200E8 ecx=00000000 edx=00000000 esi=000FECAC edi=00000000 esp=C0EE89C0
HEARTBEAT [0028:C0003244] cpl=0 pm=1 v86=0 if=0 pic imr=A8 isr=00 irr=00 | 74 09 85 48 08 74 05 8B D0 EB F0 C3 85 F6 74 05 | eax=00000000 ebx=C15200E8 ecx=800002C3 edx=C0FCEE84 esi=00000000 edi=C0FFE374 esp=C0EE89E0
HEARTBEAT [0028:C0036EB1] cpl=0 pm=1 v86=0 if=1 pic imr=A8 isr=00 irr=00 | 8B 3D B0 77 03 C0 8D 7C 3B 08 81 FE 54 79 03 C0 | eax=00631A1A ebx=C15200E8 ecx=00000000 edx=00000000 esi=C0037954 edi=00000000 esp=C0EE89E8
HEARTBEAT [0028:C0003244] cpl=0 pm=1 v86=0 if=0 pic imr=A8 isr=00 irr=00 | 74 09 85 48 08 74 05 8B D0 EB F0 C3 85 F6 74 05 | eax=C0FCEABC ebx=C15200E8 ecx=800002C3 edx=C0FCEE68 esi=00000000 edi=C0FFE374 esp=C0EE89E0
HEARTBEAT [0028:C000324D] cpl=0 pm=1 v86=0 if=0 pic imr=A8 isr=00 irr=00 | EB F0 C3 85 F6 74 05 85 70 08 74 F2 F7 40 08 00 | eax=C0FCEF18 ebx=C15200E8 ecx=800002C3 edx=C0FCEF18 esi=00000000 edi=C0FFE374 esp=C0EE89E0
HEARTBEAT [0028:C000131C] cpl=0 pm=1 v86=0 if=0 pic imr=A8 isr=00 irr=00 | 8A 43 1F F6 D0 D0 E0 22 47 73 24 40 C0 E8 03 08 | eax=00000000 ebx=C15200E8 ecx=00000000 edx=C0FCEE84 esi=C0037954 edi=C0FFE374 esp=C0EE89F4
HEARTBEAT [F000:0000ECB4] cpl=3 pm=1 v86=1 if=0 pic imr=A8 isr=00 irr=00 | E4 00 74 F4 9D E2 EF 58 C3 8A C6 E8 95 0C 8A C2 | eax=00631A1A ebx=00000001 ecx=C0FF102E edx=00634240 esi=00630001 edi=00630000 esp=00000268
HEARTBEAT [0028:C000318D] cpl=0 pm=1 v86=0 if=0 pic imr=A8 isr=00 irr=00 | 75 ED 51 B9 E3 02 00 80 F6 45 2D 02 74 0D 80 E5 | eax=00000000 ebx=C15200E8 ecx=00000000 edx=C00377D4 esi=00000000 edi=C0FFE374 esp=C0EE89EC
HEARTBEAT [F000:0000ECB4] cpl=3 pm=1 v86=1 if=0 pic imr=A8 isr=00 irr=00 | E4 00 74 F4 9D E2 EF 58 C3 8A C6 E8 95 0C 8A C2 | eax=00631A1A ebx=00000001 ecx=C0FF102E edx=00634240 esi=00630001 edi=00630000 esp=00000268
HEARTBEAT [0028:C0003DD4] cpl=0 pm=1 v86=0 if=1 pic imr=A8 isr=00 irr=00 | 83 45 24 02 0F B6 D5 EB C9 2E 8B C0 FF 45 24 0F | eax=00631A1A ebx=C15200E8 ecx=000000E4 edx=00634240 esi=000FECB4 edi=000000E4 esp=C0EE89F0
HEARTBEAT [0028:C00012D1] cpl=0 pm=1 v86=0 if=0 pic imr=A8 isr=00 irr=00 | 8E DF 8E C7 8B 3D A8 06 01 C0 87 67 4C 3D 55 66 | eax=00631A1A ebx=00000001 ecx=C0FF102E edx=00634240 esi=00000034 edi=00630030 esp=C0EE8F70
HEARTBEAT [0028:C0003184] cpl=0 pm=1 v86=0 if=0 pic imr=A8 isr=00 irr=00 | 8B 6B 08 39 05 F4 E9 00 C0 75 ED 51 B9 E3 02 00 | eax=00000000 ebx=C15200E8 ecx=00000000 edx=C00377D4 esi=00000000 edi=C0FFE374 esp=C0EE89EC
HEARTBEAT [0028:C0003242] cpl=0 pm=1 v86=0 if=0 pic imr=A8 isr=00 irr=00 | 85 C0 74 09 85 48 08 74 05 8B D0 EB F0 C3 85 F6 | eax=C0FCEF18 ebx=C15200E8 ecx=800002C3 edx=C0FCEF34 esi=00000000 edi=C0FFE374 esp=C0EE89E0
HEARTBEAT [0028:C00020B4] cpl=0 pm=1 v86=0 if=0 pic imr=A8 isr=00 irr=00 | FB 0F B7 75 28 8B 4D 24 C1 E6 04 89 4F A8 03 F1 | eax=00631AE6 ebx=C15200E8 ecx=C0FF102E edx=00634240 esi=00000034 edi=C0FFE374 esp=C0EE89F0
HEARTBEAT [0028:C0037102] cpl=0 pm=1 v86=0 if=1 pic imr=A8 isr=00 irr=00 | FF 15 4C 7A 03 C0 83 F9 04 76 06 CD 20 94 80 01 | eax=00631A1A ebx=C15200E8 ecx=00000000 edx=00000000 esi=000FECB4 edi=00000000 esp=C0EE89EC
HEARTBEAT [0028:C000322D] cpl=0 pm=1 v86=0 if=0 pic imr=A8 isr=00 irr=00 | 75 06 33 C0 5D 59 5E C3 8B D5 8B 42 FC EB F5 8D | eax=00000000 ebx=C15200E8 ecx=800002C3 edx=C0FCEE84 esi=00000000 edi=C0FFE374 esp=C0EE89E4
HEARTBEAT [0028:C000133F] cpl=0 pm=1 v86=0 if=0 pic imr=A8 isr=00 irr=00 | 0C 30 A8 02 75 03 22 43 99 88 44 24 2D 61 83 C4 | eax=00000000 ebx=C15200E8 ecx=00000000 edx=C0FCEE84 esi=C0037954 edi=C0FFE374 esp=C0EE8F70
HEARTBEAT [0028:C0001311] cpl=0 pm=1 v86=0 if=1 pic imr=A8 isr=00 irr=00 | FA 33 C0 3B 05 F0 E9 00 C0 75 38 8A 43 1F F6 D0 | eax=0000E61A ebx=C15200E8 ecx=00000000 edx=C00377D4 esi=C0037954 edi=C0FFE374 esp=C0EE89F4
HEARTBEAT [0028:C0003244] cpl=0 pm=1 v86=0 if=0 pic imr=A8 isr=00 irr=00 | 74 09 85 48 08 74 05 8B D0 EB F0 C3 85 F6 74 05 | eax=C0FCEE84 ebx=C15200E8 ecx=800002C3 edx=C0FCEB48 esi=00000000 edi=C0FFE374 esp=C0EE89E0
HEARTBEAT [0028:C0003212] cpl=0 pm=1 v86=0 if=0 pic imr=A8 isr=00 irr=00 | 74 08 8B 43 20 E8 20 00 00 00 66 83 7F 68 00 74 | eax=00000000 ebx=C15200E8 ecx=800002C3 edx=C0FCEB10 esi=00000000 edi=C0FFE374 esp=C0EE89E4
HEARTBEAT [0028:C00012B6] cpl=0 pm=1 v86=0 if=0 pic imr=A8 isr=00 irr=00 | EB 08 60 BE 38 00 00 00 8B F6 FC 8B EC 66 BF 30 | eax=00631A1A ebx=00000001 ecx=C0FF102E edx=00634240 esi=00000034 edi=00630000 esp=C0EE8F70
HEARTBEAT [0028:C00031ED] cpl=0 pm=1 v86=0 if=0 pic imr=A8 isr=00 irr=00 | 22 C8 8A 43 1E 0C DF 22 C8 55 33 ED 66 83 3D F0 | eax=C00106FF ebx=C15200E8 ecx=800002E3 edx=C0FFE374 esi=00000000 edi=C0FFE374 esp=C0EE89E8
HEARTBEAT [0028:C0003249] cpl=0 pm=1 v86=0 if=0 pic imr=A8 isr=00 irr=00 | 74 05 8B D0 EB F0 C3 85 F6 74 05 85 70 08 74 F2 | eax=C0FCEB10 ebx=C15200E8 ecx=800002C3 edx=C0FCEAA0 esi=00000000 edi=C0FFE374 esp=C0EE89E0
HEARTBEAT [0028:C0003244] cpl=0 pm=1 v86=0 if=0 pic imr=A8 isr=00 irr=00 | 74 09 85 48 08 74 05 8B D0 EB F0 C3 85 F6 74 05 | eax=C0FCEB10 ebx=C15200E8 ecx=800002C3 edx=C0FCEAA0 esi=00000000 edi=C0FFE374 esp=C0EE89E0
HEARTBEAT [0028:C0003244] cpl=0 pm=1 v86=0 if=0 pic imr=A8 isr=00 irr=00 | 74 09 85 48 08 74 05 8B D0 EB F0 C3 85 F6 74 05 | eax=00000000 ebx=C15200E8 ecx=800002C3 edx=C0FCEE84 esi=00000000 edi=C0FFE374 esp=C0EE89E0
HEARTBEAT [0028:C00372A5] cpl=0 pm=1 v86=0 if=1 pic imr=A8 isr=00 irr=00 | 9C 60 9C FA E8 BE E9 FF FF 33 C0 86 05 60 7A 03 | eax=00631AE6 ebx=C15200E8 ecx=00000000 edx=00000000 esi=000FECAC edi=00000000 esp=C0EE89E8
HEARTBEAT [0028:C000317F] cpl=0 pm=1 v86=0 if=0 pic imr=A8 isr=00 irr=00 | 33 C0 56 33 F6 8B 6B 08 39 05 F4 E9 00 C0 75 ED | eax=00000000 ebx=C15200E8 ecx=00000000 edx=C00377D4 esi=C0037954 edi=C0FFE374 esp=C0EE89F0
HEARTBEAT [0028:C00372BC] cpl=0 pm=1 v86=0 if=0 pic imr=A8 isr=00 irr=00 | 9D 50 BE 54 79 03 C0 E8 69 F4 FF FF 58 8A C4 BE | eax=00000000 ebx=C15200E8 ecx=00000000 edx=00000000 esi=000FECAC edi=00000000 esp=C0EE89C0
HEARTBEAT [0028:C00012C7] cpl=0 pm=1 v86=0 if=0 pic imr=A8 isr=00 irr=00 | F6 45 2E 02 0F 84 9F 00 00 00 8E DF 8E C7 8B 3D | eax=00631AE6 ebx=00000001 ecx=C0FF102E edx=00634240 esi=00000034 edi=00630030 esp=C0EE8F70
HEARTBEAT [0028:C00372B6] cpl=0 pm=1 v86=0 if=0 pic imr=A8 isr=00 irr=00 | 86 25 61 7A 03 C0 9D 50 BE 54 79 03 C0 E8 69 F4 | eax=00000000 ebx=C15200E8 ecx=00000000 edx=00000000 esi=000FECAC edi=00000000 esp=C0EE89C0
HEARTBEAT [0028:C0003DCC] cpl=0 pm=1 v86=0 if=1 pic imr=A8 isr=00 irr=00 | C3 68 C0 3D 00 C0 EB 98 83 45 24 02 0F B6 D5 EB | eax=1A0000E6 ebx=C15200E8 ecx=00000000 edx=C00377D4 esi=C0037954 edi=C159F9AC esp=C0EE89F0
HEARTBEAT [0028:C000318D] cpl=0 pm=1 v86=0 if=0 pic imr=A8 isr=00 irr=00 | 75 ED 51 B9 E3 02 00 80 F6 45 2D 02 74 0D 80 E5 | eax=00000000 ebx=C15200E8 ecx=00000000 edx=C00377D4 esi=00000000 edi=C0FFE374 esp=C0EE89EC
HEARTBEAT [0028:C0003244] cpl=0 pm=1 v86=0 if=0 pic imr=A8 isr=00 irr=00 | 74 09 85 48 08 74 05 8B D0 EB F0 C3 85 F6 74 05 | eax=C0FCEE84 ebx=C15200E8 ecx=800002C3 edx=C0FCEB48 esi=00000000 edi=C0FFE374 esp=C0EE89E0
HEARTBEAT [0028:C0037173] cpl=0 pm=1 v86=0 if=1 pic imr=A8 isr=00 irr=00 | 8B 04 02 0F A3 0E 73 02 D1 E8 C3 FF 15 4C 7A 03 | eax=00000000 ebx=C15200E8 ecx=00000000 edx=C00377D4 esi=C0037954 edi=C159F9AC esp=C0EE89EC
HEARTBEAT [0028:C0001338] cpl=0 pm=1 v86=0 if=0 pic imr=A8 isr=00 irr=00 | 87 67 4C 8A 44 24 2D 0C 30 A8 02 75 03 22 43 99 | eax=00000000 ebx=C15200E8 ecx=00000000 edx=C0FCEE84 esi=C0037954 edi=C0FFE374 esp=C0EE89F4
HEARTBEAT [0028:C0037145] cpl=0 pm=1 v86=0 if=1 pic imr=A8 isr=00 irr=00 | 80 3F 00 75 09 53 57 E8 38 F4 FF FF 5F 5B E8 CA | eax=00631A1A ebx=C15200E8 ecx=00000000 edx=00000001 esi=C0037954 edi=C159F9AC esp=C0EE89EC
HEARTBEAT [0028:C0035CA6] cpl=0 pm=1 v86=0 if=0 pic imr=A8 isr=00 irr=00 | 59 C3 B8 00 04 00 00 F8 C3 A1 48 7A 03 C0 C3 E8 | eax=00000000 ebx=C15200E8 ecx=00000000 edx=00000000 esi=000FECAC edi=00000000 esp=C0EE89B8
HEARTBEAT [0028:C0037158] cpl=0 pm=1 v86=0 if=1 pic imr=A8 isr=00 irr=00 | 66 F7 40 1A 01 00 74 0A BA 03 00 00 00 E8 10 01 | eax=C00377B4 ebx=C15200E8 ecx=00000000 edx=00000001 esi=C0037954 edi=C159F9AC esp=C0EE89EC
HEARTBEAT [0028:C0001354] cpl=0 pm=1 v86=0 if=0 pic imr=A8 isr=00 irr=00 | E8 26 1E 00 00 74 C1 68 00 13 00 C0 E9 35 1F 00 | eax=00000000 ebx=C15200E8 ecx=00000000 edx=C00377D4 esi=C0037954 edi=C0FFE374 esp=C0EE89F4
HEARTBEAT [0028:C000324D] cpl=0 pm=1 v86=0 if=0 pic imr=A8 isr=00 irr=00 | EB F0 C3 85 F6 74 05 85 70 08 74 F2 F7 40 08 00 | eax=C0FCEF34 ebx=C15200E8 ecx=800002C3 edx=C0FCEF34 esi=00000000 edi=C0FFE374 esp=C0EE89E0
HEARTBEAT [0028:C00031AD] cpl=0 pm=1 v86=0 if=0 pic imr=A8 isr=00 irr=00 | 8B 50 10 85 D2 75 1D 8B 50 30 3B 1D 20 07 01 C0 | eax=C00106D4 ebx=C15200E8 ecx=800002E3 edx=C00377D4 esi=00000000 edi=C0FFE374 esp=C0EE89E8
HEARTBEAT [0028:C0003221] cpl=0 pm=1 v86=0 if=0 pic imr=A8 isr=00 irr=00 | 74 08 8B 47 6C E8 11 00 00 00 85 ED 75 06 33 C0 | eax=00000000 ebx=C15200E8 ecx=800002C3 edx=C0FCEE84 esi=00000000 edi=C0FFE374 esp=C0EE89E4
HEARTBEAT [0028:C00020B5] cpl=0 pm=1 v86=0 if=1 pic imr=A8 isr=00 irr=00 | 0F B7 75 28 8B 4D 24 C1 E6 04 89 4F A8 03 F1 66 | eax=00631A1A ebx=C15200E8 ecx=C0FF102E edx=00634240 esi=00000034 edi=C0FFE374 esp=C0EE89F0
HEARTBEAT [0028:C0037170] cpl=0 pm=1 v86=0 if=1 pic imr=A8 isr=00 irr=00 | 80 37 01 8B 04 02 0F A3 0E 73 02 D1 E8 C3 FF 15 | eax=00000001 ebx=C15200E8 ecx=00000000 edx=C00377D4 esi=C0037954 edi=C159F9AC esp=C0EE89EC
HEARTBEAT [0028:C0003231] cpl=0 pm=1 v86=0 if=0 pic imr=A8 isr=00 irr=00 | 5D 59 5E C3 8B D5 8B 42 FC EB F5 8D 50 04 8B 42 | eax=00000000 ebx=C15200E8 ecx=800002C3 edx=C0FCEE84 esi=00000000 edi=C0FFE374 esp=C0EE89E4
HEARTBEAT [0028:C003658F] cpl=0 pm=1 v86=0 if=1 pic imr=A8 isr=00 irr=00 | 0F A3 4E 05 72 71 E8 88 F6 FF FF 8B F8 E8 23 FA | eax=00631AE6 ebx=C15200E8 ecx=00000000 edx=00000001 esi=C0037954 edi=C159F9AC esp=C0EE89E0
HEARTBEAT [0028:C000323C] cpl=0 pm=1 v86=0 if=0 pic imr=A8 isr=00 irr=00 | 8D 50 04 8B 42 FC 85 C0 74 09 85 48 08 74 05 8B | eax=C10CD71C ebx=C15200E8 ecx=800002C3 edx=C0FFE374 esi=00000000 edi=C0FFE374 esp=C0EE89E0
HEARTBEAT [0028:C0037148] cpl=0 pm=1 v86=0 if=1 pic imr=A8 isr=00 irr=00 | 75 09 53 57 E8 38 F4 FF FF 5F 5B E8 CA EA FF FF | eax=00631A1A ebx=C15200E8 ecx=00000000 edx=00000001 esi=C0037954 edi=C159F9AC esp=C0EE89EC
HEARTBEAT [0028:C0003234] cpl=0 pm=1 v86=0 if=0 pic imr=A8 isr=00 irr=00 | C3 8B D5 8B 42 FC EB F5 8D 50 04 8B 42 FC 85 C0 | eax=00000000 ebx=C15200E8 ecx=00000000 edx=C0FCEE84 esi=C0037954 edi=C0FFE374 esp=C0EE89F0
HEARTBEAT [0028:C0003249] cpl=0 pm=1 v86=0 if=0 pic imr=A8 isr=00 irr=00 | 74 05 8B D0 EB F0 C3 85 F6 74 05 85 70 08 74 F2 | eax=C0FCEE68 ebx=C15200E8 ecx=800002C3 edx=C10CD748 esi=00000000 edi=C0FFE374 esp=C0EE89E0
HEARTBEAT [0028:C0036774] cpl=0 pm=1 v86=0 if=1 pic imr=A8 isr=00 irr=00 | C3 CD 20 12 80 04 00 8B 08 FF 15 D8 76 03 C0 F6 | eax=00000000 ebx=C15200E8 ecx=00000000 edx=00000000 esi=C0037954 edi=00000000 esp=C0EE89BC
HEARTBEAT [0028:C0037158] cpl=0 pm=1 v86=0 if=1 pic imr=A8 isr=00 irr=00 | 66 F7 40 1A 01 00 74 0A BA 03 00 00 00 E8 10 01 | eax=C00377B4 ebx=C15200E8 ecx=00000000 edx=00000001 esi=C0037954 edi=C159F9AC esp=C0EE89EC
HEARTBEAT [0028:C0003DC9] cpl=0 pm=1 v86=0 if=1 pic imr=A8 isr=00 irr=00 | 88 45 1C C3 68 C0 3D 00 C0 EB 98 83 45 24 02 0F | eax=1A0000E6 ebx=C15200E8 ecx=00000000 edx=C00377D4 esi=C0037954 edi=C159F9AC esp=C0EE89F0
HEARTBEAT [0028:C0003201] cpl=0 pm=1 v86=0 if=0 pic imr=A8 isr=00 irr=00 | 74 0A A1 E0 E9 00 C0 E8 2F 00 00 00 66 83 7B 18 | eax=C00106DF ebx=C15200E8 ecx=800002C3 edx=C0FFE374 esi=00000000 edi=C0FFE374 esp=C0EE89E4
HEARTBEAT [0028:C0003242] cpl=0 pm=1 v86=0 if=0 pic imr=A8 isr=00 irr=00 | 85 C0 74 09 85 48 08 74 05 8B D0 EB F0 C3 85 F6 | eax=C0FCEE68 ebx=C15200E8 ecx=800002C3 edx=C10CD748 esi=00000000 edi=C0FFE374 esp=C0EE89E0
HEARTBEAT [0028:C0035C9F] cpl=0 pm=1 v86=0 if=0 pic imr=A8 isr=00 irr=00 | 0F B7 05 60 7A 03 C0 59 C3 B8 00 04 00 00 F8 C3 | eax=00631A00 ebx=C15200E8 ecx=00000000 edx=00000000 esi=000FECB4 edi=00000000 esp=C0EE89B8
HEARTBEAT [0028:C0037102] cpl=0 pm=1 v86=0 if=1 pic imr=A8 isr=00 irr=00 | FF 15 4C 7A 03 C0 83 F9 04 76 06 CD 20 94 80 01 | eax=00631A1A ebx=C15200E8 ecx=00000000 edx=00000000 esi=000FECB4 edi=00000000 esp=C0EE89EC
HEARTBEAT [0028:C0035C75] cpl=0 pm=1 v86=0 if=0 pic imr=A8 isr=00 irr=00 | 8A 0D 58 79 03 C0 80 E1 0F 0A C8 88 0D 58 79 03 | eax=00631A00 ebx=C15200E8 ecx=00000000 edx=00000000 esi=000FECAC edi=00000000 esp=C0EE89B8
HEARTBEAT [0028:C0035C6F] cpl=0 pm=1 v86=0 if=0 pic imr=A8 isr=00 irr=00 | 08 05 60 7A 03 C0 8A 0D 58 79 03 C0 80 E1 0F 0A | eax=00631A00 ebx=C15200E8 ecx=00000000 edx=00000000 esi=000FECB4 edi=00000000 esp=C0EE89B8
HEARTBEAT [0028:C00012E9] cpl=0 pm=1 v86=0 if=0 pic imr=A8 isr=00 irr=00 | 68 00 13 00 C0 FF A6 2C F4 00 C0 2E 8B C0 2E 8B | eax=00631AE6 ebx=C15200E8 ecx=C0FF102E edx=00634240 esi=00000034 edi=C0FFE374 esp=C0EE89F4
HEARTBEAT [0028:C00372C9] cpl=0 pm=1 v86=0 if=1 pic imr=A8 isr=00 irr=00 | 8A C4 BE 5C 79 03 C0 E8 5C F4 FF FF 61 9D C3 0C | eax=00000000 ebx=C15200E8 ecx=00000000 edx=00000000 esi=C0037954 edi=00000000 esp=C0EE89C4
HEARTBEAT [0028:C00031F2] cpl=0 pm=1 v86=0 if=0 pic imr=A8 isr=00 irr=00 | 0C DF 22 C8 55 33 ED 66 83 3D F0 E9 00 C0 00 74 | eax=C0010600 ebx=C15200E8 ecx=800002E3 edx=C0FFE374 esi=00000000 edi=C0FFE374 esp=C0EE89E8
HEARTBEAT [0028:C0035C9F] cpl=0 pm=1 v86=0 if=0 pic imr=A8 isr=00 irr=00 | 0F B7 05 60 7A 03 C0 59 C3 B8 00 04 00 00 F8 C3 | eax=00631A00 ebx=C15200E8 ecx=00000000 edx=00000000 esi=000FECAC edi=00000000 esp=C0EE89B8
HEARTBEAT [0028:C00372A5] cpl=0 pm=1 v86=0 if=1 pic imr=A8 isr=00 irr=00 | 9C 60 9C FA E8 BE E9 FF FF 33 C0 86 05 60 7A 03 | eax=00631A1A ebx=C15200E8 ecx=00000000 edx=00000000 esi=000FECB4 edi=00000000 esp=C0EE89E8
HEARTBEAT [0028:C00031E8] cpl=0 pm=1 v86=0 if=0 pic imr=A8 isr=00 irr=00 | 8A 47 73 F6 D0 22 C8 8A 43 1E 0C DF 22 C8 55 33 | eax=C00106D4 ebx=C15200E8 ecx=800002E3 edx=C0FFE374 esi=00000000 edi=C0FFE374 esp=C0EE89E8
HEARTBEAT [0028:C0035C6F] cpl=0 pm=1 v86=0 if=0 pic imr=A8 isr=00 irr=00 | 08 05 60 7A 03 C0 8A 0D 58 79 03 C0 80 E1 0F 0A | eax=00631A00 ebx=C15200E8 ecx=00000000 edx=00000000 esi=000FECB4 edi=00000000 esp=C0EE89B8
HEARTBEAT [0028:C000323F] cpl=0 pm=1 v86=0 if=0 pic imr=A8 isr=00 irr=00 | 8B 42 FC 85 C0 74 09 85 48 08 74 05 8B D0 EB F0 | eax=C0FCEE68 ebx=C15200E8 ecx=800002C3 edx=C0FCEE68 esi=00000000 edi=C0FFE374 esp=C0EE89E0
HEARTBEAT [0028:C0003244] cpl=0 pm=1 v86=0 if=0 pic imr=A8 isr=00 irr=00 | 74 09 85 48 08 74 05 8B D0 EB F0 C3 85 F6 74 05 | eax=C0FCEE84 ebx=C15200E8 ecx=800002C3 edx=C0FCEB48 esi=00000000 edi=C0FFE374 esp=C0EE89E0
HEARTBEAT [0028:C0035C6F] cpl=0 pm=1 v86=0 if=0 pic imr=A8 isr=00 irr=00 | 08 05 60 7A 03 C0 8A 0D 58 79 03 C0 80 E1 0F 0A | eax=00631A00 ebx=C15200E8 ecx=00000000 edx=00000000 esi=000FECAC edi=00000000 esp=C0EE89B8
HEARTBEAT [0028:C0003244] cpl=0 pm=1 v86=0 if=0 pic imr=A8 isr=00 irr=00 | 74 09 85 48 08 74 05 8B D0 EB F0 C3 85 F6 74 05 | eax=00000000 ebx=C15200E8 ecx=800002C3 edx=C0FCEE84 esi=00000000 edi=C0FFE374 esp=C0EE89E0
HEARTBEAT [0028:C000131A] cpl=0 pm=1 v86=0 if=0 pic imr=A8 isr=00 irr=00 | 75 38 8A 43 1F F6 D0 D0 E0 22 47 73 24 40 C0 E8 | eax=00000000 ebx=C15200E8 ecx=00000000 edx=C00377D4 esi=C0037954 edi=C0FFE374 esp=C0EE89F4
HEARTBEAT [0028:C00012B0] cpl=0 pm=1 v86=0 if=0 pic imr=A8 isr=00 irr=00 | 60 BE 34 00 00 00 EB 08 60 BE 38 00 00 00 8B F6 | eax=00631A1A ebx=00000001 ecx=C0FF102E edx=00634240 esi=00630001 edi=00630000 esp=C0EE8F90
HEARTBEAT [0028:C00012DB] cpl=0 pm=1 v86=0 if=0 pic imr=A8 isr=00 irr=00 | 87 67 4C 3D 55 66 22 00 8B 1D 1C 07 01 C0 68 00 | eax=00631A1A ebx=00000001 ecx=C0FF102E edx=00634240 esi=00000034 edi=C0FFE374 esp=C0EE8F70
HEARTBEAT [0028:C0001305] cpl=0 pm=1 v86=0 if=1 pic imr=A8 isr=00 irr=00 | 8B 1D 1C 07 01 C0 8B 3D A8 06 01 C0 FA 33 C0 3B | eax=1A0000E6 ebx=C15200E8 ecx=00000000 edx=C00377D4 esi=C0037954 edi=C159F9AC esp=C0EE89F4
HEARTBEAT [0028:C000324D] cpl=0 pm=1 v86=0 if=0 pic imr=A8 isr=00 irr=00 | EB F0 C3 85 F6 74 05 85 70 08 74 F2 F7 40 08 00 | eax=C0FCEAA0 ebx=C15200E8 ecx=800002C3 edx=C0FCEAA0 esi=00000000 edi=C0FFE374 esp=C0EE89E0
HEARTBEAT [0028:C00012B0] cpl=0 pm=1 v86=0 if=0 pic imr=A8 isr=00 irr=00 | 60 BE 34 00 00 00 EB 08 60 BE 38 00 00 00 8B F6 | eax=00631A1A ebx=00000001 ecx=C0FF102E edx=00634240 esi=00630001 edi=00630000 esp=C0EE8F90
HEARTBEAT [0028:C000324F] cpl=0 pm=1 v86=0 if=0 pic imr=A8 isr=00 irr=00 | C3 85 F6 74 05 85 70 08 74 F2 F7 40 08 00 20 00 | eax=00000000 ebx=C15200E8 ecx=800002C3 edx=C0FCEB10 esi=00000000 edi=C0FFE374 esp=C0EE89E0
HEARTBEAT [0028:C000324B] cpl=0 pm=1 v86=0 if=0 pic imr=A8 isr=00 irr=00 | 8B D0 EB F0 C3 85 F6 74 05 85 70 08 74 F2 F7 40 | eax=C0FCEAA0 ebx=C15200E8 ecx=800002C3 edx=C0FCEF18 esi=00000000 edi=C0FFE374 esp=C0EE89E0
HEARTBEAT [0028:C0035C22] cpl=0 pm=1 v86=0 if=1 pic imr=A8 isr=00 irr=00 | 8B C1 81 FE 54 79 03 C0 76 02 04 04 6B C0 34 05 | eax=00631A1A ebx=C15200E8 ecx=00000000 edx=00000001 esi=C0037954 edi=C159F9AC esp=C0EE89E8
HEARTBEAT [0028:C0001311] cpl=0 pm=1 v86=0 if=1 pic imr=A8 isr=00 irr=00 | FA 33 C0 3B 05 F0 E9 00 C0 75 38 8A 43 1F F6 D0 | eax=1A0000E6 ebx=C15200E8 ecx=00000000 edx=C00377D4 esi=C0037954 edi=C0FFE374 esp=C0EE89F4
HEARTBEAT [0028:C0003DCC] cpl=0 pm=1 v86=0 if=1 pic imr=A8 isr=00 irr=00 | C3 68 C0 3D 00 C0 EB 98 83 45 24 02 0F B6 D5 EB | eax=1A0000E6 ebx=C15200E8 ecx=00000000 edx=C00377D4 esi=C0037954 edi=C159F9AC esp=C0EE89F0
HEARTBEAT [0028:C0003249] cpl=0 pm=1 v86=0 if=0 pic imr=A8 isr=00 irr=00 | 74 05 8B D0 EB F0 C3 85 F6 74 05 85 70 08 74 F2 | eax=C0FCEB10 ebx=C15200E8 ecx=800002C3 edx=C0FCEAA0 esi=00000000 edi=C0FFE374 esp=C0EE89E0
HEARTBEAT [0028:C003716D] cpl=0 pm=1 v86=0 if=1 pic imr=A8 isr=00 irr=00 | 0F B6 07 80 37 01 8B 04 02 0F A3 0E 73 02 D1 E8 | eax=C00377B4 ebx=C15200E8 ecx=00000000 edx=C00377D4 esi=C0037954 edi=C159F9AC esp=C0EE89EC
HEARTBEAT [0028:C000134C] cpl=0 pm=1 v86=0 if=0 pic imr=A8 isr=00 irr=00 | 61 83 C4 04 CF 2E 8B C0 E8 26 1E 00 00 74 C1 68 | eax=00000000 ebx=C15200E8 ecx=00000000 edx=C0FCEE84 esi=C0037954 edi=C0FFE374 esp=C0EE8F70
HEARTBEAT [0028:C000324D] cpl=0 pm=1 v86=0 if=0 pic imr=A8 isr=00 irr=00 | EB F0 C3 85 F6 74 05 85 70 08 74 F2 F7 40 08 00 | eax=C0FCEE68 ebx=C15200E8 ecx=800002C3 edx=C0FCEE68 esi=00000000 edi=C0FFE374 esp=C0EE89E0
HEARTBEAT [0028:C0036734] cpl=0 pm=1 v86=0 if=1 pic imr=A8 isr=00 irr=00 | 74 3E 0F B6 C0 0F BC C8 74 36 0F B3 C8 50 E8 DB | eax=00000000 ebx=C15200E8 ecx=00000000 edx=00000000 esi=C0037954 edi=00000000 esp=C0EE89BC
HEARTBEAT [0028:C00031F9] cpl=0 pm=1 v86=0 if=0 pic imr=A8 isr=00 irr=00 | 66 83 3D F0 E9 00 C0 00 74 0A A1 E0 E9 00 C0 E8 | eax=C00106DF ebx=C15200E8 ecx=800002C3 edx=C0FFE374 esi=00000000 edi=C0FFE374 esp=C0EE89E4
HEARTBEAT [0028:C0035C6F] cpl=0 pm=1 v86=0 if=0 pic imr=A8 isr=00 irr=00 | 08 05 60 7A 03 C0 8A 0D 58 79 03 C0 80 E1 0F 0A | eax=00631A00 ebx=C15200E8 ecx=00000000 edx=00000000 esi=000FECB4 edi=00000000 esp=C0EE89B8
HEARTBEAT [0028:C0037170] cpl=0 pm=1 v86=0 if=1 pic imr=A8 isr=00 irr=00 | 80 37 01 8B 04 02 0F A3 0E 73 02 D1 E8 C3 FF 15 | eax=00000001 ebx=C15200E8 ecx=00000000 edx=C00377D4 esi=C0037954 edi=C159F9AC esp=C0EE89EC
HEARTBEAT [F000:0000ECAE] cpl=3 pm=1 v86=1 if=0 pic imr=A8 isr=00 irr=00 | 24 FE 3A E0 8A E0 E4 00 74 F4 9D E2 EF 58 C3 8A | eax=00631A1A ebx=00000001 ecx=C0FF102E edx=00634240 esi=00630001 edi=00630000 esp=00000268
