#
# 86Box v7.0 logfile, created 2026/10/04 21:36:17
#
# Emulator path: C:/Users/lycet/RiderProjects/86Box-Inboard/86box_3c509b/build_log/src//
# Global configuration file: C:/Users/lycet/AppData/Local/86Box/86box_global.cfg
# VM: vm_romcache
#
# Configuration file: C:/Users/lycet/RiderProjects/86Box-Inboard/vm_romcache/86box.cfg
#

# Userfiles path: C:/Users/lycet/RiderProjects/86Box-Inboard/vm_romcache/
# ROM path: C:/Users/lycet/RiderProjects/86Box-Inboard/vm_romcache/roms/
# ROM path: C:/Users/lycet/RiderProjects/86Box-Inboard/86box_3c509b/build_log/src//roms/
# ROM path: C:/Users/lycet/AppData/Local/86Box/roms/
# Asset path: C:/Users/lycet/RiderProjects/86Box-Inboard/vm_romcache/assets/
# Asset path: C:/Users/lycet/RiderProjects/86Box-Inboard/86box_3c509b/build_log/src//assets/
# Asset path: C:/Users/lycet/AppData/Local/86Box/assets/
DIAG10: Inboard machine BIOS ibm5160_050986
BPCK: attached as unit 07 on LPT port 0
*** 1 repeats ***
DIAG10 RESET hard  at 0000:00000000
DIAG10 RESETVEC F000:FFF0 reached from 0000:00000000 (pm=0)
DIAG10 RESETVEC F000:E05B reached from F000:0000FFF0 (pm=0)
  MODELBYTE read by [F000:0000F8CF] pm=0 v86=0 cpl=0
DIAG7 [C000:0000041C] 4AE8 advfunc=00 on=0 hdisp=0 vdisp=0
DIAG7 [C000:00007A62] 4AE8 advfunc=06 on=0 hdisp=640 vdisp=480
DIAG7 [C000:0000731E] 4AEE clock_sel=1850 on=0 hdisp=640 vdisp=480
DIAG7 [C000:0000731E] 4AEE clock_sel=181C on=0 hdisp=1024 vdisp=768
DIAG7 [C000:00007A62] 4AE8 advfunc=02 on=0 hdisp=1024 vdisp=768
DIAG7 [C000:000075CD] 4AE8 advfunc=02 on=0 hdisp=640 vdisp=480
DIAG7 [C000:00007A62] 4AE8 advfunc=02 on=0 hdisp=640 vdisp=480
*** 5 repeats ***
DIAG7 [C000:000075CD] 4AE8 advfunc=02 on=0 hdisp=640 vdisp=480
DIAG7 [C000:0000731E] 4AEE clock_sel=1850 on=0 hdisp=640 vdisp=480
DIAG7 [C000:0000731E] 4AEE clock_sel=181C on=0 hdisp=640 vdisp=480
DIAG7 [C000:0000708E] 4AE8 advfunc=02 on=0 hdisp=640 vdisp=480
BPCK: W0 AA            [---- reg=00 knock=0]
BPCK: W2 08 (was 00)  [---- reg=00 knock=0]
BPCK: W2 0C (was 08)  [---- reg=00 knock=0]
BPCK: R1 -> D8          [---- reg=00 knock=0]
INB670: 1E at 0206:0000A70B
DIAG10 RESETVEC F000:E05B reached from F000:0000E059 (pm=0)
