#
# 86Box v7.0 logfile, created 2026/10/10 14:40:00
#
# Emulator path: C:/Users/lycet/RiderProjects/86Box-Inboard/86box_xtcf/build/src//
# Global configuration file: C:/Users/lycet/AppData/Local/86Box/86box_global.cfg
# VM: vm_xtide_mpd
#
# Configuration file: C:/Users/lycet/RiderProjects/86Box-Inboard/vm_xtide_mpd/86box.cfg
#

# Userfiles path: C:/Users/lycet/RiderProjects/86Box-Inboard/vm_xtide_mpd/
# ROM path: C:/Users/lycet/RiderProjects/86Box-Inboard/vm_xtide_mpd/roms/
# ROM path: C:/Users/lycet/RiderProjects/86Box-Inboard/86box_xtcf/build/src//roms/
# ROM path: C:/Users/lycet/AppData/Local/86Box/roms/
# Asset path: C:/Users/lycet/RiderProjects/86Box-Inboard/vm_xtide_mpd/assets/
# Asset path: C:/Users/lycet/RiderProjects/86Box-Inboard/86box_xtcf/build/src//assets/
# Asset path: C:/Users/lycet/AppData/Local/86Box/assets/
MEMWATCH armed C0010808-C001081F
XTIDE: access trace off (XTIDE_TRACE=unset)
XTIDE: base 0300  stride 2  bios xtcf_lotech
PITCH0 reload 22 (0.018 ms) mode 0
PITCH0 reload 255 (0.214 ms) mode 0
PITCH0 reload 65536 (54.925 ms) mode 3
HEARTBEAT [F000:0000ED2A] cpl=0 pm=0 | B8 01 02 AB E2 F5 FC 47 47 8B F7 8B CB 8B D0 AD | eax=00000000 ebx=00002000 ecx=00000E8D esi=00001D16 edi=00001D18 esp=000000F6
HEARTBEAT [F000:0000ECAC] cpl=0 pm=0 | E4 00 24 FE 3A E0 8A E0 E4 00 74 F4 9D E2 EF 58 | eax=0000C0E9 ebx=00000206 ecx=0000001A esi=00000010 edi=00000000 esp=000000DE
HEARTBEAT [D000:000011B1] cpl=0 pm=0 | 76 18 88 D3 D1 E2 3C 16 72 18 B7 3E 74 04 88 D3 | eax=0000400E ebx=00000907 ecx=00000007 esi=00000001 edi=00000026 esp=00007ECE
HEARTBEAT [D000:00000ACE] cpl=0 pm=0 | 2B 06 08 7F 83 F8 48 72 F4 FA A1 04 7F A3 20 00 | eax=0000002B ebx=0000B004 ecx=0000FF01 esi=000005FB edi=00000026 esp=00007EFE
HEARTBEAT [D000:00001069] cpl=0 pm=0 | F3 6C C3 86 CD F3 6D C3 C1 E1 05 B3 08 AC 30 DA | eax=00000058 ebx=0000FF01 ecx=00001BC3 esi=00000010 edi=0000163D esp=0000FFC8
HEARTBEAT [F000:0000FE6E] cpl=0 pm=0 | E9 24 EB CC CC CC CC CC CC CC CC CC CC CC CC CC | eax=00000000 ebx=0000035A ecx=00000006 esi=000007D3 edi=000003B6 esp=000008EC
HEARTBEAT [8785:00009253] cpl=0 pm=0 | AA B4 00 2E 01 06 FC 8E E2 F4 5F B8 02 04 EF 8D | eax=847E847E ebx=00003778 ecx=00000004 esi=000038AD edi=0000B15C esp=0000118E
HEARTBEAT [0070:00000322] cpl=0 pm=0 | EC A8 08 75 0B E2 F9 4B 75 F6 2E C6 06 25 03 EB | eax=00040000 ebx=00000040 ecx=0000F888 esi=0000766A edi=0000FFFF esp=00000864
HEARTBEAT [1009:0000007E] cpl=0 pm=0 | 74 FB 26 8A 1D B8 E4 FF 99 E8 3C 02 F7 D0 F7 D2 | eax=40000001 ebx=000000E1 ecx=00000000 esi=00000276 edi=0000006C esp=00003FF8
HEARTBEAT [D000:000011D7] cpl=0 pm=0 | C3 30 F6 8A 5D 14 80 FB 0A 72 20 80 FB 0C 76 0F | eax=00000880 ebx=0000FF07 ecx=00000105 esi=00000008 edi=00000010 esp=0000088E
HEARTBEAT [0C76:000049DA] cpl=0 pm=0 | F3 26 A5 13 C9 F3 26 A4 8B F2 5A 02 D0 80 FA 18 | eax=0000000C ebx=000000E0 ecx=0005004A esi=0005048C edi=0000056C esp=000066AC
HEARTBEAT [0C76:0000B958] cpl=0 pm=0 | 83 46 04 04 73 05 81 46 06 00 10 26 8B 07 26 8B | eax=00001199 ebx=C0030A14 ecx=00030000 esi=00050001 edi=00000000 esp=00006620
PITCH0 reload 16384 (13.731 ms) mode 2
PITCH0 caller EIP C002D6C9 ESP C13A1E4C
PITCH0 stack+000 C002D4E1 code[-8..+8] 4C304BE88801000061F8C361F9C36083
PITCH0 stack+004 C036842E code[-8..+8] 004F4646003000004D696E54696D6553
PITCH0 stack+00C C13A1F70 code[-8..+8] CCCCCCCCCCCCCCCC0000000000000000
PITCH0 stack+010 C13A1E70 code[-8..+8] FA0132C010000000866B36C07F010000
PITCH0 stack+014 C15200E8 code[-8..+8] 00000000FFFFFFFF00000000000040C1
PITCH0 stack+01C C03201FA code[-8..+8] 1CC11200000000070800FB0002900000
PITCH0 stack+024 C0366B86 code[-8..+8] 01C0FF15ECD802C0A1600701C0BEC1A1
PITCH0 stack+030 C13A1F70 code[-8..+8] CCCCCCCCCCCCCCCC0000000000000000
PITCH0 stack+034 C13A1E94 code[-8..+8] FA0132C0FBFF03004F0B36C0CCCCCCCC
PITCH0 stack+038 C15200E8 code[-8..+8] 00000000FFFFFFFF00000000000040C1
PITCH0 stack+040 C03201FA code[-8..+8] 1CC11200000000070800FB0002900000
PITCH0 stack+048 C0360B4F code[-8..+8] 090000E80460000033C0BF108336C0CD
HEARTBEAT [0028:C0255CBB] cpl=0 pm=1 | 83 C6 04 49 75 F8 8B D0 C1 EA 10 5E C9 C3 00 00 | eax=4F4FF7A3 ebx=00009E5D ecx=00002B18 esi=C11066B0 edi=00010047 esp=C13A1D8C
HEARTBEAT [0028:C0374870] cpl=0 pm=1 | 74 FB 2B C0 8B 4F 10 83 C1 02 83 C0 01 E8 E3 96 | eax=C03E0D01 ebx=C15200E8 ecx=00000000 esi=C0FCE2A4 edi=C13A2000 esp=C13A1E70
HEARTBEAT [0028:C0009B2F] cpl=0 pm=1 | FB C3 80 7F 3F 40 73 23 80 47 3F 40 33 C0 B9 08 | eax=00000000 ebx=C15200E8 ecx=0000000C esi=C0FCE610 edi=C159F068 esp=C13A1BC4
HEARTBEAT [0028:C0FDBE9C] cpl=0 pm=1 | E2 FE EB EA 55 8B EC 56 57 53 8B 75 08 81 FE 06 | eax=00103D98 ebx=C0FD64D4 ecx=000A8847 esi=C0FDB323 edi=00000340 esp=C13B95F0
HEARTBEAT [0028:C0FDBE9C] cpl=0 pm=1 | E2 FE EB EA 55 8B EC 56 57 53 8B 75 08 81 FE 06 | eax=002899FF ebx=C0FD64D4 ecx=00128D2C esi=C0FDB323 edi=00000340 esp=C13B9610
HEARTBEAT [0028:C0255CBB] cpl=0 pm=1 | 83 C6 04 49 75 F8 8B D0 C1 EA 10 5E C9 C3 00 00 | eax=2CD58433 ebx=00000001 ecx=00001EC7 esi=C10E2A64 edi=0000001E esp=C13A1D98
HEARTBEAT [0028:C0275AC5] cpl=0 pm=1 | 66 2B 44 1A 24 8B 54 1A 28 D1 EA 8D 54 1A 20 66 | eax=0000004B ebx=C1136CE8 ecx=00000008 esi=C0FD9B43 edi=C0FD9B2A esp=C13A1B9C
[0117:0000B929] Illegal instruction 00008B55 (FF)
HEARTBEAT [0028:C002D569] cpl=0 pm=1 | EB 00 EB 00 8A E0 E4 40 86 E0 C3 56 9C 33 D2 E8 | eax=00000025 ebx=C15200E8 ecx=00003CBE esi=C002D95C edi=00000064 esp=C13A1E30
MEMWATCH [0028:C000921F] w4 C0010810 = C0FD8528 | eax=C001080C ebx=81515C70 ecx=00000000 edx=C0FD1320 esi=C001080C edi=C0FD8528 ebp=C13A1E64
MEMWATCH  node C0FD8528 | 01 08 51 00 0C 08 01 C0 A0 13 FD C0 54 48 43 42 70 0F ED C0 E8 00 52 C1 02 00 00 00 00 00 00 00 
MEMWATCH  stack esp=C13A1E1C | C0FD13A0 C00092D5 C13A1E98 C0FD13A0 C13A1E64 C13A1E44 81515C70 C0FD1320 
HEARTBEAT [0028:C13C850F] cpl=0 pm=1 | 49 75 FD 59 49 75 E6 0F B6 C0 A3 44 94 3C C1 F9 | eax=000000D0 ebx=C13A366C ecx=00000025 esi=C13A369C edi=C1615A00 esp=C13A1C64
HEARTBEAT [0028:C13C84FD] cpl=0 pm=1 | A8 80 75 08 A8 01 75 11 A8 08 75 17 51 B9 00 01 | eax=000000D0 ebx=C13A366C ecx=00004E20 esi=C13A369C edi=C1667400 esp=C13A1B78
MEMWATCH [0028:C000921F] w4 C0010810 = C0FD54A8 | eax=C001080C ebx=81516D5C ecx=00000000 edx=C10CD6F8 esi=C001080C edi=C0FD54A8 ebp=C13A1E64
MEMWATCH  node C0FD54A8 | 01 08 51 00 0C 08 01 C0 78 D7 0C C1 54 48 43 42 70 2F ED C0 E8 00 52 C1 03 00 00 00 00 00 00 00 
MEMWATCH  stack esp=C13A1E1C | C10CD778 C00092D5 C13A1E98 C10CD778 C13A1E64 C13A1E44 81516D5C C10CD6F8 
MEMWATCH [0028:C000921F] w4 C0010810 = C0FD626C | eax=C001080C ebx=815177F0 ecx=00000000 edx=C0FD6190 esi=C001080C edi=C0FD626C ebp=C13A1E70
MEMWATCH  node C0FD626C | 01 08 51 00 0C 08 01 C0 3C 0C FD C0 54 48 43 42 70 6F ED C0 E8 00 52 C1 05 00 00 00 00 00 00 00 
MEMWATCH  stack esp=C13A1E28 | C0FD0C3C C00092D5 C159F068 C0FD0C3C C13A1E70 C13A1E50 815177F0 C0FD6190 
MEMWATCH [0028:C000921F] w4 C0010810 = C0FD4280 | eax=C001080C ebx=C15200E8 ecx=00000000 edx=C0FD4194 esi=C001080C edi=C0FD4280 ebp=C0ED4E88
MEMWATCH  node C0FD4280 | 01 08 51 00 0C 08 01 C0 14 42 FD C0 54 48 43 42 70 8F ED C0 E8 00 52 C1 06 00 00 00 00 00 00 00 
MEMWATCH  stack esp=C0ED4E40 | C0FD4214 C00092D5 C0001300 C0FD4214 C0ED4E88 C0ED4E68 C15200E8 C0FD4194 
MEMWATCH [0028:C000921F] w4 C0010810 = C0FD6094 | eax=C001080C ebx=00000000 ecx=00000002 edx=C0FD5FA8 esi=C001080C edi=C0FD6094 ebp=C0ED8E6C
MEMWATCH  node C0FD6094 | 01 08 51 00 0C 08 01 C0 28 60 FD C0 54 48 43 42 70 4F ED C0 E8 00 52 C1 04 00 3F 01 78 9F 17 80 
MEMWATCH  stack esp=C0ED8E24 | C0FD6028 C00092D5 81517494 C0FD6028 C0ED8E6C C0ED8E4C 00000000 C0FD5FA8 
MEMWATCH [0028:C000921F] w4 C0010810 = C0FD6094 | eax=C001080C ebx=C15200E8 ecx=00000000 edx=C025C988 esi=C001080C edi=C0FD6094 ebp=C0ED8F70
MEMWATCH  node C0FD6094 | 01 08 51 00 0C 08 01 C0 24 68 FD C0 54 48 43 42 70 4F ED C0 E8 00 52 C1 04 00 3F 01 78 9F 17 80 
MEMWATCH  stack esp=C0ED8E54 | C0FD6824 C00092D5 C0001300 C0FD6824 C0ED8F70 C0ED8E7C C15200E8 C025C988 
MEMWATCH [0028:C000921F] w4 C0010810 = C0FD6094 | eax=C001080C ebx=00000000 ecx=00000001 edx=C0FD5FA8 esi=C001080C edi=C0FD6094 ebp=C0ED8E6C
MEMWATCH  node C0FD6094 | 01 08 51 00 0C 08 01 C0 28 60 FD C0 54 48 43 42 70 4F ED C0 E8 00 52 C1 04 00 3F 01 78 9F 17 80 
MEMWATCH  stack esp=C0ED8E24 | C0FD6028 C00092D5 81517494 C0FD6028 C0ED8E6C C0ED8E4C 00000000 C0FD5FA8 
MEMWATCH [0028:C000921F] w4 C0010810 = C0FD6094 | eax=C001080C ebx=C15200E8 ecx=00000000 edx=C025C988 esi=C001080C edi=C0FD6094 ebp=C0ED8F70
MEMWATCH  node C0FD6094 | 01 08 51 00 0C 08 01 C0 24 68 FD C0 54 48 43 42 70 4F ED C0 E8 00 52 C1 04 00 3F 01 78 9F 17 80 
MEMWATCH  stack esp=C0ED8E54 | C0FD6824 C00092D5 C0001300 C0FD6824 C0ED8F70 C0ED8E7C C15200E8 C025C988 
HEARTBEAT [0028:C0024017] cpl=0 pm=1 | F3 A5 0F A4 C1 02 F3 A4 F8 C3 C6 45 34 0F F9 C3 | eax=30583000 ebx=C160CA00 ecx=00000018 esi=C160CBA0 edi=800E24E0 esp=C0ED4C84
MEMWATCH [0028:C000921F] w4 C0010810 = C0FD4280 | eax=C001080C ebx=815186A4 ecx=00000000 edx=C0FD4194 esi=C001080C edi=C0FD4280 ebp=C0ED4DD4
MEMWATCH  node C0FD4280 | 01 08 51 00 0C 08 01 C0 14 42 FD C0 54 48 43 42 70 8F ED C0 E8 00 52 C1 06 00 3F 01 A0 FD 72 00 
MEMWATCH  stack esp=C0ED4D8C | C0FD4214 C00092D5 C0FD6094 C0FD4214 C0ED4DD4 C0ED4DB4 815186A4 C0FD4194 
MEMWATCH [0028:C000921F] w4 C0010810 = C0FDFD28 | eax=C001080C ebx=C15200E8 ecx=00000000 edx=C0FDFC4C esi=C001080C edi=C0FDFD28 ebp=C0ED4DE4
MEMWATCH  node C0FDFD28 | 01 08 51 00 0C 08 01 C0 58 5F FD C0 54 48 43 42 70 AF ED C0 E8 00 52 C1 07 00 00 00 00 00 00 00 
MEMWATCH  stack esp=C0ED4D9C | C0FD5F58 C00092D5 C0FDFD28 C0FD5F58 C0ED4DE4 C0ED4DC4 C15200E8 C0FDFC4C 
HEARTBEAT [0028:C0275AC5] cpl=0 pm=1 | 66 2B 44 1A 24 8B 54 1A 28 D1 EA 8D 54 1A 20 66 | eax=00000054 ebx=C1136CE8 ecx=00000001 esi=C0FD9B4D edi=C0FD9B3E esp=C13B9AD4
MEMWATCH [0028:C000921F] w4 C0010810 = C0FDFD28 | eax=C001080C ebx=C15200E8 ecx=00000000 edx=C0FDFC4C esi=C001080C edi=C0FDFD28 ebp=C0ED4E80
MEMWATCH  node C0FDFD28 | 01 08 51 00 0C 08 01 C0 58 5F FD C0 54 48 43 42 70 AF ED C0 E8 00 52 C1 07 00 00 00 00 00 00 00 
MEMWATCH  stack esp=C0ED4E38 | C0FD5F58 C00092D5 C0FDFD28 C0FD5F58 C0ED4E80 C0ED4E60 C15200E8 C0FDFC4C 
MEMWATCH [0028:C000921F] w4 C0010810 = C159F068 | eax=C001080C ebx=C15200E8 ecx=00000000 edx=C0FD6B58 esi=C001080C edi=C159F068 ebp=C0ED4E80
MEMWATCH  node C159F068 | 01 08 41 00 0C 08 01 C0 A4 30 FD C0 54 48 43 42 70 1F 3A C1 E8 00 52 C1 01 00 8F 00 8C 1F 3A C1 
MEMWATCH  stack esp=C0ED4E38 | C0FD30A4 C00092D5 C159F068 C0FD30A4 C0ED4E80 C0ED4E60 C15200E8 C0FD6B58 
HEARTBEAT [0137:BFF7B2EA] cpl=3 pm=1 | 89 91 08 01 00 00 C2 04 00 55 8B EC 83 EC 10 C7 | eax=C0FE0670 ebx=8151A2EC ecx=0078FDE0 esi=8151A330 edi=7FD40000 esp=0078FDCC
MEMWATCH [0028:C000921F] w4 C0010810 = C159F068 | eax=C001080C ebx=8161430C ecx=00000000 edx=C0FD6B58 esi=C001080C edi=C159F068 ebp=C0EDCE64
MEMWATCH  node C159F068 | 01 08 41 00 0C 08 01 C0 A4 30 FD C0 54 48 43 42 70 1F 3A C1 E8 00 52 C1 01 00 2F 01 F6 11 00 00 
MEMWATCH  stack esp=C0EDCE1C | C0FD30A4 C00092D5 C0EDCE98 C0FD30A4 C0EDCE64 C0EDCE44 8161430C C0FD6B58 
MEMWATCH [0028:C000921F] w4 C0010810 = C0FD6094 | eax=C001080C ebx=81517494 ecx=00000000 edx=C0FD5FA8 esi=C001080C edi=C0FD6094 ebp=C0EDCE64
MEMWATCH  node C0FD6094 | 01 08 51 00 0C 08 01 C0 28 60 FD C0 54 48 43 42 70 4F ED C0 E8 00 52 C1 04 00 DF 14 88 32 00 00 
MEMWATCH  stack esp=C0EDCE1C | C0FD6028 C00092D5 C0EDCE98 C0FD6028 C0EDCE64 C0EDCE44 81517494 C0FD5FA8 
MEMWATCH [0028:C000921F] w4 C0010810 = C159F068 | eax=C001080C ebx=C15200E8 ecx=00000000 edx=C0FD6B58 esi=C001080C edi=C159F068 ebp=C0ED4E80
MEMWATCH  node C159F068 | 01 08 41 00 0C 08 01 C0 A4 30 FD C0 54 48 43 42 70 1F 3A C1 E8 00 52 C1 01 00 2F 01 F6 11 00 00 
MEMWATCH  stack esp=C0ED4E38 | C0FD30A4 C00092D5 C159F068 C0FD30A4 C0ED4E80 C0ED4E60 C15200E8 C0FD6B58 
MEMWATCH [0028:C000921F] w4 C0010810 = C159F068 | eax=C001080C ebx=8161430C ecx=00000000 edx=C0FD6B58 esi=C001080C edi=C159F068 ebp=C0EDCE64
MEMWATCH  node C159F068 | 01 08 41 00 0C 08 01 C0 A4 30 FD C0 54 48 43 42 70 1F 3A C1 E8 00 52 C1 01 00 2F 01 F6 11 00 00 
MEMWATCH  stack esp=C0EDCE1C | C0FD30A4 C00092D5 C0EDCE98 C0FD30A4 C0EDCE64 C0EDCE44 8161430C C0FD6B58 
MEMWATCH [0028:C000921F] w4 C0010810 = C159F068 | eax=C001080C ebx=C15200E8 ecx=00000000 edx=C0FD6B58 esi=C001080C edi=C159F068 ebp=C0ED4E80
MEMWATCH  node C159F068 | 01 08 41 00 0C 08 01 C0 A4 30 FD C0 54 48 43 42 70 1F 3A C1 E8 00 52 C1 01 00 2F 01 F6 11 00 00 
MEMWATCH  stack esp=C0ED4E38 | C0FD30A4 C00092D5 C159F068 C0FD30A4 C0ED4E80 C0ED4E60 C15200E8 C0FD6B58 
MEMWATCH [0028:C000921F] w4 C0010810 = C159F068 | eax=C001080C ebx=8161430C ecx=8151A2EC edx=C0FD6B58 esi=C001080C edi=C159F068 ebp=C0EDCE64
MEMWATCH  node C159F068 | 01 08 41 00 0C 08 01 C0 A4 30 FD C0 54 48 43 42 70 1F 3A C1 E8 00 52 C1 01 00 2F 01 F6 11 00 00 
MEMWATCH  stack esp=C0EDCE1C | C0FD30A4 C00092D5 C0EDCE98 C0FD30A4 C0EDCE64 C0EDCE44 8161430C C0FD6B58 
MEMWATCH [0028:C000921F] w4 C0010810 = C159F068 | eax=C001080C ebx=C15200E8 ecx=00000000 edx=C0FD6B58 esi=C001080C edi=C159F068 ebp=C0ED4E80
MEMWATCH  node C159F068 | 01 08 41 00 0C 08 01 C0 A4 30 FD C0 54 48 43 42 70 1F 3A C1 E8 00 52 C1 01 00 2F 01 F6 11 00 00 
MEMWATCH  stack esp=C0ED4E38 | C0FD30A4 C00092D5 C159F068 C0FD30A4 C0ED4E80 C0ED4E60 C15200E8 C0FD6B58 
MEMWATCH [0028:C000921F] w4 C0010810 = C159F068 | eax=C001080C ebx=8161430C ecx=8151AD84 edx=C0FD6B58 esi=C001080C edi=C159F068 ebp=C0EF0E64
MEMWATCH  node C159F068 | 01 08 41 00 0C 08 01 C0 A4 30 FD C0 54 48 43 42 70 1F 3A C1 E8 00 52 C1 01 00 2F 01 F6 11 00 00 
MEMWATCH  stack esp=C0EF0E1C | C0FD30A4 C00092D5 C0EF0E98 C0FD30A4 C0EF0E64 C0EF0E44 8161430C C0FD6B58 
MEMWATCH [0028:C000921F] w4 C0010810 = C159F068 | eax=C001080C ebx=C15200E8 ecx=00000000 edx=C0FD6B58 esi=C001080C edi=C159F068 ebp=C0ED4E80
MEMWATCH  node C159F068 | 01 08 41 00 0C 08 01 C0 A4 30 FD C0 54 48 43 42 70 1F 3A C1 E8 00 52 C1 01 00 2F 01 F6 11 00 00 
MEMWATCH  stack esp=C0ED4E38 | C0FD30A4 C00092D5 C159F068 C0FD30A4 C0ED4E80 C0ED4E60 C15200E8 C0FD6B58 
MEMWATCH [0028:C000921F] w4 C0010810 = C159F068 | eax=C001080C ebx=8161430C ecx=00000000 edx=C0FD6B58 esi=C001080C edi=C159F068 ebp=C0EDCE64
MEMWATCH  node C159F068 | 01 08 41 00 0C 08 01 C0 A4 30 FD C0 54 48 43 42 70 1F 3A C1 E8 00 52 C1 01 00 2F 01 F6 11 00 00 
MEMWATCH  stack esp=C0EDCE1C | C0FD30A4 C00092D5 C0EDCE98 C0FD30A4 C0EDCE64 C0EDCE44 8161430C C0FD6B58 
MEMWATCH [0028:C000921F] w4 C0010810 = C159F068 | eax=C001080C ebx=C15200E8 ecx=00000000 edx=C0FD6B58 esi=C001080C edi=C159F068 ebp=C0ED4E80
MEMWATCH  node C159F068 | 01 08 41 00 0C 08 01 C0 A4 30 FD C0 54 48 43 42 70 1F 3A C1 E8 00 52 C1 01 00 2F 01 F6 11 00 00 
MEMWATCH  stack esp=C0ED4E38 | C0FD30A4 C00092D5 C159F068 C0FD30A4 C0ED4E80 C0ED4E60 C15200E8 C0FD6B58 
MEMWATCH [0028:C000921F] w4 C0010810 = C159F068 | eax=C001080C ebx=8161430C ecx=00000000 edx=C0FD6B58 esi=C001080C edi=C159F068 ebp=C0EDCE64
MEMWATCH  node C159F068 | 01 08 41 00 0C 08 01 C0 A4 30 FD C0 54 48 43 42 70 1F 3A C1 E8 00 52 C1 01 00 2F 01 F6 11 00 00 
MEMWATCH  stack esp=C0EDCE1C | C0FD30A4 C00092D5 C0EDCE98 C0FD30A4 C0EDCE64 C0EDCE44 8161430C C0FD6B58 
MEMWATCH [0028:C000921F] w4 C0010810 = C0FD6094 | eax=C001080C ebx=81517494 ecx=00000000 edx=C0FD5FA8 esi=C001080C edi=C0FD6094 ebp=C0EDCE64
MEMWATCH  node C0FD6094 | 01 08 51 00 0C 08 01 C0 28 60 FD C0 54 48 43 42 70 4F ED C0 E8 00 52 C1 04 00 DF 14 88 32 00 00 
MEMWATCH  stack esp=C0EDCE1C | C0FD6028 C00092D5 C0EDCE98 C0FD6028 C0EDCE64 C0EDCE44 81517494 C0FD5FA8 
MEMWATCH [0028:C000921F] w4 C0010810 = C159F068 | eax=C001080C ebx=C15200E8 ecx=00000000 edx=C0FD6B58 esi=C001080C edi=C159F068 ebp=C0ED4E80
MEMWATCH  node C159F068 | 01 08 41 00 0C 08 01 C0 A4 30 FD C0 54 48 43 42 70 1F 3A C1 E8 00 52 C1 01 00 2F 01 F6 11 00 00 
MEMWATCH  stack esp=C0ED4E38 | C0FD30A4 C00092D5 C159F068 C0FD30A4 C0ED4E80 C0ED4E60 C15200E8 C0FD6B58 
MEMWATCH [0028:C000921F] w4 C0010810 = C159F068 | eax=C001080C ebx=8161430C ecx=00000000 edx=C0FD6B58 esi=C001080C edi=C159F068 ebp=C0EDCE64
MEMWATCH  node C159F068 | 01 08 41 00 0C 08 01 C0 A4 30 FD C0 54 48 43 42 70 1F 3A C1 E8 00 52 C1 01 00 2F 01 F6 11 00 00 
MEMWATCH  stack esp=C0EDCE1C | C0FD30A4 C00092D5 C0EDCE98 C0FD30A4 C0EDCE64 C0EDCE44 8161430C C0FD6B58 
MEMWATCH [0028:C000921F] w4 C0010810 = C0FD6094 | eax=C001080C ebx=81517494 ecx=00000000 edx=C0FD5FA8 esi=C001080C edi=C0FD6094 ebp=C0EDCE64
MEMWATCH  node C0FD6094 | 01 08 51 00 0C 08 01 C0 28 60 FD C0 54 48 43 42 70 4F ED C0 E8 00 52 C1 04 00 DF 14 88 32 00 00 
MEMWATCH  stack esp=C0EDCE1C | C0FD6028 C00092D5 C0EDCE98 C0FD6028 C0EDCE64 C0EDCE44 81517494 C0FD5FA8 
MEMWATCH [0028:C000921F] w4 C0010810 = C0FD6094 | eax=C001080C ebx=C15200E8 ecx=00000000 edx=C0FD5FA8 esi=C001080C edi=C0FD6094 ebp=C0EDAE80
MEMWATCH  node C0FD6094 | 01 08 51 00 0C 08 01 C0 28 60 FD C0 54 48 43 42 70 4F ED C0 E8 00 52 C1 04 00 DF 14 88 32 00 00 
MEMWATCH  stack esp=C0EDAE38 | C0FD6028 C00092D5 C0FD6094 C0FD6028 C0EDAE80 C0EDAE60 C15200E8 C0FD5FA8 
MEMWATCH [0028:C000921F] w4 C0010810 = C159F068 | eax=C001080C ebx=C15200E8 ecx=00000000 edx=C0FD6B58 esi=C001080C edi=C159F068 ebp=C0EDAE80
MEMWATCH  node C159F068 | 01 08 41 00 0C 08 01 C0 A4 30 FD C0 54 48 43 42 70 1F 3A C1 E8 00 52 C1 01 00 2F 01 F6 11 00 00 
MEMWATCH  stack esp=C0EDAE38 | C0FD30A4 C00092D5 C159F068 C0FD30A4 C0EDAE80 C0EDAE60 C15200E8 C0FD6B58 
MEMWATCH [0028:C000921F] w4 C0010810 = C159F068 | eax=C001080C ebx=8161430C ecx=00000000 edx=C0FD6B58 esi=C001080C edi=C159F068 ebp=C0EDCE64
MEMWATCH  node C159F068 | 01 08 41 00 0C 08 01 C0 A4 30 FD C0 54 48 43 42 70 1F 3A C1 E8 00 52 C1 01 00 2F 01 F6 11 00 00 
MEMWATCH  stack esp=C0EDCE1C | C0FD30A4 C00092D5 C0EDCE98 C0FD30A4 C0EDCE64 C0EDCE44 8161430C C0FD6B58 
MEMWATCH [0028:C000921F] w4 C0010810 = C0FE02A0 | eax=C001080C ebx=00000000 ecx=00000001 edx=C0FE01C4 esi=C001080C edi=C0FE02A0 ebp=C0ED4E6C
MEMWATCH  node C0FE02A0 | 01 08 51 00 0C 08 01 C0 B4 FF FD C0 54 48 43 42 70 CF ED C0 E8 00 52 C1 0A 00 3F 01 80 F4 66 00 
MEMWATCH  stack esp=C0ED4E24 | C0FDFFB4 C00092D5 8151AD84 C0FDFFB4 C0ED4E6C C0ED4E4C 00000000 C0FE01C4 
MEMWATCH [0028:C000921F] w4 C0010810 = C0FE02A0 | eax=C001080C ebx=C15200E8 ecx=00000000 edx=C025C988 esi=C001080C edi=C0FE02A0 ebp=C0ED4F70
MEMWATCH  node C0FE02A0 | 01 08 51 00 0C 08 01 C0 24 68 FD C0 54 48 43 42 70 CF ED C0 E8 00 52 C1 0A 00 3F 01 80 F4 66 00 
MEMWATCH  stack esp=C0ED4E54 | C0FD6824 C00092D5 C0001300 C0FD6824 C0ED4F70 C0ED4E7C C15200E8 C025C988 
MEMWATCH [0028:C000921F] w4 C0010810 = C159F068 | eax=C001080C ebx=C15200E8 ecx=00000000 edx=C0FD6B58 esi=C001080C edi=C159F068 ebp=C0ED4E80
MEMWATCH  node C159F068 | 01 08 41 00 0C 08 01 C0 A4 30 FD C0 54 48 43 42 70 1F 3A C1 E8 00 52 C1 01 00 2F 01 F6 11 00 00 
MEMWATCH  stack esp=C0ED4E38 | C0FD30A4 C00092D5 C159F068 C0FD30A4 C0ED4E80 C0ED4E60 C15200E8 C0FD6B58 
MEMWATCH [0028:C000921F] w4 C0010810 = C159F068 | eax=C001080C ebx=8161430C ecx=00000000 edx=C0FD6B58 esi=C001080C edi=C159F068 ebp=C0EDCE64
MEMWATCH  node C159F068 | 01 08 41 00 0C 08 01 C0 A4 30 FD C0 54 48 43 42 70 1F 3A C1 E8 00 52 C1 01 00 2F 01 F6 11 00 00 
MEMWATCH  stack esp=C0EDCE1C | C0FD30A4 C00092D5 C0EDCE98 C0FD30A4 C0EDCE64 C0EDCE44 8161430C C0FD6B58 
MEMWATCH [0028:C000921F] w4 C0010810 = C0FD6094 | eax=C001080C ebx=81517494 ecx=00000000 edx=C0FD5FA8 esi=C001080C edi=C0FD6094 ebp=C0EDCE64
MEMWATCH  node C0FD6094 | 01 08 51 00 0C 08 01 C0 28 60 FD C0 54 48 43 42 70 4F ED C0 E8 00 52 C1 04 00 DF 14 88 32 00 00 
MEMWATCH  stack esp=C0EDCE1C | C0FD6028 C00092D5 C0EDCE98 C0FD6028 C0EDCE64 C0EDCE44 81517494 C0FD5FA8 
MEMWATCH [0028:C000921F] w4 C0010810 = C159F068 | eax=C001080C ebx=C15200E8 ecx=00000000 edx=C0FD6B58 esi=C001080C edi=C159F068 ebp=C0ED4E80
MEMWATCH  node C159F068 | 01 08 41 00 0C 08 01 C0 A4 30 FD C0 54 48 43 42 70 1F 3A C1 E8 00 52 C1 01 00 2F 01 F6 11 00 00 
MEMWATCH  stack esp=C0ED4E38 | C0FD30A4 C00092D5 C159F068 C0FD30A4 C0ED4E80 C0ED4E60 C15200E8 C0FD6B58 
MEMWATCH [0028:C000921F] w4 C0010810 = C0FE0790 | eax=C001080C ebx=00000000 ecx=00000002 edx=C0FE0670 esi=C001080C edi=C0FE0790 ebp=C0EDCE6C
MEMWATCH  node C0FE0790 | 01 08 51 00 0C 08 01 C0 64 FF FD C0 54 48 43 42 70 0F EF C0 E8 00 52 C1 0B 00 3F 01 DA FD 78 00 
MEMWATCH  stack esp=C0EDCE24 | C0FDFF64 C00092D5 8151A2EC C0FDFF64 C0EDCE6C C0EDCE4C 00000000 C0FE0670 
MEMWATCH [0028:C000921F] w4 C0010810 = C0FE0790 | eax=C001080C ebx=C15200E8 ecx=00000000 edx=C025C988 esi=C001080C edi=C0FE0790 ebp=C0EDCF70
MEMWATCH  node C0FE0790 | 01 08 51 00 0C 08 01 C0 24 68 FD C0 54 48 43 42 70 0F EF C0 E8 00 52 C1 0B 00 3F 01 DA FD 78 00 
MEMWATCH  stack esp=C0EDCE54 | C0FD6824 C00092D5 C0001300 C0FD6824 C0EDCF70 C0EDCE7C C15200E8 C025C988 
MEMWATCH [0028:C000921F] w4 C0010810 = C0FE0790 | eax=C001080C ebx=00000000 ecx=00000003 edx=C0FE0670 esi=C001080C edi=C0FE0790 ebp=C0EDCE6C
MEMWATCH  node C0FE0790 | 01 08 51 00 0C 08 01 C0 64 FF FD C0 54 48 43 42 70 0F EF C0 E8 00 52 C1 0B 00 3F 01 10 FD 78 00 
MEMWATCH  stack esp=C0EDCE24 | C0FDFF64 C00092D5 8151A2EC C0FDFF64 C0EDCE6C C0EDCE4C 00000000 C0FE0670 
MEMWATCH [0028:C000921F] w4 C0010810 = C159F068 | eax=C001080C ebx=8161430C ecx=8151A2EC edx=C0FD6B58 esi=C001080C edi=C159F068 ebp=C0EDCE64
MEMWATCH  node C159F068 | 01 08 41 00 0C 08 01 C0 A4 30 FD C0 54 48 43 42 70 1F 3A C1 E8 00 52 C1 01 00 2F 01 F6 11 00 00 
MEMWATCH  stack esp=C0EDCE1C | C0FD30A4 C00092D5 C0EDCE98 C0FD30A4 C0EDCE64 C0EDCE44 8161430C C0FD6B58 
MEMWATCH [0028:C000921F] w4 C0010810 = C159F068 | eax=C001080C ebx=C15200E8 ecx=00000000 edx=C0FD6B58 esi=C001080C edi=C159F068 ebp=C0ED4E80
MEMWATCH  node C159F068 | 01 08 41 00 0C 08 01 C0 A4 30 FD C0 54 48 43 42 70 1F 3A C1 E8 00 52 C1 01 00 2F 01 F6 11 00 00 
MEMWATCH  stack esp=C0ED4E38 | C0FD30A4 C00092D5 C159F068 C0FD30A4 C0ED4E80 C0ED4E60 C15200E8 C0FD6B58 
MEMWATCH [0028:C000921F] w4 C0010810 = C159F068 | eax=C001080C ebx=8161430C ecx=00000000 edx=C0FD6B58 esi=C001080C edi=C159F068 ebp=C0EDCE64
MEMWATCH  node C159F068 | 01 08 41 00 0C 08 01 C0 A4 30 FD C0 54 48 43 42 70 1F 3A C1 E8 00 52 C1 01 00 2F 01 F6 11 00 00 
MEMWATCH  stack esp=C0EDCE1C | C0FD30A4 C00092D5 C0EDCE98 C0FD30A4 C0EDCE64 C0EDCE44 8161430C C0FD6B58 
MEMWATCH [0028:C000921F] w4 C0010810 = C159F068 | eax=C001080C ebx=C15200E8 ecx=00000000 edx=C0FD6B58 esi=C001080C edi=C159F068 ebp=C0ED4E80
MEMWATCH  node C159F068 | 01 08 41 00 0C 08 01 C0 A4 30 FD C0 54 48 43 42 70 1F 3A C1 E8 00 52 C1 01 00 2F 01 F6 11 00 00 
MEMWATCH  stack esp=C0ED4E38 | C0FD30A4 C00092D5 C159F068 C0FD30A4 C0ED4E80 C0ED4E60 C15200E8 C0FD6B58 
MEMWATCH [0028:C000921F] w4 C0010810 = C159F068 | eax=C001080C ebx=8161430C ecx=00000000 edx=C0FD6B58 esi=C001080C edi=C159F068 ebp=C0EDCE64
MEMWATCH  node C159F068 | 01 08 41 00 0C 08 01 C0 A4 30 FD C0 54 48 43 42 70 1F 3A C1 E8 00 52 C1 01 00 2F 01 F6 11 00 00 
MEMWATCH  stack esp=C0EDCE1C | C0FD30A4 C00092D5 C0EDCE98 C0FD30A4 C0EDCE64 C0EDCE44 8161430C C0FD6B58 
MEMWATCH [0028:C000921F] w4 C0010810 = C159F068 | eax=C001080C ebx=C15200E8 ecx=00000000 edx=C0FD6B58 esi=C001080C edi=C159F068 ebp=C0ED4E80
MEMWATCH  node C159F068 | 01 08 41 00 0C 08 01 C0 A4 30 FD C0 54 48 43 42 70 1F 3A C1 E8 00 52 C1 01 00 2F 01 F6 11 00 00 
MEMWATCH  stack esp=C0ED4E38 | C0FD30A4 C00092D5 C159F068 C0FD30A4 C0ED4E80 C0ED4E60 C15200E8 C0FD6B58 
MEMWATCH [0028:C000921F] w4 C0010810 = C0FE02A0 | eax=C001080C ebx=00000000 ecx=00000002 edx=C0FE01C4 esi=C001080C edi=C0FE02A0 ebp=C0EF4E6C
MEMWATCH  node C0FE02A0 | 01 08 51 00 0C 08 01 C0 B4 FF FD C0 54 48 43 42 70 CF ED C0 E8 00 52 C1 0A 00 67 1E 20 87 00 00 
MEMWATCH  stack esp=C0EF4E24 | C0FDFFB4 C00092D5 8151AD84 C0FDFFB4 C0EF4E6C C0EF4E4C 00000000 C0FE01C4 
MEMWATCH [0028:C000921F] w4 C0010810 = C0FE02A0 | eax=C001080C ebx=8151AD84 ecx=00000000 edx=C0FE01C4 esi=C001080C edi=C0FE02A0 ebp=C0EF4E64
MEMWATCH  node C0FE02A0 | 01 08 51 00 0C 08 01 C0 B4 FF FD C0 54 48 43 42 70 CF ED C0 E8 00 52 C1 0A 00 67 1E 20 87 00 00 
MEMWATCH  stack esp=C0EF4E1C | C0FDFFB4 C00092D5 C0EF4E98 C0FDFFB4 C0EF4E64 C0EF4E44 8151AD84 C0FE01C4 
HEARTBEAT [0028:C0275A84] cpl=0 pm=1 | 66 3B 44 1A 24 73 0B 0F B7 54 1A 20 0B D2 75 F0 | eax=00000020 ebx=C1136CE8 ecx=00000001 esi=C0FD9B4A edi=C0FD9B38 esp=C0EF4B2C
MEMWATCH [0028:C000921F] w4 C0010810 = C0FE02A0 | eax=C001080C ebx=00000000 ecx=00000002 edx=C0FE01C4 esi=C001080C edi=C0FE02A0 ebp=C0EF6E6C
MEMWATCH  node C0FE02A0 | 01 08 51 00 0C 08 01 C0 B4 FF FD C0 54 48 43 42 70 CF ED C0 E8 00 52 C1 0A 00 67 1E 20 87 00 00 
MEMWATCH  stack esp=C0EF6E24 | C0FDFFB4 C00092D5 8151AD84 C0FDFFB4 C0EF6E6C C0EF6E4C 00000000 C0FE01C4 
MEMWATCH [0028:C000921F] w4 C0010810 = C0FE2298 | eax=C001080C ebx=8151F7CC ecx=8151AD84 edx=C0FE21BC esi=C001080C edi=C0FE2298 ebp=C0EF4E64
MEMWATCH  node C0FE2298 | 01 08 51 00 0C 08 01 C0 74 0D FE C0 54 48 43 42 70 6F EF C0 E8 00 52 C1 0E 00 3F 01 10 9F FF 81 
MEMWATCH  stack esp=C0EF4E1C | C0FE0D74 C00092D5 C0EF4E98 C0FE0D74 C0EF4E64 C0EF4E44 8151F7CC C0FE21BC 
MEMWATCH [0028:C000921F] w4 C0010810 = C0FE02A0 | eax=C001080C ebx=8151AD84 ecx=8151E6A4 edx=C0FE01C4 esi=C001080C edi=C0FE02A0 ebp=C0EF6E64
MEMWATCH  node C0FE02A0 | 01 08 51 00 0C 08 01 C0 B4 FF FD C0 54 48 43 42 70 CF ED C0 E8 00 52 C1 0A 00 67 1E 20 87 00 00 
MEMWATCH  stack esp=C0EF6E1C | C0FDFFB4 C00092D5 C0EF6E98 C0FDFFB4 C0EF6E64 C0EF6E44 8151AD84 C0FE01C4 
MEMWATCH [0028:C000921F] w4 C0010810 = C0FE1700 | eax=C001080C ebx=8151E6A4 ecx=8151AD84 edx=C0FE0C38 esi=C001080C edi=C0FE1700 ebp=C0EF6E64
MEMWATCH  node C0FE1700 | 01 18 51 00 0C 08 01 C0 B8 0C FE C0 54 48 43 42 70 4F EF C0 E8 00 52 C1 0D 00 3F 01 FE FC 63 00 
MEMWATCH  stack esp=C0EF6E1C | C0FE0CB8 C00092D5 C0EF6E98 C0FE0CB8 C0EF6E64 C0EF6E44 8151E6A4 C0FE0C38 
MEMWATCH [0028:C000921F] w4 C0010810 = C0FE02A0 | eax=C001080C ebx=8151AD84 ecx=8151F7CC edx=C0FE01C4 esi=C001080C edi=C0FE02A0 ebp=C0EF4E64
MEMWATCH  node C0FE02A0 | 01 08 51 00 0C 08 01 C0 B4 FF FD C0 54 48 43 42 70 CF ED C0 E8 00 52 C1 0A 00 3F 01 24 FD 66 00 
MEMWATCH  stack esp=C0EF4E1C | C0FDFFB4 C00092D5 C0EF4E98 C0FDFFB4 C0EF4E64 C0EF4E44 8151AD84 C0FE01C4 
MEMWATCH [0028:C000921F] w4 C0010810 = C0FE02A0 | eax=C001080C ebx=8151AD84 ecx=00000000 edx=C0FE01C4 esi=C001080C edi=C0FE02A0 ebp=C0EF4E64
MEMWATCH  node C0FE02A0 | 01 08 51 00 0C 08 01 C0 B4 FF FD C0 54 48 43 42 70 CF ED C0 E8 00 52 C1 0A 00 3F 01 D4 F8 66 00 
MEMWATCH  stack esp=C0EF4E1C | C0FDFFB4 C00092D5 C0EF4E98 C0FDFFB4 C0EF4E64 C0EF4E44 8151AD84 C0FE01C4 
MEMWATCH [0028:C000921F] w4 C0010810 = C0FE02A0 | eax=C001080C ebx=8151AD84 ecx=8151E6A4 edx=C0FE01C4 esi=C001080C edi=C0FE02A0 ebp=C0EF2E64
MEMWATCH  node C0FE02A0 | 01 08 51 00 0C 08 01 C0 B4 FF FD C0 54 48 43 42 70 CF ED C0 E8 00 52 C1 0A 00 3F 01 D4 F8 66 00 
MEMWATCH  stack esp=C0EF2E1C | C0FDFFB4 C00092D5 C0EF2E98 C0FDFFB4 C0EF2E64 C0EF2E44 8151AD84 C0FE01C4 
MEMWATCH [0028:C000921F] w4 C0010810 = C0FE02A0 | eax=C001080C ebx=00000000 ecx=00000001 edx=C0FE01C4 esi=C001080C edi=C0FE02A0 ebp=C0EF6E6C
MEMWATCH  node C0FE02A0 | 01 08 51 00 0C 08 01 C0 B4 FF FD C0 54 48 43 42 70 CF ED C0 E8 00 52 C1 0A 00 3F 01 D4 F8 66 00 
MEMWATCH  stack esp=C0EF6E24 | C0FDFFB4 C00092D5 8151AD84 C0FDFFB4 C0EF6E6C C0EF6E4C 00000000 C0FE01C4 
MEMWATCH [0028:C000921F] w4 C0010810 = C0FE0790 | eax=C001080C ebx=C15200E8 ecx=0000000A edx=C0FE0670 esi=C001080C edi=C0FE0790 ebp=C0EF2E70
MEMWATCH  node C0FE0790 | 01 08 51 00 0C 08 01 C0 64 FF FD C0 54 48 43 42 70 0F EF C0 E8 00 52 C1 0B 00 3F 01 10 FD 78 00 
MEMWATCH  stack esp=C0EF2E28 | C0FDFF64 C00092D5 C0FE09F4 C0FDFF64 C0EF2E70 C0EF2E50 C15200E8 C0FE0670 
MEMWATCH [0028:C000921F] w4 C0010810 = C0FE02A0 | eax=C001080C ebx=8151AD84 ecx=8151E6A4 edx=C0FE01C4 esi=C001080C edi=C0FE02A0 ebp=C0EF6E64
MEMWATCH  node C0FE02A0 | 01 08 51 00 0C 08 01 C0 B4 FF FD C0 54 48 43 42 70 CF ED C0 E8 00 52 C1 0A 00 3F 01 A8 FC 66 00 
MEMWATCH  stack esp=C0EF6E1C | C0FDFFB4 C00092D5 C0EF6E98 C0FDFFB4 C0EF6E64 C0EF6E44 8151AD84 C0FE01C4 
MEMWATCH [0028:C000921F] w4 C0010810 = C0FE1700 | eax=C001080C ebx=8151E6A4 ecx=8151A2EC edx=C0FE0C38 esi=C001080C edi=C0FE1700 ebp=C0EF6E64
MEMWATCH  node C0FE1700 | 01 18 51 00 0C 08 01 C0 B8 0C FE C0 54 48 43 42 70 4F EF C0 E8 00 52 C1 0D 00 3F 01 16 FA 63 00 
MEMWATCH  stack esp=C0EF6E1C | C0FE0CB8 C00092D5 C0EF6E98 C0FE0CB8 C0EF6E64 C0EF6E44 8151E6A4 C0FE0C38 
MEMWATCH [0028:C000921F] w4 C0010810 = C0FE0790 | eax=C001080C ebx=8151A2EC ecx=8151F7CC edx=C0FE0670 esi=C001080C edi=C0FE0790 ebp=C0EF4E64
MEMWATCH  node C0FE0790 | 01 08 51 00 0C 08 01 C0 64 FF FD C0 54 48 43 42 70 0F EF C0 E8 00 52 C1 0B 00 3F 01 10 FD 78 00 
MEMWATCH  stack esp=C0EF4E1C | C0FDFF64 C00092D5 C0EF4E98 C0FDFF64 C0EF4E64 C0EF4E44 8151A2EC C0FE0670 
MEMWATCH [0028:C000921F] w4 C0010810 = C0FE2298 | eax=C001080C ebx=00000000 ecx=00000001 edx=C0FE21BC esi=C001080C edi=C0FE2298 ebp=C0EDCE6C
MEMWATCH  node C0FE2298 | 01 08 51 00 0C 08 01 C0 74 0D FE C0 54 48 43 42 70 6F EF C0 E8 00 52 C1 0E 00 F7 1B EA 86 EF C0 
MEMWATCH  stack esp=C0EDCE24 | C0FE0D74 C00092D5 8151F7CC C0FE0D74 C0EDCE6C C0EDCE4C 00000000 C0FE21BC 
MEMWATCH [0028:C000921F] w4 C0010810 = C0FE2298 | eax=C001080C ebx=00000000 ecx=00000001 edx=C0FE21BC esi=C001080C edi=C0FE2298 ebp=C0EDCE6C
MEMWATCH  node C0FE2298 | 01 08 51 00 0C 08 01 C0 74 0D FE C0 54 48 43 42 70 6F EF C0 E8 00 52 C1 0E 00 F7 1B EA 86 EF C0 
MEMWATCH  stack esp=C0EDCE24 | C0FE0D74 C00092D5 8151F7CC C0FE0D74 C0EDCE6C C0EDCE4C 00000000 C0FE21BC 
HEARTBEAT [0028:C025AE64] cpl=0 pm=1 | 0F 82 23 00 00 00 81 7D 08 07 00 00 80 0F 83 16 | eax=C0EF2E6C ebx=C0001300 ecx=C0FDB658 esi=008AFF24 edi=008AFE78 esp=C0EF2E34
MEMWATCH [0028:C000921F] w4 C0010810 = C159F068 | eax=C001080C ebx=C15200E8 ecx=00000000 edx=C0FD6B58 esi=C001080C edi=C159F068 ebp=C0EDAE80
MEMWATCH  node C159F068 | 01 08 41 00 0C 08 01 C0 A4 30 FD C0 54 48 43 42 70 1F 3A C1 E8 00 52 C1 01 00 2F 01 F6 11 00 00 
MEMWATCH  stack esp=C0EDAE38 | C0FD30A4 C00092D5 C159F068 C0FD30A4 C0EDAE80 C0EDAE60 C15200E8 C0FD6B58 
MEMWATCH [0028:C000921F] w4 C0010810 = C0FE0790 | eax=C001080C ebx=00000000 ecx=00000004 edx=C0FE0670 esi=C001080C edi=C0FE0790 ebp=C0EF2E6C
MEMWATCH  node C0FE0790 | 01 08 51 00 0C 08 01 C0 64 FF FD C0 54 48 43 42 70 0F EF C0 E8 00 52 C1 0B 00 3F 01 10 FD 78 00 
MEMWATCH  stack esp=C0EF2E24 | C0FDFF64 C00092D5 8151A2EC C0FDFF64 C0EF2E6C C0EF2E4C 00000000 C0FE0670 
MEMWATCH [0028:C000921F] w4 C0010810 = C0FE0790 | eax=C001080C ebx=C15200E8 ecx=00000000 edx=C025C988 esi=C001080C edi=C0FE0790 ebp=C0EF2F70
MEMWATCH  node C0FE0790 | 01 08 51 00 0C 08 01 C0 24 68 FD C0 54 48 43 42 70 0F EF C0 E8 00 52 C1 0B 00 3F 01 10 FD 78 00 
MEMWATCH  stack esp=C0EF2E54 | C0FD6824 C00092D5 C0001300 C0FD6824 C0EF2F70 C0EF2E7C C15200E8 C025C988 
MEMWATCH [0028:C000921F] w4 C0010810 = C0FE0790 | eax=C001080C ebx=8151A2EC ecx=00000000 edx=C0FE0670 esi=C001080C edi=C0FE0790 ebp=C0EF2E64
MEMWATCH  node C0FE0790 | 01 08 51 00 0C 08 01 C0 64 FF FD C0 54 48 43 42 70 0F EF C0 E8 00 52 C1 0B 00 3F 01 10 FD 78 00 
MEMWATCH  stack esp=C0EF2E1C | C0FDFF64 C00092D5 C0EF2E98 C0FDFF64 C0EF2E64 C0EF2E44 8151A2EC C0FE0670 
MEMWATCH [0028:C000921F] w4 C0010810 = C0FE02A0 | eax=C001080C ebx=00000000 ecx=00000001 edx=C0FE01C4 esi=C001080C edi=C0FE02A0 ebp=C0EF2E6C
MEMWATCH  node C0FE02A0 | 01 08 51 00 0C 08 01 C0 B4 FF FD C0 54 48 43 42 70 CF ED C0 E8 00 52 C1 0A 00 3F 01 D4 F8 66 00 
MEMWATCH  stack esp=C0EF2E24 | C0FDFFB4 C00092D5 8151AD84 C0FDFFB4 C0EF2E6C C0EF2E4C 00000000 C0FE01C4 
MEMWATCH [0028:C000921F] w4 C0010810 = C0FE2298 | eax=C001080C ebx=00000000 ecx=00000001 edx=C0FE21BC esi=C001080C edi=C0FE2298 ebp=C0EF2E6C
MEMWATCH  node C0FE2298 | 01 08 51 00 0C 08 01 C0 74 0D FE C0 54 48 43 42 70 6F EF C0 E8 00 52 C1 0E 00 F7 1B EA 86 EF C0 
MEMWATCH  stack esp=C0EF2E24 | C0FE0D74 C00092D5 8151F7CC C0FE0D74 C0EF2E6C C0EF2E4C 00000000 C0FE21BC 
MEMWATCH [0028:C000921F] w4 C0010810 = C0FE2298 | eax=C001080C ebx=C15200E8 ecx=00000009 edx=C0FD6824 esi=C001080C edi=C0FE2298 ebp=C0EF2F70
MEMWATCH  node C0FE2298 | 01 08 51 00 0C 08 01 C0 24 68 FD C0 54 48 43 42 70 6F EF C0 E8 00 52 C1 0E 00 F7 1B EA 86 EF C0 
MEMWATCH  stack esp=C0EF2E54 | C0FD6824 C00092D5 C0001300 C0FD6824 C0EF2F70 C0EF2E7C C15200E8 C025C988 
MEMWATCH [0028:C000921F] w4 C0010810 = C0FE1700 | eax=C001080C ebx=00000000 ecx=00000001 edx=C0FE0C38 esi=C001080C edi=C0FE1700 ebp=C0EF2E6C
MEMWATCH  node C0FE1700 | 01 08 51 00 0C 08 01 C0 B8 0C FE C0 54 48 43 42 70 4F EF C0 E8 00 52 C1 0D 00 3F 01 78 FA 63 00 
MEMWATCH  stack esp=C0EF2E24 | C0FE0CB8 C00092D5 8151E6A4 C0FE0CB8 C0EF2E6C C0EF2E4C 00000000 C0FE0C38 
MEMWATCH [0028:C000921F] w4 C0010810 = C0FE1700 | eax=C001080C ebx=C15200E8 ecx=00000009 edx=C0FD6824 esi=C001080C edi=C0FE1700 ebp=C0EF2F70
MEMWATCH  node C0FE1700 | 01 08 51 00 0C 08 01 C0 24 68 FD C0 54 48 43 42 70 4F EF C0 E8 00 52 C1 0D 00 3F 01 78 FA 63 00 
MEMWATCH  stack esp=C0EF2E54 | C0FD6824 C00092D5 C0001300 C0FD6824 C0EF2F70 C0EF2E7C C15200E8 C025C988 
MEMWATCH [0028:C000921F] w4 C0010810 = C0FE2298 | eax=C001080C ebx=8151F7CC ecx=8151E6A4 edx=C0FE21BC esi=C001080C edi=C0FE2298 ebp=C0EF2E64
MEMWATCH  node C0FE2298 | 01 08 51 00 0C 08 01 C0 74 0D FE C0 54 48 43 42 70 6F EF C0 E8 00 52 C1 0E 00 F7 1B EA 86 EF C0 
MEMWATCH  stack esp=C0EF2E1C | C0FE0D74 C00092D5 C0EF2E98 C0FE0D74 C0EF2E64 C0EF2E44 8151F7CC C0FE21BC 
MEMWATCH [0028:C000921F] w4 C0010810 = C159F068 | eax=C001080C ebx=8161430C ecx=8151AD84 edx=C0FD6B58 esi=C001080C edi=C159F068 ebp=C0EF4E64
MEMWATCH  node C159F068 | 01 08 41 00 0C 08 01 C0 A4 30 FD C0 54 48 43 42 70 1F 3A C1 E8 00 52 C1 01 00 2F 01 F6 11 00 00 
MEMWATCH  stack esp=C0EF4E1C | C0FD30A4 C00092D5 C0EF4E98 C0FD30A4 C0EF4E64 C0EF4E44 8161430C C0FD6B58 
MEMWATCH [0028:C000921F] w4 C0010810 = C159F068 | eax=C001080C ebx=C15200E8 ecx=00000000 edx=C0FD6B58 esi=C001080C edi=C159F068 ebp=C0EDAE80
MEMWATCH  node C159F068 | 01 08 41 00 0C 08 01 C0 A4 30 FD C0 54 48 43 42 70 1F 3A C1 E8 00 52 C1 01 00 2F 01 F6 11 00 00 
MEMWATCH  stack esp=C0EDAE38 | C0FD30A4 C00092D5 C159F068 C0FD30A4 C0EDAE80 C0EDAE60 C15200E8 C0FD6B58 
MEMWATCH [0028:C000921F] w4 C0010810 = C0FE0790 | eax=C001080C ebx=00000000 ecx=00000005 edx=C0FE0670 esi=C001080C edi=C0FE0790 ebp=C0EF2E6C
MEMWATCH  node C0FE0790 | 01 08 51 00 0C 08 01 C0 64 FF FD C0 54 48 43 42 70 0F EF C0 E8 00 52 C1 0B 00 3F 01 04 FD 78 00 
MEMWATCH  stack esp=C0EF2E24 | C0FDFF64 C00092D5 8151A2EC C0FDFF64 C0EF2E6C C0EF2E4C 00000000 C0FE0670 
MEMWATCH [0028:C000921F] w4 C0010810 = C0FE0790 | eax=C001080C ebx=C15200E8 ecx=00000000 edx=C025C988 esi=C001080C edi=C0FE0790 ebp=C0EF2F70
MEMWATCH  node C0FE0790 | 01 08 51 00 0C 08 01 C0 24 68 FD C0 54 48 43 42 70 0F EF C0 E8 00 52 C1 0B 00 3F 01 04 FD 78 00 
MEMWATCH  stack esp=C0EF2E54 | C0FD6824 C00092D5 C0001300 C0FD6824 C0EF2F70 C0EF2E7C C15200E8 C025C988 
MEMWATCH [0028:C000921F] w4 C0010810 = C0FE0790 | eax=C001080C ebx=8151A2EC ecx=00000000 edx=C0FE0670 esi=C001080C edi=C0FE0790 ebp=C0EF2E64
MEMWATCH  node C0FE0790 | 01 08 51 00 0C 08 01 C0 64 FF FD C0 54 48 43 42 70 0F EF C0 E8 00 52 C1 0B 00 3F 01 04 FD 78 00 
MEMWATCH  stack esp=C0EF2E1C | C0FDFF64 C00092D5 C0EF2E98 C0FDFF64 C0EF2E64 C0EF2E44 8151A2EC C0FE0670 
HEARTBEAT [0137:BFF7803D] cpl=3 pm=1 | 8D 1C 3E 8B 03 A8 01 74 25 25 FC FF FF 0F 8B 53 | eax=F00000D4 ebx=0001D2B0 ecx=00100000 esi=00442C5C edi=000000D4 esp=008AFB94
MEMWATCH [0028:C000921F] w4 C0010810 = C159F068 | eax=C001080C ebx=C15200E8 ecx=00000000 edx=C0FD6B58 esi=C001080C edi=C159F068 ebp=C0ED4E80
MEMWATCH  node C159F068 | 01 08 41 00 0C 08 01 C0 A4 30 FD C0 54 48 43 42 70 1F 3A C1 E8 00 52 C1 01 00 2F 01 F6 11 00 00 
MEMWATCH  stack esp=C0ED4E38 | C0FD30A4 C00092D5 C159F068 C0FD30A4 C0ED4E80 C0ED4E60 C15200E8 C0FD6B58 
HEARTBEAT [0028:C000368B] cpl=0 pm=1 | 74 1F F6 03 20 74 08 FF 15 78 E5 00 C0 EB 23 FF | eax=C0FCE4BC ebx=C15200E8 ecx=C0FCE0C4 esi=00000002 edi=C00035F9 esp=C13A1E4C
HEARTBEAT [0028:C000383C] cpl=0 pm=1 | 89 46 1C 80 66 73 BF 5D 58 FF 46 24 5E 5B C3 57 | eax=000011F6 ebx=C15200E8 ecx=003B0204 esi=C159F068 edi=C159F068 esp=C13A1E38
HEARTBEAT [0028:C00036D7] cpl=0 pm=1 | 8B 6B 08 8B 45 2C 0F 01 1D B0 AB 00 C0 FD 8D 75 | eax=00000004 ebx=C15200E8 ecx=FCB22FF7 esi=C0FCE140 edi=C159F068 esp=C13A1D8C
HEARTBEAT [0028:C025B7FC] cpl=0 pm=1 | 8B 05 30 EA 00 C0 2D 10 27 00 00 39 05 8C 04 32 | eax=00000004 ebx=C15200E8 ecx=C0FCEF5C esi=C0FCF6A0 edi=C159F068 esp=C13A1E40
HEARTBEAT [0028:C0FCE0D6] cpl=0 pm=1 | 8B 1D 1C 07 01 C0 0F 82 5A 44 03 FF C3 3E E8 E9 | eax=0000002F ebx=C15200E8 ecx=00000016 esi=C0FCE91C edi=C13A1DD4 esp=C13A1DA8
MEMWATCH [0028:C000921F] w4 C0010810 = C159F068 | eax=C001080C ebx=C15200E8 ecx=00000000 edx=C0FD6B58 esi=C001080C edi=C159F068 ebp=C0ED4E80
MEMWATCH  node C159F068 | 01 08 41 00 0C 08 01 C0 A4 30 FD C0 54 48 43 42 70 1F 3A C1 E8 00 52 C1 01 00 2F 01 F6 11 00 00 
MEMWATCH  stack esp=C0ED4E38 | C0FD30A4 C00092D5 C159F068 C0FD30A4 C0ED4E80 C0ED4E60 C15200E8 C0FD6B58 
HEARTBEAT [0028:C0015E78] cpl=0 pm=1 | FF 25 08 AB 01 C0 80 3D 0C AB 01 C0 01 73 01 C3 | eax=00000004 ebx=C15200E8 ecx=00000004 esi=C0FCF1E0 edi=C159F068 esp=C13A1E6C
HEARTBEAT [0028:C0007E1B] cpl=0 pm=1 | C3 8B 4B 30 C3 83 3D 14 02 01 C0 00 74 50 0F B6 | eax=0000002F ebx=C15200E8 ecx=C1400000 esi=C15200E8 edi=C13A1DD4 esp=C13A1DA4
HEARTBEAT [0028:C0003951] cpl=0 pm=1 | FA 50 57 83 7E 04 00 74 12 E8 D1 FF FF FF A1 34 | eax=00000004 ebx=C15200E8 ecx=00000004 esi=C0FCE91C edi=C159F068 esp=C13A1E68
HEARTBEAT [0028:C00013AF] cpl=0 pm=1 | 66 83 7C 24 28 3B 74 4D 8E 5C 24 3C 8E 44 24 38 | eax=00000000 ebx=C15200E8 ecx=00000004 esi=C0FCF390 edi=C159F068 esp=C13A1F70
HEARTBEAT [060E:00000730] cpl=3 pm=1 | 5B 75 1E 2E FF 2E 9C 06 33 07 60 07 2E 80 3E 37 | eax=00001607 ebx=C0FD0007 ecx=00000000 esi=00000097 edi=000014FE esp=00000238
HEARTBEAT [0028:C0FCE694] cpl=0 pm=1 | 0F 82 5E FF FF FF C3 C1 70 F3 FC C0 00 00 00 00 | eax=0000002F ebx=C15200E8 ecx=00000016 esi=C0FCE8D8 edi=C13A1DD4 esp=C13A1DA8
HEARTBEAT [0028:C0FCE0CC] cpl=0 pm=1 | E8 D3 63 03 FF B8 2F 00 00 00 8B 1D 1C 07 01 C0 | eax=0000002F ebx=C15200E8 ecx=00000016 esi=C0FCE830 edi=C13A1DD4 esp=C13A1DA8
HEARTBEAT [0028:C0003754] cpl=0 pm=1 | FC 25 FF 8F FC FF 89 45 2C 83 2D C0 AE 00 C0 10 | eax=00023246 ebx=C15200E8 ecx=00000000 esi=C13A1FD8 edi=C13A1F90 esp=C13A1D8C
HEARTBEAT [0028:C00034CF] cpl=0 pm=1 | FA 8B 56 04 8B 02 85 C0 75 08 FF 15 BC E5 00 C0 | eax=00000004 ebx=C15200E8 ecx=FCB22FF7 esi=C10CD84C edi=C159F068 esp=C13A1DA8
