#
# 86Box v7.0 logfile, created 2026/10/10 14:34:38
#
# Emulator path: C:/Users/lycet/RiderProjects/86Box-Inboard/86box_xtcf/build/src//
# Global configuration file: C:/Users/lycet/AppData/Local/86Box/86box_global.cfg
# VM: vm_xtide_mpd
#
# Configuration file: C:/Users/lycet/RiderProjects/86Box-Inboard/vm_xtide_mpd/86box.cfg
#

# Userfiles path: C:/Users/lycet/RiderProjects/86Box-Inboard/vm_xtide_mpd/
# ROM path: C:/Users/lycet/RiderProjects/86Box-Inboard/vm_xtide_mpd/roms/
# ROM path: C:/Users/lycet/RiderProjects/86Box-Inboard/86box_xtcf/build/src//roms/
# ROM path: C:/Users/lycet/AppData/Local/86Box/roms/
# Asset path: C:/Users/lycet/RiderProjects/86Box-Inboard/vm_xtide_mpd/assets/
# Asset path: C:/Users/lycet/RiderProjects/86Box-Inboard/86box_xtcf/build/src//assets/
# Asset path: C:/Users/lycet/AppData/Local/86Box/assets/
MEMWATCH armed C0010808-C001081F
XTIDE: access trace off (XTIDE_TRACE=unset)
XTIDE: base 0300  stride 2  bios xtcf_lotech
PITCH0 reload 22 (0.018 ms) mode 0
PITCH0 reload 255 (0.214 ms) mode 0
PITCH0 reload 65536 (54.925 ms) mode 3
HEARTBEAT [F000:0000ED2A] cpl=0 pm=0 | B8 01 02 AB E2 F5 FC 47 47 8B F7 8B CB 8B D0 AD | eax=00000000 ebx=00002000 ecx=00000E8D esi=00001D16 edi=00001D18 esp=000000F6
HEARTBEAT [F000:0000ECAC] cpl=0 pm=0 | E4 00 24 FE 3A E0 8A E0 E4 00 74 F4 9D E2 EF 58 | eax=0000C0E9 ebx=00000206 ecx=0000001A esi=00000010 edi=00000000 esp=000000DE
HEARTBEAT [D000:000011B1] cpl=0 pm=0 | 76 18 88 D3 D1 E2 3C 16 72 18 B7 3E 74 04 88 D3 | eax=0000400E ebx=00000907 ecx=00000007 esi=00000001 edi=00000026 esp=00007ECE
HEARTBEAT [D000:00000ACE] cpl=0 pm=0 | 2B 06 08 7F 83 F8 48 72 F4 FA A1 04 7F A3 20 00 | eax=0000002B ebx=0000B004 ecx=0000FF01 esi=000005FB edi=00000026 esp=00007EFE
HEARTBEAT [D000:00001069] cpl=0 pm=0 | F3 6C C3 86 CD F3 6D C3 C1 E1 05 B3 08 AC 30 DA | eax=00000058 ebx=0000FF01 ecx=00001BC3 esi=00000010 edi=0000163D esp=0000FFC8
HEARTBEAT [F000:0000FE6E] cpl=0 pm=0 | E9 24 EB CC CC CC CC CC CC CC CC CC CC CC CC CC | eax=00000000 ebx=0000035A ecx=00000006 esi=000007D3 edi=000003B6 esp=000008EC
HEARTBEAT [8785:00009253] cpl=0 pm=0 | AA B4 00 2E 01 06 FC 8E E2 F4 5F B8 02 04 EF 8D | eax=847E847E ebx=00003778 ecx=00000004 esi=000038AD edi=0000B15C esp=0000118E
HEARTBEAT [0070:00000322] cpl=0 pm=0 | EC A8 08 75 0B E2 F9 4B 75 F6 2E C6 06 25 03 EB | eax=00040000 ebx=00000040 ecx=0000F888 esi=0000766A edi=0000FFFF esp=00000864
HEARTBEAT [1009:0000007E] cpl=0 pm=0 | 74 FB 26 8A 1D B8 E4 FF 99 E8 3C 02 F7 D0 F7 D2 | eax=40000001 ebx=000000E1 ecx=00000000 esi=00000276 edi=0000006C esp=00003FF8
HEARTBEAT [D000:000011D7] cpl=0 pm=0 | C3 30 F6 8A 5D 14 80 FB 0A 72 20 80 FB 0C 76 0F | eax=00000880 ebx=0000FF07 ecx=00000105 esi=00000008 edi=00000010 esp=0000088E
HEARTBEAT [0C76:000049DA] cpl=0 pm=0 | F3 26 A5 13 C9 F3 26 A4 8B F2 5A 02 D0 80 FA 18 | eax=0000000C ebx=000000E0 ecx=0005004A esi=0005048C edi=0000056C esp=000066AC
HEARTBEAT [0C76:0000B958] cpl=0 pm=0 | 83 46 04 04 73 05 81 46 06 00 10 26 8B 07 26 8B | eax=00001199 ebx=C0030A14 ecx=00030000 esi=00050001 edi=00000000 esp=00006620
PITCH0 reload 16384 (13.731 ms) mode 2
HEARTBEAT [0028:C0255CBB] cpl=0 pm=1 | 83 C6 04 49 75 F8 8B D0 C1 EA 10 5E C9 C3 00 00 | eax=4F4FF7A3 ebx=00009E5D ecx=00002B18 esi=C11066B0 edi=00010047 esp=C13A1D8C
HEARTBEAT [0028:C0374870] cpl=0 pm=1 | 74 FB 2B C0 8B 4F 10 83 C1 02 83 C0 01 E8 E3 96 | eax=C03E0D01 ebx=C15200E8 ecx=00000000 esi=C0FCE2A4 edi=C13A2000 esp=C13A1E70
HEARTBEAT [0028:C0009B2F] cpl=0 pm=1 | FB C3 80 7F 3F 40 73 23 80 47 3F 40 33 C0 B9 08 | eax=00000000 ebx=C15200E8 ecx=0000000C esi=C0FCE610 edi=C159F068 esp=C13A1BC4
HEARTBEAT [0028:C0FDBE9C] cpl=0 pm=1 | E2 FE EB EA 55 8B EC 56 57 53 8B 75 08 81 FE 06 | eax=00103D98 ebx=C0FD64D4 ecx=000A8847 esi=C0FDB323 edi=00000340 esp=C13B95F0
HEARTBEAT [0028:C0FDBE9C] cpl=0 pm=1 | E2 FE EB EA 55 8B EC 56 57 53 8B 75 08 81 FE 06 | eax=002899FF ebx=C0FD64D4 ecx=00128D2C esi=C0FDB323 edi=00000340 esp=C13B9610
HEARTBEAT [0028:C0255CBB] cpl=0 pm=1 | 83 C6 04 49 75 F8 8B D0 C1 EA 10 5E C9 C3 00 00 | eax=2CD58433 ebx=00000001 ecx=00001EC7 esi=C10E2A64 edi=0000001E esp=C13A1D98
HEARTBEAT [0028:C0275AC5] cpl=0 pm=1 | 66 2B 44 1A 24 8B 54 1A 28 D1 EA 8D 54 1A 20 66 | eax=0000004B ebx=C1136CE8 ecx=00000008 esi=C0FD9B43 edi=C0FD9B2A esp=C13A1B9C
[0117:0000B929] Illegal instruction 00008B55 (FF)
HEARTBEAT [0028:C002D569] cpl=0 pm=1 | EB 00 EB 00 8A E0 E4 40 86 E0 C3 56 9C 33 D2 E8 | eax=00000025 ebx=C15200E8 ecx=00003CBE esi=C002D95C edi=00000064 esp=C13A1E30
MEMWATCH [0028:C000921F] w4 C0010810 = C0FD8528 | eax=C001080C ebx=81515C70 ecx=00000000 edx=C0FD1320 esi=C001080C edi=C0FD8528 ebp=C13A1E64
MEMWATCH  node C0FD8528 | 01 08 51 00 0C 08 01 C0 A0 13 FD C0 54 48 43 42 70 0F ED C0 E8 00 52 C1 02 00 00 00 00 00 00 00 
MEMWATCH  stack esp=C13A1E1C | C0FD13A0 C00092D5 C13A1E98 C0FD13A0 C13A1E64 C13A1E44 81515C70 C0FD1320 
HEARTBEAT [0028:C13C850F] cpl=0 pm=1 | 49 75 FD 59 49 75 E6 0F B6 C0 A3 44 94 3C C1 F9 | eax=000000D0 ebx=C13A366C ecx=00000025 esi=C13A369C edi=C1615A00 esp=C13A1C64
HEARTBEAT [0028:C13C84FD] cpl=0 pm=1 | A8 80 75 08 A8 01 75 11 A8 08 75 17 51 B9 00 01 | eax=000000D0 ebx=C13A366C ecx=00004E20 esi=C13A369C edi=C1667400 esp=C13A1B78
MEMWATCH [0028:C000921F] w4 C0010810 = C0FD54A8 | eax=C001080C ebx=81516D5C ecx=00000000 edx=C10CD6F8 esi=C001080C edi=C0FD54A8 ebp=C13A1E64
MEMWATCH  node C0FD54A8 | 01 08 51 00 0C 08 01 C0 78 D7 0C C1 54 48 43 42 70 2F ED C0 E8 00 52 C1 03 00 00 00 00 00 00 00 
MEMWATCH  stack esp=C13A1E1C | C10CD778 C00092D5 C13A1E98 C10CD778 C13A1E64 C13A1E44 81516D5C C10CD6F8 
MEMWATCH [0028:C000921F] w4 C0010810 = C0FD626C | eax=C001080C ebx=815177F0 ecx=00000000 edx=C0FD6190 esi=C001080C edi=C0FD626C ebp=C13A1E70
MEMWATCH  node C0FD626C | 01 08 51 00 0C 08 01 C0 3C 0C FD C0 54 48 43 42 70 6F ED C0 E8 00 52 C1 05 00 00 00 00 00 00 00 
MEMWATCH  stack esp=C13A1E28 | C0FD0C3C C00092D5 C159F068 C0FD0C3C C13A1E70 C13A1E50 815177F0 C0FD6190 
MEMWATCH [0028:C000921F] w4 C0010810 = C0FD4280 | eax=C001080C ebx=C15200E8 ecx=00000000 edx=C0FD4194 esi=C001080C edi=C0FD4280 ebp=C0ED4E88
MEMWATCH  node C0FD4280 | 01 08 51 00 0C 08 01 C0 14 42 FD C0 54 48 43 42 70 8F ED C0 E8 00 52 C1 06 00 00 00 00 00 00 00 
MEMWATCH  stack esp=C0ED4E40 | C0FD4214 C00092D5 C0001300 C0FD4214 C0ED4E88 C0ED4E68 C15200E8 C0FD4194 
MEMWATCH [0028:C000921F] w4 C0010810 = C0FD6094 | eax=C001080C ebx=00000000 ecx=00000002 edx=C0FD5FA8 esi=C001080C edi=C0FD6094 ebp=C0ED8E6C
MEMWATCH  node C0FD6094 | 01 08 51 00 0C 08 01 C0 28 60 FD C0 54 48 43 42 70 4F ED C0 E8 00 52 C1 04 00 3F 01 78 9F 17 80 
MEMWATCH  stack esp=C0ED8E24 | C0FD6028 C00092D5 81517494 C0FD6028 C0ED8E6C C0ED8E4C 00000000 C0FD5FA8 
MEMWATCH [0028:C000921F] w4 C0010810 = C0FD6094 | eax=C001080C ebx=C15200E8 ecx=00000000 edx=C025C988 esi=C001080C edi=C0FD6094 ebp=C0ED8F70
MEMWATCH  node C0FD6094 | 01 08 51 00 0C 08 01 C0 24 68 FD C0 54 48 43 42 70 4F ED C0 E8 00 52 C1 04 00 3F 01 78 9F 17 80 
MEMWATCH  stack esp=C0ED8E54 | C0FD6824 C00092D5 C0001300 C0FD6824 C0ED8F70 C0ED8E7C C15200E8 C025C988 
MEMWATCH [0028:C000921F] w4 C0010810 = C0FD6094 | eax=C001080C ebx=00000000 ecx=00000001 edx=C0FD5FA8 esi=C001080C edi=C0FD6094 ebp=C0ED8E6C
MEMWATCH  node C0FD6094 | 01 08 51 00 0C 08 01 C0 28 60 FD C0 54 48 43 42 70 4F ED C0 E8 00 52 C1 04 00 3F 01 78 9F 17 80 
MEMWATCH  stack esp=C0ED8E24 | C0FD6028 C00092D5 81517494 C0FD6028 C0ED8E6C C0ED8E4C 00000000 C0FD5FA8 
MEMWATCH [0028:C000921F] w4 C0010810 = C0FD6094 | eax=C001080C ebx=C15200E8 ecx=00000000 edx=C025C988 esi=C001080C edi=C0FD6094 ebp=C0ED8F70
MEMWATCH  node C0FD6094 | 01 08 51 00 0C 08 01 C0 24 68 FD C0 54 48 43 42 70 4F ED C0 E8 00 52 C1 04 00 3F 01 78 9F 17 80 
MEMWATCH  stack esp=C0ED8E54 | C0FD6824 C00092D5 C0001300 C0FD6824 C0ED8F70 C0ED8E7C C15200E8 C025C988 
HEARTBEAT [0028:C0024017] cpl=0 pm=1 | F3 A5 0F A4 C1 02 F3 A4 F8 C3 C6 45 34 0F F9 C3 | eax=30583000 ebx=C160CA00 ecx=00000018 esi=C160CBA0 edi=800E24E0 esp=C0ED4C84
MEMWATCH [0028:C000921F] w4 C0010810 = C0FD4280 | eax=C001080C ebx=815186A4 ecx=00000000 edx=C0FD4194 esi=C001080C edi=C0FD4280 ebp=C0ED4DD4
MEMWATCH  node C0FD4280 | 01 08 51 00 0C 08 01 C0 14 42 FD C0 54 48 43 42 70 8F ED C0 E8 00 52 C1 06 00 3F 01 A0 FD 72 00 
MEMWATCH  stack esp=C0ED4D8C | C0FD4214 C00092D5 C0FD6094 C0FD4214 C0ED4DD4 C0ED4DB4 815186A4 C0FD4194 
MEMWATCH [0028:C000921F] w4 C0010810 = C0FDFD28 | eax=C001080C ebx=C15200E8 ecx=00000000 edx=C0FDFC4C esi=C001080C edi=C0FDFD28 ebp=C0ED4DE4
MEMWATCH  node C0FDFD28 | 01 08 51 00 0C 08 01 C0 58 5F FD C0 54 48 43 42 70 AF ED C0 E8 00 52 C1 07 00 00 00 00 00 00 00 
MEMWATCH  stack esp=C0ED4D9C | C0FD5F58 C00092D5 C0FDFD28 C0FD5F58 C0ED4DE4 C0ED4DC4 C15200E8 C0FDFC4C 
HEARTBEAT [0028:C0275AC5] cpl=0 pm=1 | 66 2B 44 1A 24 8B 54 1A 28 D1 EA 8D 54 1A 20 66 | eax=00000054 ebx=C1136CE8 ecx=00000001 esi=C0FD9B4D edi=C0FD9B3E esp=C13B9AD4
MEMWATCH [0028:C000921F] w4 C0010810 = C0FDFD28 | eax=C001080C ebx=C15200E8 ecx=00000000 edx=C0FDFC4C esi=C001080C edi=C0FDFD28 ebp=C0ED4E80
MEMWATCH  node C0FDFD28 | 01 08 51 00 0C 08 01 C0 58 5F FD C0 54 48 43 42 70 AF ED C0 E8 00 52 C1 07 00 00 00 00 00 00 00 
MEMWATCH  stack esp=C0ED4E38 | C0FD5F58 C00092D5 C0FDFD28 C0FD5F58 C0ED4E80 C0ED4E60 C15200E8 C0FDFC4C 
MEMWATCH [0028:C000921F] w4 C0010810 = C159F068 | eax=C001080C ebx=C15200E8 ecx=00000000 edx=C0FD6B58 esi=C001080C edi=C159F068 ebp=C0ED4E80
MEMWATCH  node C159F068 | 01 08 41 00 0C 08 01 C0 A4 30 FD C0 54 48 43 42 70 1F 3A C1 E8 00 52 C1 01 00 8F 00 8C 1F 3A C1 
MEMWATCH  stack esp=C0ED4E38 | C0FD30A4 C00092D5 C159F068 C0FD30A4 C0ED4E80 C0ED4E60 C15200E8 C0FD6B58 
HEARTBEAT [0137:BFF7B2EA] cpl=3 pm=1 | 89 91 08 01 00 00 C2 04 00 55 8B EC 83 EC 10 C7 | eax=C0FE0670 ebx=8151A2EC ecx=0078FDE0 esi=8151A330 edi=7FD40000 esp=0078FDCC
MEMWATCH [0028:C000921F] w4 C0010810 = C159F068 | eax=C001080C ebx=8161430C ecx=00000000 edx=C0FD6B58 esi=C001080C edi=C159F068 ebp=C0EDCE64
MEMWATCH  node C159F068 | 01 08 41 00 0C 08 01 C0 A4 30 FD C0 54 48 43 42 70 1F 3A C1 E8 00 52 C1 01 00 2F 01 F6 11 00 00 
MEMWATCH  stack esp=C0EDCE1C | C0FD30A4 C00092D5 C0EDCE98 C0FD30A4 C0EDCE64 C0EDCE44 8161430C C0FD6B58 
MEMWATCH [0028:C000921F] w4 C0010810 = C0FD6094 | eax=C001080C ebx=81517494 ecx=00000000 edx=C0FD5FA8 esi=C001080C edi=C0FD6094 ebp=C0EDCE64
MEMWATCH  node C0FD6094 | 01 08 51 00 0C 08 01 C0 28 60 FD C0 54 48 43 42 70 4F ED C0 E8 00 52 C1 04 00 DF 14 88 32 00 00 
MEMWATCH  stack esp=C0EDCE1C | C0FD6028 C00092D5 C0EDCE98 C0FD6028 C0EDCE64 C0EDCE44 81517494 C0FD5FA8 
MEMWATCH [0028:C000921F] w4 C0010810 = C159F068 | eax=C001080C ebx=C15200E8 ecx=00000000 edx=C0FD6B58 esi=C001080C edi=C159F068 ebp=C0ED4E80
MEMWATCH  node C159F068 | 01 08 41 00 0C 08 01 C0 A4 30 FD C0 54 48 43 42 70 1F 3A C1 E8 00 52 C1 01 00 2F 01 F6 11 00 00 
MEMWATCH  stack esp=C0ED4E38 | C0FD30A4 C00092D5 C159F068 C0FD30A4 C0ED4E80 C0ED4E60 C15200E8 C0FD6B58 
MEMWATCH [0028:C000921F] w4 C0010810 = C159F068 | eax=C001080C ebx=8161430C ecx=00000000 edx=C0FD6B58 esi=C001080C edi=C159F068 ebp=C0EDCE64
MEMWATCH  node C159F068 | 01 08 41 00 0C 08 01 C0 A4 30 FD C0 54 48 43 42 70 1F 3A C1 E8 00 52 C1 01 00 2F 01 F6 11 00 00 
MEMWATCH  stack esp=C0EDCE1C | C0FD30A4 C00092D5 C0EDCE98 C0FD30A4 C0EDCE64 C0EDCE44 8161430C C0FD6B58 
MEMWATCH [0028:C000921F] w4 C0010810 = C159F068 | eax=C001080C ebx=C15200E8 ecx=00000000 edx=C0FD6B58 esi=C001080C edi=C159F068 ebp=C0ED4E80
MEMWATCH  node C159F068 | 01 08 41 00 0C 08 01 C0 A4 30 FD C0 54 48 43 42 70 1F 3A C1 E8 00 52 C1 01 00 2F 01 F6 11 00 00 
MEMWATCH  stack esp=C0ED4E38 | C0FD30A4 C00092D5 C159F068 C0FD30A4 C0ED4E80 C0ED4E60 C15200E8 C0FD6B58 
MEMWATCH [0028:C000921F] w4 C0010810 = C159F068 | eax=C001080C ebx=8161430C ecx=8151A2EC edx=C0FD6B58 esi=C001080C edi=C159F068 ebp=C0EDCE64
MEMWATCH  node C159F068 | 01 08 41 00 0C 08 01 C0 A4 30 FD C0 54 48 43 42 70 1F 3A C1 E8 00 52 C1 01 00 2F 01 F6 11 00 00 
MEMWATCH  stack esp=C0EDCE1C | C0FD30A4 C00092D5 C0EDCE98 C0FD30A4 C0EDCE64 C0EDCE44 8161430C C0FD6B58 
MEMWATCH [0028:C000921F] w4 C0010810 = C159F068 | eax=C001080C ebx=C15200E8 ecx=00000000 edx=C0FD6B58 esi=C001080C edi=C159F068 ebp=C0ED4E80
MEMWATCH  node C159F068 | 01 08 41 00 0C 08 01 C0 A4 30 FD C0 54 48 43 42 70 1F 3A C1 E8 00 52 C1 01 00 2F 01 F6 11 00 00 
MEMWATCH  stack esp=C0ED4E38 | C0FD30A4 C00092D5 C159F068 C0FD30A4 C0ED4E80 C0ED4E60 C15200E8 C0FD6B58 
MEMWATCH [0028:C000921F] w4 C0010810 = C159F068 | eax=C001080C ebx=8161430C ecx=8151AD84 edx=C0FD6B58 esi=C001080C edi=C159F068 ebp=C0EF0E64
MEMWATCH  node C159F068 | 01 08 41 00 0C 08 01 C0 A4 30 FD C0 54 48 43 42 70 1F 3A C1 E8 00 52 C1 01 00 2F 01 F6 11 00 00 
MEMWATCH  stack esp=C0EF0E1C | C0FD30A4 C00092D5 C0EF0E98 C0FD30A4 C0EF0E64 C0EF0E44 8161430C C0FD6B58 
MEMWATCH [0028:C000921F] w4 C0010810 = C159F068 | eax=C001080C ebx=C15200E8 ecx=00000000 edx=C0FD6B58 esi=C001080C edi=C159F068 ebp=C0ED4E80
MEMWATCH  node C159F068 | 01 08 41 00 0C 08 01 C0 A4 30 FD C0 54 48 43 42 70 1F 3A C1 E8 00 52 C1 01 00 2F 01 F6 11 00 00 
MEMWATCH  stack esp=C0ED4E38 | C0FD30A4 C00092D5 C159F068 C0FD30A4 C0ED4E80 C0ED4E60 C15200E8 C0FD6B58 
MEMWATCH [0028:C000921F] w4 C0010810 = C159F068 | eax=C001080C ebx=8161430C ecx=00000000 edx=C0FD6B58 esi=C001080C edi=C159F068 ebp=C0EDCE64
MEMWATCH  node C159F068 | 01 08 41 00 0C 08 01 C0 A4 30 FD C0 54 48 43 42 70 1F 3A C1 E8 00 52 C1 01 00 2F 01 F6 11 00 00 
MEMWATCH  stack esp=C0EDCE1C | C0FD30A4 C00092D5 C0EDCE98 C0FD30A4 C0EDCE64 C0EDCE44 8161430C C0FD6B58 
MEMWATCH [0028:C000921F] w4 C0010810 = C159F068 | eax=C001080C ebx=C15200E8 ecx=00000000 edx=C0FD6B58 esi=C001080C edi=C159F068 ebp=C0ED4E80
MEMWATCH  node C159F068 | 01 08 41 00 0C 08 01 C0 A4 30 FD C0 54 48 43 42 70 1F 3A C1 E8 00 52 C1 01 00 2F 01 F6 11 00 00 
MEMWATCH  stack esp=C0ED4E38 | C0FD30A4 C00092D5 C159F068 C0FD30A4 C0ED4E80 C0ED4E60 C15200E8 C0FD6B58 
MEMWATCH [0028:C000921F] w4 C0010810 = C159F068 | eax=C001080C ebx=8161430C ecx=00000000 edx=C0FD6B58 esi=C001080C edi=C159F068 ebp=C0EDCE64
MEMWATCH  node C159F068 | 01 08 41 00 0C 08 01 C0 A4 30 FD C0 54 48 43 42 70 1F 3A C1 E8 00 52 C1 01 00 2F 01 F6 11 00 00 
MEMWATCH  stack esp=C0EDCE1C | C0FD30A4 C00092D5 C0EDCE98 C0FD30A4 C0EDCE64 C0EDCE44 8161430C C0FD6B58 
MEMWATCH [0028:C000921F] w4 C0010810 = C0FD6094 | eax=C001080C ebx=81517494 ecx=00000000 edx=C0FD5FA8 esi=C001080C edi=C0FD6094 ebp=C0EDCE64
MEMWATCH  node C0FD6094 | 01 08 51 00 0C 08 01 C0 28 60 FD C0 54 48 43 42 70 4F ED C0 E8 00 52 C1 04 00 DF 14 88 32 00 00 
MEMWATCH  stack esp=C0EDCE1C | C0FD6028 C00092D5 C0EDCE98 C0FD6028 C0EDCE64 C0EDCE44 81517494 C0FD5FA8 
MEMWATCH [0028:C000921F] w4 C0010810 = C159F068 | eax=C001080C ebx=C15200E8 ecx=00000000 edx=C0FD6B58 esi=C001080C edi=C159F068 ebp=C0ED4E80
MEMWATCH  node C159F068 | 01 08 41 00 0C 08 01 C0 A4 30 FD C0 54 48 43 42 70 1F 3A C1 E8 00 52 C1 01 00 2F 01 F6 11 00 00 
MEMWATCH  stack esp=C0ED4E38 | C0FD30A4 C00092D5 C159F068 C0FD30A4 C0ED4E80 C0ED4E60 C15200E8 C0FD6B58 
MEMWATCH [0028:C000921F] w4 C0010810 = C159F068 | eax=C001080C ebx=8161430C ecx=00000000 edx=C0FD6B58 esi=C001080C edi=C159F068 ebp=C0EDCE64
MEMWATCH  node C159F068 | 01 08 41 00 0C 08 01 C0 A4 30 FD C0 54 48 43 42 70 1F 3A C1 E8 00 52 C1 01 00 2F 01 F6 11 00 00 
MEMWATCH  stack esp=C0EDCE1C | C0FD30A4 C00092D5 C0EDCE98 C0FD30A4 C0EDCE64 C0EDCE44 8161430C C0FD6B58 
MEMWATCH [0028:C000921F] w4 C0010810 = C0FD6094 | eax=C001080C ebx=81517494 ecx=00000000 edx=C0FD5FA8 esi=C001080C edi=C0FD6094 ebp=C0EDCE64
MEMWATCH  node C0FD6094 | 01 08 51 00 0C 08 01 C0 28 60 FD C0 54 48 43 42 70 4F ED C0 E8 00 52 C1 04 00 DF 14 88 32 00 00 
MEMWATCH  stack esp=C0EDCE1C | C0FD6028 C00092D5 C0EDCE98 C0FD6028 C0EDCE64 C0EDCE44 81517494 C0FD5FA8 
MEMWATCH [0028:C000921F] w4 C0010810 = C0FD6094 | eax=C001080C ebx=C15200E8 ecx=00000000 edx=C0FD5FA8 esi=C001080C edi=C0FD6094 ebp=C0EDAE80
MEMWATCH  node C0FD6094 | 01 08 51 00 0C 08 01 C0 28 60 FD C0 54 48 43 42 70 4F ED C0 E8 00 52 C1 04 00 DF 14 88 32 00 00 
MEMWATCH  stack esp=C0EDAE38 | C0FD6028 C00092D5 C0FD6094 C0FD6028 C0EDAE80 C0EDAE60 C15200E8 C0FD5FA8 
MEMWATCH [0028:C000921F] w4 C0010810 = C159F068 | eax=C001080C ebx=C15200E8 ecx=00000000 edx=C0FD6B58 esi=C001080C edi=C159F068 ebp=C0EDAE80
MEMWATCH  node C159F068 | 01 08 41 00 0C 08 01 C0 A4 30 FD C0 54 48 43 42 70 1F 3A C1 E8 00 52 C1 01 00 2F 01 F6 11 00 00 
MEMWATCH  stack esp=C0EDAE38 | C0FD30A4 C00092D5 C159F068 C0FD30A4 C0EDAE80 C0EDAE60 C15200E8 C0FD6B58 
MEMWATCH [0028:C000921F] w4 C0010810 = C159F068 | eax=C001080C ebx=8161430C ecx=00000000 edx=C0FD6B58 esi=C001080C edi=C159F068 ebp=C0EDCE64
MEMWATCH  node C159F068 | 01 08 41 00 0C 08 01 C0 A4 30 FD C0 54 48 43 42 70 1F 3A C1 E8 00 52 C1 01 00 2F 01 F6 11 00 00 
MEMWATCH  stack esp=C0EDCE1C | C0FD30A4 C00092D5 C0EDCE98 C0FD30A4 C0EDCE64 C0EDCE44 8161430C C0FD6B58 
MEMWATCH [0028:C000921F] w4 C0010810 = C0FE02A0 | eax=C001080C ebx=00000000 ecx=00000001 edx=C0FE01C4 esi=C001080C edi=C0FE02A0 ebp=C0ED4E6C
MEMWATCH  node C0FE02A0 | 01 08 51 00 0C 08 01 C0 B4 FF FD C0 54 48 43 42 70 CF ED C0 E8 00 52 C1 0A 00 3F 01 80 F4 66 00 
MEMWATCH  stack esp=C0ED4E24 | C0FDFFB4 C00092D5 8151AD84 C0FDFFB4 C0ED4E6C C0ED4E4C 00000000 C0FE01C4 
MEMWATCH [0028:C000921F] w4 C0010810 = C0FE02A0 | eax=C001080C ebx=C15200E8 ecx=00000000 edx=C025C988 esi=C001080C edi=C0FE02A0 ebp=C0ED4F70
MEMWATCH  node C0FE02A0 | 01 08 51 00 0C 08 01 C0 24 68 FD C0 54 48 43 42 70 CF ED C0 E8 00 52 C1 0A 00 3F 01 80 F4 66 00 
MEMWATCH  stack esp=C0ED4E54 | C0FD6824 C00092D5 C0001300 C0FD6824 C0ED4F70 C0ED4E7C C15200E8 C025C988 
MEMWATCH [0028:C000921F] w4 C0010810 = C159F068 | eax=C001080C ebx=C15200E8 ecx=00000000 edx=C0FD6B58 esi=C001080C edi=C159F068 ebp=C0ED4E80
MEMWATCH  node C159F068 | 01 08 41 00 0C 08 01 C0 A4 30 FD C0 54 48 43 42 70 1F 3A C1 E8 00 52 C1 01 00 2F 01 F6 11 00 00 
MEMWATCH  stack esp=C0ED4E38 | C0FD30A4 C00092D5 C159F068 C0FD30A4 C0ED4E80 C0ED4E60 C15200E8 C0FD6B58 
MEMWATCH [0028:C000921F] w4 C0010810 = C159F068 | eax=C001080C ebx=8161430C ecx=00000000 edx=C0FD6B58 esi=C001080C edi=C159F068 ebp=C0EDCE64
MEMWATCH  node C159F068 | 01 08 41 00 0C 08 01 C0 A4 30 FD C0 54 48 43 42 70 1F 3A C1 E8 00 52 C1 01 00 2F 01 F6 11 00 00 
MEMWATCH  stack esp=C0EDCE1C | C0FD30A4 C00092D5 C0EDCE98 C0FD30A4 C0EDCE64 C0EDCE44 8161430C C0FD6B58 
MEMWATCH [0028:C000921F] w4 C0010810 = C0FD6094 | eax=C001080C ebx=81517494 ecx=00000000 edx=C0FD5FA8 esi=C001080C edi=C0FD6094 ebp=C0EDCE64
MEMWATCH  node C0FD6094 | 01 08 51 00 0C 08 01 C0 28 60 FD C0 54 48 43 42 70 4F ED C0 E8 00 52 C1 04 00 DF 14 88 32 00 00 
MEMWATCH  stack esp=C0EDCE1C | C0FD6028 C00092D5 C0EDCE98 C0FD6028 C0EDCE64 C0EDCE44 81517494 C0FD5FA8 
MEMWATCH [0028:C000921F] w4 C0010810 = C159F068 | eax=C001080C ebx=C15200E8 ecx=00000000 edx=C0FD6B58 esi=C001080C edi=C159F068 ebp=C0ED4E80
MEMWATCH  node C159F068 | 01 08 41 00 0C 08 01 C0 A4 30 FD C0 54 48 43 42 70 1F 3A C1 E8 00 52 C1 01 00 2F 01 F6 11 00 00 
MEMWATCH  stack esp=C0ED4E38 | C0FD30A4 C00092D5 C159F068 C0FD30A4 C0ED4E80 C0ED4E60 C15200E8 C0FD6B58 
MEMWATCH [0028:C000921F] w4 C0010810 = C0FE0790 | eax=C001080C ebx=00000000 ecx=00000002 edx=C0FE0670 esi=C001080C edi=C0FE0790 ebp=C0EDCE6C
MEMWATCH  node C0FE0790 | 01 08 51 00 0C 08 01 C0 64 FF FD C0 54 48 43 42 70 0F EF C0 E8 00 52 C1 0B 00 3F 01 DA FD 78 00 
MEMWATCH  stack esp=C0EDCE24 | C0FDFF64 C00092D5 8151A2EC C0FDFF64 C0EDCE6C C0EDCE4C 00000000 C0FE0670 
MEMWATCH [0028:C000921F] w4 C0010810 = C0FE0790 | eax=C001080C ebx=C15200E8 ecx=00000000 edx=C025C988 esi=C001080C edi=C0FE0790 ebp=C0EDCF70
MEMWATCH  node C0FE0790 | 01 08 51 00 0C 08 01 C0 24 68 FD C0 54 48 43 42 70 0F EF C0 E8 00 52 C1 0B 00 3F 01 DA FD 78 00 
MEMWATCH  stack esp=C0EDCE54 | C0FD6824 C00092D5 C0001300 C0FD6824 C0EDCF70 C0EDCE7C C15200E8 C025C988 
MEMWATCH [0028:C000921F] w4 C0010810 = C0FE0790 | eax=C001080C ebx=00000000 ecx=00000003 edx=C0FE0670 esi=C001080C edi=C0FE0790 ebp=C0EDCE6C
MEMWATCH  node C0FE0790 | 01 08 51 00 0C 08 01 C0 64 FF FD C0 54 48 43 42 70 0F EF C0 E8 00 52 C1 0B 00 3F 01 10 FD 78 00 
MEMWATCH  stack esp=C0EDCE24 | C0FDFF64 C00092D5 8151A2EC C0FDFF64 C0EDCE6C C0EDCE4C 00000000 C0FE0670 
MEMWATCH [0028:C000921F] w4 C0010810 = C159F068 | eax=C001080C ebx=8161430C ecx=8151A2EC edx=C0FD6B58 esi=C001080C edi=C159F068 ebp=C0EDCE64
MEMWATCH  node C159F068 | 01 08 41 00 0C 08 01 C0 A4 30 FD C0 54 48 43 42 70 1F 3A C1 E8 00 52 C1 01 00 2F 01 F6 11 00 00 
MEMWATCH  stack esp=C0EDCE1C | C0FD30A4 C00092D5 C0EDCE98 C0FD30A4 C0EDCE64 C0EDCE44 8161430C C0FD6B58 
MEMWATCH [0028:C000921F] w4 C0010810 = C159F068 | eax=C001080C ebx=C15200E8 ecx=00000000 edx=C0FD6B58 esi=C001080C edi=C159F068 ebp=C0ED4E80
MEMWATCH  node C159F068 | 01 08 41 00 0C 08 01 C0 A4 30 FD C0 54 48 43 42 70 1F 3A C1 E8 00 52 C1 01 00 2F 01 F6 11 00 00 
MEMWATCH  stack esp=C0ED4E38 | C0FD30A4 C00092D5 C159F068 C0FD30A4 C0ED4E80 C0ED4E60 C15200E8 C0FD6B58 
MEMWATCH [0028:C000921F] w4 C0010810 = C159F068 | eax=C001080C ebx=8161430C ecx=00000000 edx=C0FD6B58 esi=C001080C edi=C159F068 ebp=C0EDCE64
MEMWATCH  node C159F068 | 01 08 41 00 0C 08 01 C0 A4 30 FD C0 54 48 43 42 70 1F 3A C1 E8 00 52 C1 01 00 2F 01 F6 11 00 00 
MEMWATCH  stack esp=C0EDCE1C | C0FD30A4 C00092D5 C0EDCE98 C0FD30A4 C0EDCE64 C0EDCE44 8161430C C0FD6B58 
MEMWATCH [0028:C000921F] w4 C0010810 = C159F068 | eax=C001080C ebx=C15200E8 ecx=00000000 edx=C0FD6B58 esi=C001080C edi=C159F068 ebp=C0ED4E80
MEMWATCH  node C159F068 | 01 08 41 00 0C 08 01 C0 A4 30 FD C0 54 48 43 42 70 1F 3A C1 E8 00 52 C1 01 00 2F 01 F6 11 00 00 
MEMWATCH  stack esp=C0ED4E38 | C0FD30A4 C00092D5 C159F068 C0FD30A4 C0ED4E80 C0ED4E60 C15200E8 C0FD6B58 
MEMWATCH [0028:C000921F] w4 C0010810 = C159F068 | eax=C001080C ebx=8161430C ecx=00000000 edx=C0FD6B58 esi=C001080C edi=C159F068 ebp=C0EDCE64
MEMWATCH  node C159F068 | 01 08 41 00 0C 08 01 C0 A4 30 FD C0 54 48 43 42 70 1F 3A C1 E8 00 52 C1 01 00 2F 01 F6 11 00 00 
MEMWATCH  stack esp=C0EDCE1C | C0FD30A4 C00092D5 C0EDCE98 C0FD30A4 C0EDCE64 C0EDCE44 8161430C C0FD6B58 
MEMWATCH [0028:C000921F] w4 C0010810 = C159F068 | eax=C001080C ebx=C15200E8 ecx=00000000 edx=C0FD6B58 esi=C001080C edi=C159F068 ebp=C0ED4E80
MEMWATCH  node C159F068 | 01 08 41 00 0C 08 01 C0 A4 30 FD C0 54 48 43 42 70 1F 3A C1 E8 00 52 C1 01 00 2F 01 F6 11 00 00 
MEMWATCH  stack esp=C0ED4E38 | C0FD30A4 C00092D5 C159F068 C0FD30A4 C0ED4E80 C0ED4E60 C15200E8 C0FD6B58 
MEMWATCH [0028:C000921F] w4 C0010810 = C0FE02A0 | eax=C001080C ebx=00000000 ecx=00000002 edx=C0FE01C4 esi=C001080C edi=C0FE02A0 ebp=C0EF4E6C
MEMWATCH  node C0FE02A0 | 01 08 51 00 0C 08 01 C0 B4 FF FD C0 54 48 43 42 70 CF ED C0 E8 00 52 C1 0A 00 67 1E 20 87 00 00 
MEMWATCH  stack esp=C0EF4E24 | C0FDFFB4 C00092D5 8151AD84 C0FDFFB4 C0EF4E6C C0EF4E4C 00000000 C0FE01C4 
MEMWATCH [0028:C000921F] w4 C0010810 = C0FE02A0 | eax=C001080C ebx=8151AD84 ecx=00000000 edx=C0FE01C4 esi=C001080C edi=C0FE02A0 ebp=C0EF4E64
MEMWATCH  node C0FE02A0 | 01 08 51 00 0C 08 01 C0 B4 FF FD C0 54 48 43 42 70 CF ED C0 E8 00 52 C1 0A 00 67 1E 20 87 00 00 
MEMWATCH  stack esp=C0EF4E1C | C0FDFFB4 C00092D5 C0EF4E98 C0FDFFB4 C0EF4E64 C0EF4E44 8151AD84 C0FE01C4 
HEARTBEAT [0028:C0275A84] cpl=0 pm=1 | 66 3B 44 1A 24 73 0B 0F B7 54 1A 20 0B D2 75 F0 | eax=00000020 ebx=C1136CE8 ecx=00000001 esi=C0FD9B4A edi=C0FD9B38 esp=C0EF4B2C
MEMWATCH [0028:C000921F] w4 C0010810 = C0FE02A0 | eax=C001080C ebx=00000000 ecx=00000002 edx=C0FE01C4 esi=C001080C edi=C0FE02A0 ebp=C0EF6E6C
MEMWATCH  node C0FE02A0 | 01 08 51 00 0C 08 01 C0 B4 FF FD C0 54 48 43 42 70 CF ED C0 E8 00 52 C1 0A 00 67 1E 20 87 00 00 
MEMWATCH  stack esp=C0EF6E24 | C0FDFFB4 C00092D5 8151AD84 C0FDFFB4 C0EF6E6C C0EF6E4C 00000000 C0FE01C4 
MEMWATCH [0028:C000921F] w4 C0010810 = C0FE2298 | eax=C001080C ebx=8151F7CC ecx=8151AD84 edx=C0FE21BC esi=C001080C edi=C0FE2298 ebp=C0EF4E64
MEMWATCH  node C0FE2298 | 01 08 51 00 0C 08 01 C0 74 0D FE C0 54 48 43 42 70 6F EF C0 E8 00 52 C1 0E 00 3F 01 10 9F FF 81 
MEMWATCH  stack esp=C0EF4E1C | C0FE0D74 C00092D5 C0EF4E98 C0FE0D74 C0EF4E64 C0EF4E44 8151F7CC C0FE21BC 
MEMWATCH [0028:C000921F] w4 C0010810 = C0FE02A0 | eax=C001080C ebx=8151AD84 ecx=8151E6A4 edx=C0FE01C4 esi=C001080C edi=C0FE02A0 ebp=C0EF6E64
MEMWATCH  node C0FE02A0 | 01 08 51 00 0C 08 01 C0 B4 FF FD C0 54 48 43 42 70 CF ED C0 E8 00 52 C1 0A 00 67 1E 20 87 00 00 
MEMWATCH  stack esp=C0EF6E1C | C0FDFFB4 C00092D5 C0EF6E98 C0FDFFB4 C0EF6E64 C0EF6E44 8151AD84 C0FE01C4 
MEMWATCH [0028:C000921F] w4 C0010810 = C0FE1700 | eax=C001080C ebx=8151E6A4 ecx=8151AD84 edx=C0FE0C38 esi=C001080C edi=C0FE1700 ebp=C0EF6E64
MEMWATCH  node C0FE1700 | 01 18 51 00 0C 08 01 C0 B8 0C FE C0 54 48 43 42 70 4F EF C0 E8 00 52 C1 0D 00 3F 01 FE FC 63 00 
MEMWATCH  stack esp=C0EF6E1C | C0FE0CB8 C00092D5 C0EF6E98 C0FE0CB8 C0EF6E64 C0EF6E44 8151E6A4 C0FE0C38 
MEMWATCH [0028:C000921F] w4 C0010810 = C0FE02A0 | eax=C001080C ebx=8151AD84 ecx=8151F7CC edx=C0FE01C4 esi=C001080C edi=C0FE02A0 ebp=C0EF4E64
MEMWATCH  node C0FE02A0 | 01 08 51 00 0C 08 01 C0 B4 FF FD C0 54 48 43 42 70 CF ED C0 E8 00 52 C1 0A 00 3F 01 24 FD 66 00 
MEMWATCH  stack esp=C0EF4E1C | C0FDFFB4 C00092D5 C0EF4E98 C0FDFFB4 C0EF4E64 C0EF4E44 8151AD84 C0FE01C4 
MEMWATCH [0028:C000921F] w4 C0010810 = C0FE02A0 | eax=C001080C ebx=8151AD84 ecx=00000000 edx=C0FE01C4 esi=C001080C edi=C0FE02A0 ebp=C0EF4E64
MEMWATCH  node C0FE02A0 | 01 08 51 00 0C 08 01 C0 B4 FF FD C0 54 48 43 42 70 CF ED C0 E8 00 52 C1 0A 00 3F 01 D4 F8 66 00 
MEMWATCH  stack esp=C0EF4E1C | C0FDFFB4 C00092D5 C0EF4E98 C0FDFFB4 C0EF4E64 C0EF4E44 8151AD84 C0FE01C4 
MEMWATCH [0028:C000921F] w4 C0010810 = C0FE02A0 | eax=C001080C ebx=8151AD84 ecx=8151E6A4 edx=C0FE01C4 esi=C001080C edi=C0FE02A0 ebp=C0EF2E64
MEMWATCH  node C0FE02A0 | 01 08 51 00 0C 08 01 C0 B4 FF FD C0 54 48 43 42 70 CF ED C0 E8 00 52 C1 0A 00 3F 01 D4 F8 66 00 
MEMWATCH  stack esp=C0EF2E1C | C0FDFFB4 C00092D5 C0EF2E98 C0FDFFB4 C0EF2E64 C0EF2E44 8151AD84 C0FE01C4 
MEMWATCH [0028:C000921F] w4 C0010810 = C0FE02A0 | eax=C001080C ebx=00000000 ecx=00000001 edx=C0FE01C4 esi=C001080C edi=C0FE02A0 ebp=C0EF6E6C
MEMWATCH  node C0FE02A0 | 01 08 51 00 0C 08 01 C0 B4 FF FD C0 54 48 43 42 70 CF ED C0 E8 00 52 C1 0A 00 3F 01 D4 F8 66 00 
MEMWATCH  stack esp=C0EF6E24 | C0FDFFB4 C00092D5 8151AD84 C0FDFFB4 C0EF6E6C C0EF6E4C 00000000 C0FE01C4 
MEMWATCH [0028:C000921F] w4 C0010810 = C0FE0790 | eax=C001080C ebx=C15200E8 ecx=0000000A edx=C0FE0670 esi=C001080C edi=C0FE0790 ebp=C0EF2E70
MEMWATCH  node C0FE0790 | 01 08 51 00 0C 08 01 C0 64 FF FD C0 54 48 43 42 70 0F EF C0 E8 00 52 C1 0B 00 3F 01 10 FD 78 00 
MEMWATCH  stack esp=C0EF2E28 | C0FDFF64 C00092D5 C0FE09F4 C0FDFF64 C0EF2E70 C0EF2E50 C15200E8 C0FE0670 
MEMWATCH [0028:C000921F] w4 C0010810 = C0FE02A0 | eax=C001080C ebx=8151AD84 ecx=8151E6A4 edx=C0FE01C4 esi=C001080C edi=C0FE02A0 ebp=C0EF6E64
MEMWATCH  node C0FE02A0 | 01 08 51 00 0C 08 01 C0 B4 FF FD C0 54 48 43 42 70 CF ED C0 E8 00 52 C1 0A 00 3F 01 A8 FC 66 00 
MEMWATCH  stack esp=C0EF6E1C | C0FDFFB4 C00092D5 C0EF6E98 C0FDFFB4 C0EF6E64 C0EF6E44 8151AD84 C0FE01C4 
MEMWATCH [0028:C000921F] w4 C0010810 = C0FE1700 | eax=C001080C ebx=8151E6A4 ecx=8151A2EC edx=C0FE0C38 esi=C001080C edi=C0FE1700 ebp=C0EF6E64
MEMWATCH  node C0FE1700 | 01 18 51 00 0C 08 01 C0 B8 0C FE C0 54 48 43 42 70 4F EF C0 E8 00 52 C1 0D 00 3F 01 16 FA 63 00 
MEMWATCH  stack esp=C0EF6E1C | C0FE0CB8 C00092D5 C0EF6E98 C0FE0CB8 C0EF6E64 C0EF6E44 8151E6A4 C0FE0C38 
MEMWATCH [0028:C000921F] w4 C0010810 = C0FE0790 | eax=C001080C ebx=8151A2EC ecx=8151F7CC edx=C0FE0670 esi=C001080C edi=C0FE0790 ebp=C0EF4E64
MEMWATCH  node C0FE0790 | 01 08 51 00 0C 08 01 C0 64 FF FD C0 54 48 43 42 70 0F EF C0 E8 00 52 C1 0B 00 3F 01 10 FD 78 00 
MEMWATCH  stack esp=C0EF4E1C | C0FDFF64 C00092D5 C0EF4E98 C0FDFF64 C0EF4E64 C0EF4E44 8151A2EC C0FE0670 
MEMWATCH [0028:C000921F] w4 C0010810 = C0FE2298 | eax=C001080C ebx=00000000 ecx=00000001 edx=C0FE21BC esi=C001080C edi=C0FE2298 ebp=C0EDCE6C
MEMWATCH  node C0FE2298 | 01 08 51 00 0C 08 01 C0 74 0D FE C0 54 48 43 42 70 6F EF C0 E8 00 52 C1 0E 00 F7 1B EA 86 EF C0 
MEMWATCH  stack esp=C0EDCE24 | C0FE0D74 C00092D5 8151F7CC C0FE0D74 C0EDCE6C C0EDCE4C 00000000 C0FE21BC 
MEMWATCH [0028:C000921F] w4 C0010810 = C0FE2298 | eax=C001080C ebx=00000000 ecx=00000001 edx=C0FE21BC esi=C001080C edi=C0FE2298 ebp=C0EDCE6C
MEMWATCH  node C0FE2298 | 01 08 51 00 0C 08 01 C0 74 0D FE C0 54 48 43 42 70 6F EF C0 E8 00 52 C1 0E 00 F7 1B EA 86 EF C0 
MEMWATCH  stack esp=C0EDCE24 | C0FE0D74 C00092D5 8151F7CC C0FE0D74 C0EDCE6C C0EDCE4C 00000000 C0FE21BC 
HEARTBEAT [0028:C025AE64] cpl=0 pm=1 | 0F 82 23 00 00 00 81 7D 08 07 00 00 80 0F 83 16 | eax=C0EF2E6C ebx=C0001300 ecx=C0FDB658 esi=008AFF24 edi=008AFE78 esp=C0EF2E34
MEMWATCH [0028:C000921F] w4 C0010810 = C159F068 | eax=C001080C ebx=C15200E8 ecx=00000000 edx=C0FD6B58 esi=C001080C edi=C159F068 ebp=C0EDAE80
MEMWATCH  node C159F068 | 01 08 41 00 0C 08 01 C0 A4 30 FD C0 54 48 43 42 70 1F 3A C1 E8 00 52 C1 01 00 2F 01 F6 11 00 00 
MEMWATCH  stack esp=C0EDAE38 | C0FD30A4 C00092D5 C159F068 C0FD30A4 C0EDAE80 C0EDAE60 C15200E8 C0FD6B58 
MEMWATCH [0028:C000921F] w4 C0010810 = C0FE0790 | eax=C001080C ebx=00000000 ecx=00000004 edx=C0FE0670 esi=C001080C edi=C0FE0790 ebp=C0EF2E6C
MEMWATCH  node C0FE0790 | 01 08 51 00 0C 08 01 C0 64 FF FD C0 54 48 43 42 70 0F EF C0 E8 00 52 C1 0B 00 3F 01 10 FD 78 00 
MEMWATCH  stack esp=C0EF2E24 | C0FDFF64 C00092D5 8151A2EC C0FDFF64 C0EF2E6C C0EF2E4C 00000000 C0FE0670 
MEMWATCH [0028:C000921F] w4 C0010810 = C0FE0790 | eax=C001080C ebx=C15200E8 ecx=00000000 edx=C025C988 esi=C001080C edi=C0FE0790 ebp=C0EF2F70
MEMWATCH  node C0FE0790 | 01 08 51 00 0C 08 01 C0 24 68 FD C0 54 48 43 42 70 0F EF C0 E8 00 52 C1 0B 00 3F 01 10 FD 78 00 
MEMWATCH  stack esp=C0EF2E54 | C0FD6824 C00092D5 C0001300 C0FD6824 C0EF2F70 C0EF2E7C C15200E8 C025C988 
MEMWATCH [0028:C000921F] w4 C0010810 = C0FE0790 | eax=C001080C ebx=8151A2EC ecx=00000000 edx=C0FE0670 esi=C001080C edi=C0FE0790 ebp=C0EF2E64
MEMWATCH  node C0FE0790 | 01 08 51 00 0C 08 01 C0 64 FF FD C0 54 48 43 42 70 0F EF C0 E8 00 52 C1 0B 00 3F 01 10 FD 78 00 
MEMWATCH  stack esp=C0EF2E1C | C0FDFF64 C00092D5 C0EF2E98 C0FDFF64 C0EF2E64 C0EF2E44 8151A2EC C0FE0670 
MEMWATCH [0028:C000921F] w4 C0010810 = C0FE02A0 | eax=C001080C ebx=00000000 ecx=00000001 edx=C0FE01C4 esi=C001080C edi=C0FE02A0 ebp=C0EF2E6C
MEMWATCH  node C0FE02A0 | 01 08 51 00 0C 08 01 C0 B4 FF FD C0 54 48 43 42 70 CF ED C0 E8 00 52 C1 0A 00 3F 01 D4 F8 66 00 
MEMWATCH  stack esp=C0EF2E24 | C0FDFFB4 C00092D5 8151AD84 C0FDFFB4 C0EF2E6C C0EF2E4C 00000000 C0FE01C4 
MEMWATCH [0028:C000921F] w4 C0010810 = C0FE2298 | eax=C001080C ebx=00000000 ecx=00000001 edx=C0FE21BC esi=C001080C edi=C0FE2298 ebp=C0EF2E6C
MEMWATCH  node C0FE2298 | 01 08 51 00 0C 08 01 C0 74 0D FE C0 54 48 43 42 70 6F EF C0 E8 00 52 C1 0E 00 F7 1B EA 86 EF C0 
MEMWATCH  stack esp=C0EF2E24 | C0FE0D74 C00092D5 8151F7CC C0FE0D74 C0EF2E6C C0EF2E4C 00000000 C0FE21BC 
MEMWATCH [0028:C000921F] w4 C0010810 = C0FE2298 | eax=C001080C ebx=C15200E8 ecx=00000009 edx=C0FD6824 esi=C001080C edi=C0FE2298 ebp=C0EF2F70
MEMWATCH  node C0FE2298 | 01 08 51 00 0C 08 01 C0 24 68 FD C0 54 48 43 42 70 6F EF C0 E8 00 52 C1 0E 00 F7 1B EA 86 EF C0 
MEMWATCH  stack esp=C0EF2E54 | C0FD6824 C00092D5 C0001300 C0FD6824 C0EF2F70 C0EF2E7C C15200E8 C025C988 
MEMWATCH [0028:C000921F] w4 C0010810 = C0FE1700 | eax=C001080C ebx=00000000 ecx=00000001 edx=C0FE0C38 esi=C001080C edi=C0FE1700 ebp=C0EF2E6C
MEMWATCH  node C0FE1700 | 01 08 51 00 0C 08 01 C0 B8 0C FE C0 54 48 43 42 70 4F EF C0 E8 00 52 C1 0D 00 3F 01 78 FA 63 00 
MEMWATCH  stack esp=C0EF2E24 | C0FE0CB8 C00092D5 8151E6A4 C0FE0CB8 C0EF2E6C C0EF2E4C 00000000 C0FE0C38 
MEMWATCH [0028:C000921F] w4 C0010810 = C0FE1700 | eax=C001080C ebx=C15200E8 ecx=00000009 edx=C0FD6824 esi=C001080C edi=C0FE1700 ebp=C0EF2F70
MEMWATCH  node C0FE1700 | 01 08 51 00 0C 08 01 C0 24 68 FD C0 54 48 43 42 70 4F EF C0 E8 00 52 C1 0D 00 3F 01 78 FA 63 00 
MEMWATCH  stack esp=C0EF2E54 | C0FD6824 C00092D5 C0001300 C0FD6824 C0EF2F70 C0EF2E7C C15200E8 C025C988 
MEMWATCH [0028:C000921F] w4 C0010810 = C0FE2298 | eax=C001080C ebx=8151F7CC ecx=8151E6A4 edx=C0FE21BC esi=C001080C edi=C0FE2298 ebp=C0EF2E64
MEMWATCH  node C0FE2298 | 01 08 51 00 0C 08 01 C0 74 0D FE C0 54 48 43 42 70 6F EF C0 E8 00 52 C1 0E 00 F7 1B EA 86 EF C0 
MEMWATCH  stack esp=C0EF2E1C | C0FE0D74 C00092D5 C0EF2E98 C0FE0D74 C0EF2E64 C0EF2E44 8151F7CC C0FE21BC 
MEMWATCH [0028:C000921F] w4 C0010810 = C159F068 | eax=C001080C ebx=8161430C ecx=8151AD84 edx=C0FD6B58 esi=C001080C edi=C159F068 ebp=C0EF4E64
MEMWATCH  node C159F068 | 01 08 41 00 0C 08 01 C0 A4 30 FD C0 54 48 43 42 70 1F 3A C1 E8 00 52 C1 01 00 2F 01 F6 11 00 00 
MEMWATCH  stack esp=C0EF4E1C | C0FD30A4 C00092D5 C0EF4E98 C0FD30A4 C0EF4E64 C0EF4E44 8161430C C0FD6B58 
MEMWATCH [0028:C000921F] w4 C0010810 = C159F068 | eax=C001080C ebx=C15200E8 ecx=00000000 edx=C0FD6B58 esi=C001080C edi=C159F068 ebp=C0EDAE80
MEMWATCH  node C159F068 | 01 08 41 00 0C 08 01 C0 A4 30 FD C0 54 48 43 42 70 1F 3A C1 E8 00 52 C1 01 00 2F 01 F6 11 00 00 
MEMWATCH  stack esp=C0EDAE38 | C0FD30A4 C00092D5 C159F068 C0FD30A4 C0EDAE80 C0EDAE60 C15200E8 C0FD6B58 
MEMWATCH [0028:C000921F] w4 C0010810 = C0FE0790 | eax=C001080C ebx=00000000 ecx=00000005 edx=C0FE0670 esi=C001080C edi=C0FE0790 ebp=C0EF2E6C
MEMWATCH  node C0FE0790 | 01 08 51 00 0C 08 01 C0 64 FF FD C0 54 48 43 42 70 0F EF C0 E8 00 52 C1 0B 00 3F 01 04 FD 78 00 
MEMWATCH  stack esp=C0EF2E24 | C0FDFF64 C00092D5 8151A2EC C0FDFF64 C0EF2E6C C0EF2E4C 00000000 C0FE0670 
MEMWATCH [0028:C000921F] w4 C0010810 = C0FE0790 | eax=C001080C ebx=C15200E8 ecx=00000000 edx=C025C988 esi=C001080C edi=C0FE0790 ebp=C0EF2F70
MEMWATCH  node C0FE0790 | 01 08 51 00 0C 08 01 C0 24 68 FD C0 54 48 43 42 70 0F EF C0 E8 00 52 C1 0B 00 3F 01 04 FD 78 00 
MEMWATCH  stack esp=C0EF2E54 | C0FD6824 C00092D5 C0001300 C0FD6824 C0EF2F70 C0EF2E7C C15200E8 C025C988 
MEMWATCH [0028:C000921F] w4 C0010810 = C0FE0790 | eax=C001080C ebx=8151A2EC ecx=00000000 edx=C0FE0670 esi=C001080C edi=C0FE0790 ebp=C0EF2E64
MEMWATCH  node C0FE0790 | 01 08 51 00 0C 08 01 C0 64 FF FD C0 54 48 43 42 70 0F EF C0 E8 00 52 C1 0B 00 3F 01 04 FD 78 00 
MEMWATCH  stack esp=C0EF2E1C | C0FDFF64 C00092D5 C0EF2E98 C0FDFF64 C0EF2E64 C0EF2E44 8151A2EC C0FE0670 
HEARTBEAT [0137:BFF7803D] cpl=3 pm=1 | 8D 1C 3E 8B 03 A8 01 74 25 25 FC FF FF 0F 8B 53 | eax=F00000D4 ebx=0001D2B0 ecx=00100000 esi=00442C5C edi=000000D4 esp=008AFB94
MEMWATCH [0028:C000921F] w4 C0010810 = C159F068 | eax=C001080C ebx=C15200E8 ecx=00000000 edx=C0FD6B58 esi=C001080C edi=C159F068 ebp=C0ED4E80
MEMWATCH  node C159F068 | 01 08 41 00 0C 08 01 C0 A4 30 FD C0 54 48 43 42 70 1F 3A C1 E8 00 52 C1 01 00 2F 01 F6 11 00 00 
MEMWATCH  stack esp=C0ED4E38 | C0FD30A4 C00092D5 C159F068 C0FD30A4 C0ED4E80 C0ED4E60 C15200E8 C0FD6B58 
HEARTBEAT [0028:C000368B] cpl=0 pm=1 | 74 1F F6 03 20 74 08 FF 15 78 E5 00 C0 EB 23 FF | eax=C0FCE4BC ebx=C15200E8 ecx=C0FCE0C4 esi=00000002 edi=C00035F9 esp=C13A1E4C
HEARTBEAT [0028:C000383C] cpl=0 pm=1 | 89 46 1C 80 66 73 BF 5D 58 FF 46 24 5E 5B C3 57 | eax=000011F6 ebx=C15200E8 ecx=003B0204 esi=C159F068 edi=C159F068 esp=C13A1E38
HEARTBEAT [0028:C00036D7] cpl=0 pm=1 | 8B 6B 08 8B 45 2C 0F 01 1D B0 AB 00 C0 FD 8D 75 | eax=00000004 ebx=C15200E8 ecx=FCB22FF7 esi=C0FCE140 edi=C159F068 esp=C13A1D8C
HEARTBEAT [0028:C025B7FC] cpl=0 pm=1 | 8B 05 30 EA 00 C0 2D 10 27 00 00 39 05 8C 04 32 | eax=00000004 ebx=C15200E8 ecx=C0FCEF5C esi=C0FCF6A0 edi=C159F068 esp=C13A1E40
HEARTBEAT [0028:C0FCE0D6] cpl=0 pm=1 | 8B 1D 1C 07 01 C0 0F 82 5A 44 03 FF C3 3E E8 E9 | eax=0000002F ebx=C15200E8 ecx=00000016 esi=C0FCE91C edi=C13A1DD4 esp=C13A1DA8
MEMWATCH [0028:C000921F] w4 C0010810 = C159F068 | eax=C001080C ebx=C15200E8 ecx=00000000 edx=C0FD6B58 esi=C001080C edi=C159F068 ebp=C0ED4E80
MEMWATCH  node C159F068 | 01 08 41 00 0C 08 01 C0 A4 30 FD C0 54 48 43 42 70 1F 3A C1 E8 00 52 C1 01 00 2F 01 F6 11 00 00 
MEMWATCH  stack esp=C0ED4E38 | C0FD30A4 C00092D5 C159F068 C0FD30A4 C0ED4E80 C0ED4E60 C15200E8 C0FD6B58 
HEARTBEAT [0028:C0015E78] cpl=0 pm=1 | FF 25 08 AB 01 C0 80 3D 0C AB 01 C0 01 73 01 C3 | eax=00000004 ebx=C15200E8 ecx=00000004 esi=C0FCF1E0 edi=C159F068 esp=C13A1E6C
HEARTBEAT [0028:C0007E1B] cpl=0 pm=1 | C3 8B 4B 30 C3 83 3D 14 02 01 C0 00 74 50 0F B6 | eax=0000002F ebx=C15200E8 ecx=C1400000 esi=C15200E8 edi=C13A1DD4 esp=C13A1DA4
HEARTBEAT [0028:C0003951] cpl=0 pm=1 | FA 50 57 83 7E 04 00 74 12 E8 D1 FF FF FF A1 34 | eax=00000004 ebx=C15200E8 ecx=00000004 esi=C0FCE91C edi=C159F068 esp=C13A1E68
HEARTBEAT [0028:C00013AF] cpl=0 pm=1 | 66 83 7C 24 28 3B 74 4D 8E 5C 24 3C 8E 44 24 38 | eax=00000000 ebx=C15200E8 ecx=00000004 esi=C0FCF390 edi=C159F068 esp=C13A1F70
HEARTBEAT [060E:00000730] cpl=3 pm=1 | 5B 75 1E 2E FF 2E 9C 06 33 07 60 07 2E 80 3E 37 | eax=00001607 ebx=C0FD0007 ecx=00000000 esi=00000097 edi=000014FE esp=00000238
HEARTBEAT [0028:C0FCE694] cpl=0 pm=1 | 0F 82 5E FF FF FF C3 C1 70 F3 FC C0 00 00 00 00 | eax=0000002F ebx=C15200E8 ecx=00000016 esi=C0FCE8D8 edi=C13A1DD4 esp=C13A1DA8
HEARTBEAT [0028:C0FCE0CC] cpl=0 pm=1 | E8 D3 63 03 FF B8 2F 00 00 00 8B 1D 1C 07 01 C0 | eax=0000002F ebx=C15200E8 ecx=00000016 esi=C0FCE830 edi=C13A1DD4 esp=C13A1DA8
HEARTBEAT [0028:C0003754] cpl=0 pm=1 | FC 25 FF 8F FC FF 89 45 2C 83 2D C0 AE 00 C0 10 | eax=00023246 ebx=C15200E8 ecx=00000000 esi=C13A1FD8 edi=C13A1F90 esp=C13A1D8C
HEARTBEAT [0028:C00034CF] cpl=0 pm=1 | FA 8B 56 04 8B 02 85 C0 75 08 FF 15 BC E5 00 C0 | eax=00000004 ebx=C15200E8 ecx=FCB22FF7 esi=C10CD84C edi=C159F068 esp=C13A1DA8
HEARTBEAT [0028:C0003461] cpl=0 pm=1 | 3B 1D 20 07 01 C0 75 02 FF D7 68 C4 34 00 C0 FF | eax=00000004 ebx=C15200E8 ecx=FCB22FF7 esi=C0FCE830 edi=C0003408 esp=C13A1DB0
HEARTBEAT [0028:C0003408] cpl=0 pm=1 | 51 33 C9 9C FF 15 38 E8 00 C0 9D 59 C3 2E 8B C0 | eax=00000004 ebx=C15200E8 ecx=FCB22FF7 esi=C0FCE91C edi=C0003408 esp=C13A1DAC
HEARTBEAT [0028:C0009FF1] cpl=0 pm=1 | 8B 47 F0 8B 4F F8 0B C0 79 09 2B C1 99 23 C2 03 | eax=00000004 ebx=C15200E8 ecx=00000000 esi=C0FCE91C edi=C159F068 esp=C13A1E64
HEARTBEAT [0028:C000A007] cpl=0 pm=1 | F7 D2 23 C2 03 C1 03 47 DC 79 02 33 C0 83 E8 1F | eax=00000000 ebx=C15200E8 ecx=00000000 esi=C0FCE830 edi=C159F068 esp=C13A1E64
HEARTBEAT [0028:C00012CB] cpl=0 pm=1 | 0F 84 9F 00 00 00 8E DF 8E C7 8B 3D A8 06 01 C0 | eax=00001607 ebx=C0FD0018 ecx=00000000 esi=00000018 edi=00000030 esp=C13A1F70
HEARTBEAT [0028:C0009FF1] cpl=0 pm=1 | 8B 47 F0 8B 4F F8 0B C0 79 09 2B C1 99 23 C2 03 | eax=FFFFFFFC ebx=00000004 ecx=FFFFFFFC esi=C0FCE140 edi=C159F068 esp=C13A1E58
HEARTBEAT [FF03:00004652] cpl=3 pm=1 | 3C 07 75 02 EB 3F 3C 05 74 03 E9 9D 00 F7 C2 01 | eax=00001607 ebx=C0FD0018 ecx=00000000 esi=00000097 edi=000014FE esp=00000238
HEARTBEAT [0028:C0FCE0CC] cpl=0 pm=1 | E8 D3 63 03 FF B8 2F 00 00 00 8B 1D 1C 07 01 C0 | eax=0000002F ebx=C15200E8 ecx=00000016 esi=C0FCE43C edi=C13A1DD4 esp=C13A1DA8
HEARTBEAT [0028:C003184C] cpl=0 pm=1 | 83 EC 6C 8B FC FF 15 7C E5 00 C0 FF 15 50 E5 00 | eax=00000004 ebx=C15200E8 ecx=C0FCE7F4 esi=C0FCE428 edi=C159F068 esp=C13A1E40
HEARTBEAT [0028:C0009AF6] cpl=0 pm=1 | 74 37 60 BE 98 0C 01 C0 8B 7E 04 8B D7 8B 4F 3C | eax=00000000 ebx=C15200E8 ecx=00000000 esi=C0FCF1E0 edi=C159F068 esp=C13A1E6C
HEARTBEAT [0028:C0003791] cpl=0 pm=1 | 8B 1D 1C 07 01 C0 8B 6B 08 8B 45 2C 33 46 2C A9 | eax=0000002F ebx=C15200E8 ecx=00001607 esi=C13A1DD4 edi=C13A1DD4 esp=C13A1DB0
HEARTBEAT [0028:C000A0BF] cpl=0 pm=1 | 23 C2 03 C1 EB D4 8B C1 EB D0 56 33 F6 87 35 80 | eax=00000000 ebx=C15200E8 ecx=FFFFFFFC esi=C0FCE91C edi=C159F068 esp=C13A1E68
HEARTBEAT [0028:C0FCE262] cpl=0 pm=1 | 8B 1D 1C 07 01 C0 0F 82 A6 FF FF FF C3 A3 E8 47 | eax=0000002F ebx=C15200E8 ecx=00000016 esi=C0FCE830 edi=C13A1DD4 esp=C13A1DA8
HEARTBEAT [0028:C0008A26] cpl=0 pm=1 | 83 79 0C 00 75 1C 89 51 10 FF 41 0C 81 79 0C 00 | eax=C15200E8 ebx=C15200E8 ecx=C00106F4 esi=C0FCE428 edi=C0003408 esp=C13A1D8C
HEARTBEAT [09CE:00000005] cpl=3 pm=1 | EA 8C 06 0E 06 44 4F 57 53 5C 54 4D 92 0B 0D 00 | eax=00001607 ebx=C0FD0018 ecx=00000000 esi=00000097 edi=000014FE esp=0000023A
HEARTBEAT [0028:C000132E] cpl=0 pm=1 | F6 03 20 75 79 3D 0B FD 21 00 87 67 4C 8A 44 24 | eax=00000000 ebx=C15200E8 ecx=C0FCE7F4 esi=C0FCE830 edi=C159F068 esp=C13A1DA8
HEARTBEAT [0028:C0FCE262] cpl=0 pm=1 | 8B 1D 1C 07 01 C0 0F 82 A6 FF FF FF C3 A3 E8 47 | eax=0000002F ebx=C15200E8 ecx=00000016 esi=C0FCF1E0 edi=C13A1DD4 esp=C13A1DA8
HEARTBEAT [0028:C000A7B2] cpl=0 pm=1 | 73 05 8B 49 FC EB F3 5F 5B C3 8B DA FF 15 5C E3 | eax=00000004 ebx=C15200E8 ecx=C0FCEF5C esi=C0FCE91C edi=C159F068 esp=C13A1E64
HEARTBEAT [0028:C00031CA] cpl=0 pm=1 | 73 1C 83 E1 FD EB 17 3B D7 74 13 80 CD 08 3B 1D | eax=C00106D4 ebx=C15200E8 ecx=800000E2 esi=00000000 edi=C159F068 esp=C13A1E38
HEARTBEAT [FF03:0000464C] cpl=3 pm=1 | 3C 06 75 02 EB 31 3C 07 75 02 EB 3F 3C 05 74 03 | eax=00001607 ebx=C0FD0018 ecx=00000000 esi=00000097 edi=000014FE esp=00000238
HEARTBEAT [0028:C0003739] cpl=0 pm=1 | FD 8D 75 68 8D 7E 24 B9 12 00 00 00 F3 A5 8D B5 | eax=00023246 ebx=C15200E8 ecx=C0FCE0C4 esi=00000002 edi=C159F068 esp=C13A1D8C
HEARTBEAT [0028:C00088A1] cpl=0 pm=1 | E8 2E 02 00 00 83 C4 04 5A 59 58 C3 53 CD 20 29 | eax=C15200E8 ebx=C15200E8 ecx=C0FCE0C4 esi=00000002 edi=C00035F9 esp=C13A1D94
HEARTBEAT [0028:C0003612] cpl=0 pm=1 | 9C FA 8B 1D 1C 07 01 C0 8B 2D A8 06 01 C0 8B 75 | eax=0000002F ebx=C15200E8 ecx=00001607 esi=C0FCE830 edi=C00035F9 esp=C13A1DB0
HEARTBEAT [0028:C0003625] cpl=0 pm=1 | F6 01 08 74 16 8B 55 10 8B 49 0C 66 89 4A 30 C1 | eax=0000002F ebx=C15200E8 ecx=C0FCEF80 esi=C10CD84C edi=C00035F9 esp=C13A1DAC
HEARTBEAT [0028:C00037CC] cpl=0 pm=1 | F3 A5 81 65 2C FF 8D FC FF 09 55 2C F6 C4 02 74 | eax=00000000 ebx=C15200E8 ecx=00000001 esi=C13A1E3C edi=C13A1FD8 esp=C13A1DB0
HEARTBEAT [0028:C0009AEC] cpl=0 pm=1 | 81 3D 9C 0C 01 C0 98 0C 01 C0 74 37 60 BE 98 0C | eax=00000000 ebx=C15200E8 ecx=00000000 esi=C0FCE140 edi=C159F068 esp=C13A1E6C
HEARTBEAT [0028:C000A93A] cpl=0 pm=1 | 8B 47 3C 2B 47 F8 83 F8 04 76 08 83 7F DC 04 76 | eax=00000000 ebx=C15200E8 ecx=00000000 esi=C0FCE428 edi=C159F068 esp=C13A1E70
HEARTBEAT [0028:C000A7B1] cpl=0 pm=1 | 61 73 05 8B 49 FC EB F3 5F 5B C3 8B DA FF 15 5C | eax=00000004 ebx=C15200E8 ecx=C0FCEF5C esi=C0FCE43C edi=C159F068 esp=C13A1E44
HEARTBEAT [0028:C0003936] cpl=0 pm=1 | 7C 06 8B 7E 08 01 78 08 8B 7E 04 89 07 89 78 04 | eax=C0FCE244 ebx=C15200E8 ecx=00000004 esi=C0FCE43C edi=C159F068 esp=C13A1E5C
HEARTBEAT [0028:C0031D9C] cpl=0 pm=1 | 0F 84 FE BE 21 00 66 3D 8F 16 0F 84 09 C0 21 00 | eax=00001607 ebx=C15200E8 ecx=00000016 esi=C0FCE8D8 edi=C13A1DD4 esp=C13A1DA4
HEARTBEAT [0028:C00035FA] cpl=0 pm=1 | FF 15 10 E9 00 C0 9D C3 8B C0 60 BF 14 34 00 C0 | eax=C0FCEF80 ebx=C15200E8 ecx=C0FCE0C4 esi=00000002 edi=C00035F9 esp=C13A1DA8
HEARTBEAT [0B92:000003CC] cpl=3 pm=1 | 3D 20 4B 74 0A 3D 21 4B 74 0D 2E FF 2E C8 03 33 | eax=00001607 ebx=C0FD0018 ecx=00000000 esi=00000097 edi=000014FE esp=0000023A
HEARTBEAT [0028:C0003781] cpl=0 pm=1 | F3 A5 80 66 C1 FE 83 EF 6C 5E 59 C3 2E 8B C0 60 | eax=00000004 ebx=C15200E8 ecx=00000001 esi=C13A1FD8 edi=C13A1E3C esp=C13A1DC8
HEARTBEAT [0028:C000A9A1] cpl=0 pm=1 | E9 65 FF FF FF 8B 0D 54 07 01 C0 E3 B5 3B D9 74 | eax=00000004 ebx=C15200E8 ecx=00000004 esi=C0FCE8D8 edi=C159F068 esp=C13A1E70
HEARTBEAT [0028:C00034EB] cpl=0 pm=1 | 89 06 9D 5A 80 67 73 BF C1 EA 05 83 E2 01 0F BA | eax=C0FCEF80 ebx=C15200E8 ecx=003B0204 esi=C10CD84C edi=C159F068 esp=C13A1E44
HEARTBEAT [0028:C00093B2] cpl=0 pm=1 | 75 02 FB C3 85 C0 78 FA 81 7F 64 98 0C 01 C0 75 | eax=00000004 ebx=C15200E8 ecx=00000004 esi=C0FCF1E0 edi=C159F068 esp=C13A1E60
HEARTBEAT [0028:C0003924] cpl=0 pm=1 | 5A 5F 59 C3 58 33 F6 EB F6 2E 8B C0 8B 06 83 78 | eax=000007D0 ebx=C15200E8 ecx=C0FCE428 esi=C0FCE8D8 edi=00003C36 esp=C13A1E60
HEARTBEAT [0028:C0003454] cpl=0 pm=1 | 8B 0D FC E9 00 C0 8B 13 F6 C2 20 74 63 3B 1D 20 | eax=00000004 ebx=C15200E8 ecx=C0FCE7F4 esi=C0FCF1E0 edi=C0003408 esp=C13A1DB0
HEARTBEAT [0028:C00036BE] cpl=0 pm=1 | C3 90 60 8B 1D 1C 07 01 C0 0F BA 33 05 73 47 8B | eax=00000004 ebx=C15200E8 ecx=00000004 esi=C0FCE91C edi=C159F068 esp=C13A1E6C
HEARTBEAT [0028:C0008AD4] cpl=0 pm=1 | 8B 4C 24 04 66 81 79 02 4D 58 75 3D 83 79 0C 00 | eax=C15200E8 ebx=C15200E8 ecx=C0FCE0C4 esi=00000002 edi=C00035F9 esp=C13A1D90
HEARTBEAT [0028:C00034F3] cpl=0 pm=1 | C1 EA 05 83 E2 01 0F BA 33 08 D1 D2 88 10 8B 6F | eax=C0FCEF80 ebx=C15200E8 ecx=FCB22FF7 esi=C10CD84C edi=C159F068 esp=C13A1DB0
HEARTBEAT [0028:C00037CC] cpl=0 pm=1 | F3 A5 81 65 2C FF 8D FC FF 09 55 2C F6 C4 02 74 | eax=00000000 ebx=C15200E8 ecx=00000001 esi=C13A1E3C edi=C13A1FD8 esp=C13A1DB0
HEARTBEAT [0325:000000A4] cpl=3 pm=1 | 2E FF 2E 22 00 16 C0 AE 02 DF 02 F7 02 17 03 37 | eax=00001607 ebx=C0FD0018 ecx=00000000 esi=00000097 edi=000014FE esp=0000023A
HEARTBEAT [0028:C0003848] cpl=0 pm=1 | 5E 5B C3 57 50 8B 3D A8 06 01 C0 FF 4F 24 75 2D | eax=00000004 ebx=C15200E8 ecx=003B0204 esi=C159F068 edi=C159F068 esp=C13A1E40
HEARTBEAT [0028:C0008A1E] cpl=0 pm=1 | 75 27 8B 15 A8 06 01 C0 83 79 0C 00 75 1C 89 51 | eax=C15200E8 ebx=C15200E8 ecx=C00106F4 esi=C0FCF1E0 edi=C0003408 esp=C13A1D8C
HEARTBEAT [0028:C0009B30] cpl=0 pm=1 | C3 80 7F 3F 40 73 23 80 47 3F 40 33 C0 B9 08 03 | eax=00000000 ebx=C15200E8 ecx=00000000 esi=C0FCE244 edi=C159F068 esp=C13A1E6C
HEARTBEAT [0028:C000A954] cpl=0 pm=1 | 75 0D E8 38 FE FF FF 83 7F DC 04 77 EA E3 43 A1 | eax=00000004 ebx=C15200E8 ecx=00000000 esi=C0FCE244 edi=C159F068 esp=C13A1E70
HEARTBEAT [0028:C00037F3] cpl=0 pm=1 | 53 56 8B 1D 1C 07 01 C0 8B 35 A8 06 01 C0 83 7E | eax=00000004 ebx=C15200E8 ecx=003B0204 esi=C0FCE91C edi=C159F068 esp=C13A1E48
HEARTBEAT [0028:C000A90B] cpl=0 pm=1 | FB 8B 47 E0 3B 47 3C 74 08 33 C0 40 E8 BC FE FF | eax=00000004 ebx=C15200E8 ecx=00000004 esi=C0FCE8D8 edi=C159F068 esp=C13A1E70
HEARTBEAT [FF03:0000461A] cpl=3 pm=1 | FB 80 FC 11 75 0A 0A C0 74 03 E8 DC FF CA 02 00 | eax=00001607 ebx=C0FD0018 ecx=00000000 esi=00000097 edi=000014FE esp=0000023A
HEARTBEAT [0028:C000A002] cpl=0 pm=1 | EB 09 2B C1 99 F7 D2 23 C2 03 C1 03 47 DC 79 02 | eax=FFFFFFFC ebx=00000004 ecx=00000000 esi=C0FCE8D8 edi=C159F068 esp=C13A1E58
HEARTBEAT [0028:C0001259] cpl=0 pm=1 | E9 62 00 00 00 8B C0 83 EC 04 60 BE 1C 00 00 00 | eax=00001607 ebx=C0FD0018 ecx=00000000 esi=00000018 edi=000014FE esp=C13A1F70
HEARTBEAT [0028:C00034F3] cpl=0 pm=1 | C1 EA 05 83 E2 01 0F BA 33 08 D1 D2 88 10 8B 6F | eax=C0FCEF80 ebx=C15200E8 ecx=003B0204 esi=C10CD84C edi=C159F068 esp=C13A1E4C
HEARTBEAT [0070:00000005] cpl=3 pm=1 | E9 66 04 45 12 00 00 FB 00 CF 00 25 03 5A 03 C9 | eax=00001607 ebx=C0FD0018 ecx=00000000 esi=00000097 edi=000014FE esp=0000023A
HEARTBEAT [FFFF:0000214F] cpl=3 pm=1 | 74 E7 1E 3C 13 75 03 E9 91 00 3C 14 75 03 E9 A4 | eax=00001607 ebx=C0FD0018 ecx=00000000 esi=00000097 edi=000014FE esp=0000023A
HEARTBEAT [0028:C0001321] cpl=0 pm=1 | D0 E0 22 47 73 24 40 C0 E8 03 08 47 03 F6 03 20 | eax=000000FF ebx=C15200E8 ecx=C0FCE7F4 esi=C0FCF1E0 edi=C159F068 esp=C13A1DA8
HEARTBEAT [0028:C0003507] cpl=0 pm=1 | 87 75 24 89 70 04 C1 E9 10 66 87 4D 28 66 89 48 | eax=C0FCEF80 ebx=C15200E8 ecx=003B0204 esi=00000204 edi=C159F068 esp=C13A1E4C
HEARTBEAT [0028:C0003485] cpl=0 pm=1 | 8B 13 F6 C2 40 75 21 F6 C2 20 74 33 3B 1D 20 07 | eax=00000004 ebx=C15200E8 ecx=FCB22FF7 esi=C0FCE244 edi=C159F068 esp=C13A1E4C
HEARTBEAT [0028:C0003543] cpl=0 pm=1 | 8A 47 CD 8A 67 CE 88 62 01 88 47 CE 38 E0 76 03 | eax=00000004 ebx=C15200E8 ecx=00000004 esi=C0FCE91C edi=C159F068 esp=C13A1E44
HEARTBEAT [0028:C0009AEC] cpl=0 pm=1 | 81 3D 9C 0C 01 C0 98 0C 01 C0 74 37 60 BE 98 0C | eax=00100000 ebx=C15200E8 ecx=C00106F4 esi=00000002 edi=C00035F9 esp=C13A1D8C
HEARTBEAT [0028:C000A7B2] cpl=0 pm=1 | 73 05 8B 49 FC EB F3 5F 5B C3 8B DA FF 15 5C E3 | eax=00000004 ebx=C15200E8 ecx=C0FCE8C0 esi=C0FCE8D8 edi=C159F068 esp=C13A1E64
HEARTBEAT [0028:C00034EB] cpl=0 pm=1 | 89 06 9D 5A 80 67 73 BF C1 EA 05 83 E2 01 0F BA | eax=C0FCEF80 ebx=C15200E8 ecx=003B0204 esi=C10CD84C edi=C159F068 esp=C13A1E44
HEARTBEAT [0028:C000368B] cpl=0 pm=1 | 74 1F F6 03 20 74 08 FF 15 78 E5 00 C0 EB 23 FF | eax=C0FCEF80 ebx=C15200E8 ecx=C0FCE0C4 esi=00000002 edi=C00035F9 esp=C13A1E4C
HEARTBEAT [0028:C0031885] cpl=0 pm=1 | FF 15 80 E5 00 C0 83 C4 6C 66 83 F9 01 F5 C3 50 | eax=0000002F ebx=C15200E8 ecx=00001607 esi=C13A1DD4 edi=C13A1DD4 esp=C13A1DD4
HEARTBEAT [0028:C0003095] cpl=0 pm=1 | 8B 42 10 85 C0 74 0E BE DB 30 00 C0 FF 15 38 E4 | eax=C000308B ebx=C15200E8 ecx=00000000 esi=00000000 edi=C159F068 esp=C13A1E34
HEARTBEAT [0028:C00036E5] cpl=0 pm=1 | 8D 75 68 8D 7E 24 B9 12 00 00 00 F3 A5 8D B5 8C | eax=00000246 ebx=C15200E8 ecx=FCB22FF7 esi=C0FCE91C edi=C159F068 esp=C13A1D8C
HEARTBEAT [0028:C000A029] cpl=0 pm=1 | 8B C8 2B 47 E0 74 3A 01 47 E0 E8 70 F3 FF FF 8B | eax=00000000 ebx=00000004 ecx=00000000 esi=C0FCF1E0 edi=C159F068 esp=C13A1E58
HEARTBEAT [0028:C000370D] cpl=0 pm=1 | 83 05 C0 AE 00 C0 10 61 C3 8B C0 60 8B 1D 1C 07 | eax=00020246 ebx=C15200E8 ecx=00000000 esi=C13A1FD8 edi=C13A1F90 esp=C13A1D8C
HEARTBEAT [0028:C0031D8C] cpl=0 pm=1 | 8B 45 1C 80 FC 17 0F 84 0C 9D 1F 00 66 3D 8E 16 | eax=0000002F ebx=C15200E8 ecx=00000016 esi=C0FCE244 edi=C13A1DD4 esp=C13A1DA4
HEARTBEAT [0028:C00093B2] cpl=0 pm=1 | 75 02 FB C3 85 C0 78 FA 81 7F 64 98 0C 01 C0 75 | eax=FFFFFFFC ebx=00000004 ecx=00000000 esi=C0FCE830 edi=C159F068 esp=C13A1E54
HEARTBEAT [0028:C0003454] cpl=0 pm=1 | 8B 0D FC E9 00 C0 8B 13 F6 C2 20 74 63 3B 1D 20 | eax=00000004 ebx=C15200E8 ecx=C0FCE7F4 esi=C0FCE91C edi=C0003408 esp=C13A1DB0
HEARTBEAT [0070:00000005] cpl=3 pm=1 | E9 66 04 45 12 00 00 FB 00 CF 00 25 03 5A 03 C9 | eax=00001607 ebx=C0FD0018 ecx=00000000 esi=00000097 edi=000014FE esp=0000023A
HEARTBEAT [0028:C000A06A] cpl=0 pm=1 | 8B C1 C3 FF 05 88 07 01 C0 E8 79 FF FF FF FF 0D | eax=00000004 ebx=C15200E8 ecx=00000004 esi=C0FCE140 edi=C159F068 esp=C13A1E64
HEARTBEAT [00C9:00001089] cpl=3 pm=1 | 1E 06 51 56 57 2E C5 36 80 10 2E C4 3E 84 10 B9 | eax=00001607 ebx=C0FD0018 ecx=00000000 esi=00000097 edi=000014FE esp=00000236
HEARTBEAT [0028:C0001B56] cpl=0 pm=1 | FF 24 85 00 B8 39 C1 BE C0 00 00 00 E9 59 F7 FF | eax=00000204 ebx=C15200E8 ecx=00000004 esi=C0FCE140 edi=C159F068 esp=C13A1E40
HEARTBEAT [0028:C000386C] cpl=0 pm=1 | 66 89 45 34 8B 47 1C 89 45 30 8B 47 20 89 45 24 | eax=C10C012F ebx=C15200E8 ecx=C0FCE0C4 esi=00000002 edi=C159F068 esp=C13A1E3C
HEARTBEAT [0028:C0001250] cpl=0 pm=1 | 83 EC 04 60 BE 18 00 00 00 E9 62 00 00 00 8B C0 | eax=00001607 ebx=C0FD0018 ecx=00000000 esi=00000097 edi=000014FE esp=C13A1F94
HEARTBEAT [0028:C000366E] cpl=0 pm=1 | 66 0F B6 30 9D 81 23 FF FE FF FF 66 F7 C6 01 00 | eax=C0FCEF80 ebx=C15200E8 ecx=C0FCE0C4 esi=00000117 edi=C00035F9 esp=C13A1E48
HEARTBEAT [0028:C0003651] cpl=0 pm=1 | 75 0A 83 7D 24 00 75 04 80 4D 73 40 8B 6D 10 8B | eax=C0FCEF80 ebx=C15200E8 ecx=C0FCE0C4 esi=C10CD84C edi=C00035F9 esp=C13A1E48
HEARTBEAT [0028:C0003901] cpl=0 pm=1 | 3B CF 74 0E 2B 41 08 7F F5 8B F8 F7 DF 87 79 08 | eax=000007CE ebx=C15200E8 ecx=C0FCE91C esi=C0FCE8D8 edi=C000EA20 esp=C13A1E58
HEARTBEAT [0028:C000360D] cpl=0 pm=1 | BF F9 35 00 C0 9C FA 8B 1D 1C 07 01 C0 8B 2D A8 | eax=00000004 ebx=C15200E8 ecx=00000004 esi=C0FCE91C edi=C159F068 esp=C13A1E4C
HEARTBEAT [0028:C000375D] cpl=0 pm=1 | 83 2D C0 AE 00 C0 10 61 C3 8B BB C4 FF FF FF C3 | eax=00000246 ebx=C15200E8 ecx=00000000 esi=C13A1FD8 edi=C13A1F90 esp=C13A1D8C
HEARTBEAT [0028:C0003771] cpl=0 pm=1 | 56 B9 1B 00 00 00 8B 35 1C 07 01 C0 8B 76 08 FC | eax=00000004 ebx=C15200E8 ecx=C0FCE7F4 esi=C0FCE2B8 edi=C13A1DD4 esp=C13A1DCC
HEARTBEAT [0028:C0009AF6] cpl=0 pm=1 | 74 37 60 BE 98 0C 01 C0 8B 7E 04 8B D7 8B 4F 3C | eax=00000000 ebx=00000004 ecx=00000000 esi=C0FCE140 edi=C159F068 esp=C13A1E50
HEARTBEAT [0028:C0003640] cpl=0 pm=1 | 8B 06 8B 4E 04 8B D0 87 11 87 50 FC 89 16 83 3E | eax=00000004 ebx=C15200E8 ecx=C0FCEF80 esi=C10CD84C edi=C00035F9 esp=C13A1E48
HEARTBEAT [0028:C00037D5] cpl=0 pm=1 | 09 55 2C F6 C4 02 74 14 F6 45 2D 02 75 08 CD 20 | eax=00000000 ebx=C15200E8 ecx=00000000 esi=C13A1E40 edi=C13A1FDC esp=C13A1DB0
HEARTBEAT [0028:C0FCE684] cpl=0 pm=1 | E8 32 7D 06 FF B8 2F 00 00 00 8B 1D 1C 07 01 C0 | eax=0000002F ebx=C15200E8 ecx=00000016 esi=C0FCE2B8 edi=C13A1DD4 esp=C13A1DA8
HEARTBEAT [0028:C0008A39] cpl=0 pm=1 | F6 01 01 74 03 FE 42 CD 8B 41 14 01 42 3C C3 3B | eax=C15200E8 ebx=C15200E8 ecx=C00106F4 esi=C0FCF1E0 edi=C0003408 esp=C13A1D8C
HEARTBEAT [0028:C0008B1D] cpl=0 pm=1 | C3 F6 01 01 74 FA E8 50 00 00 00 C3 81 F9 D4 06 | eax=00100000 ebx=C15200E8 ecx=C00106F4 esi=00000002 edi=C00035F9 esp=C13A1D90
HEARTBEAT [0028:C0003754] cpl=0 pm=1 | FC 25 FF 8F FC FF 89 45 2C 83 2D C0 AE 00 C0 10 | eax=00023246 ebx=C15200E8 ecx=00000000 esi=C13A1FD8 edi=C13A1F90 esp=C13A1D8C
HEARTBEAT [0028:C0031D8F] cpl=0 pm=1 | 80 FC 17 0F 84 0C 9D 1F 00 66 3D 8E 16 0F 84 FE | eax=00001607 ebx=C15200E8 ecx=00000016 esi=C0FCE428 edi=C13A1DD4 esp=C13A1DA4
HEARTBEAT [0028:C0009AEC] cpl=0 pm=1 | 81 3D 9C 0C 01 C0 98 0C 01 C0 74 37 60 BE 98 0C | eax=00100000 ebx=C15200E8 ecx=C00106F4 esi=00000002 edi=C00035F9 esp=C13A1D8C
HEARTBEAT [0028:C000379D] cpl=0 pm=1 | 33 46 2C A9 00 00 02 00 74 14 F6 46 2E 02 74 08 | eax=00000246 ebx=C15200E8 ecx=00001607 esi=C13A1DD4 edi=C13A1DD4 esp=C13A1DB0
HEARTBEAT [0028:C000A9A1] cpl=0 pm=1 | E9 65 FF FF FF 8B 0D 54 07 01 C0 E3 B5 3B D9 74 | eax=00000004 ebx=C15200E8 ecx=00000004 esi=C0FCE428 edi=C159F068 esp=C13A1E70
HEARTBEAT [0028:C0003905] cpl=0 pm=1 | 2B 41 08 7F F5 8B F8 F7 DF 87 79 08 03 C7 89 46 | eax=000007CD ebx=C15200E8 ecx=C0FCE428 esi=C0FCE140 edi=C000EA20 esp=C13A1E58
HEARTBEAT [0028:C00038B1] cpl=0 pm=1 | 9C FA 8B 35 34 EA 00 C0 85 F6 75 18 51 52 56 6A | eax=000007D0 ebx=C15200E8 ecx=C000EA20 esi=C000A2CC edi=C000A2CC esp=C13A1E5C
HEARTBEAT [0028:C00036DD] cpl=0 pm=1 | 0F 01 1D B0 AB 00 C0 FD 8D 75 68 8D 7E 24 B9 12 | eax=00000246 ebx=C15200E8 ecx=FCB22FF7 esi=C0FCE2B8 edi=C159F068 esp=C13A1D8C
HEARTBEAT [0028:C000A9A1] cpl=0 pm=1 | E9 65 FF FF FF 8B 0D 54 07 01 C0 E3 B5 3B D9 74 | eax=00000004 ebx=C15200E8 ecx=00000004 esi=C0FCE428 edi=C159F068 esp=C13A1E70
HEARTBEAT [0028:C000354F] cpl=0 pm=1 | 38 E0 76 03 80 0A 04 89 62 08 E9 A2 DD FF FF 8B | eax=00000000 ebx=C15200E8 ecx=C0FCE7F4 esi=C0FCE8D8 edi=C159F068 esp=C13A1DA8
HEARTBEAT [0028:C0003745] cpl=0 pm=1 | F3 A5 8D B5 8C 00 00 00 B9 09 00 00 00 F3 A5 FC | eax=00023246 ebx=C15200E8 ecx=00000012 esi=C13A1FD8 edi=C13A1FFC esp=C13A1D8C
HEARTBEAT [0028:C000A429] cpl=0 pm=1 | 0B C0 78 4D 3B C3 7E 44 8B 5F DC 03 C3 51 8B 0D | eax=FFFFFFFC ebx=00000000 ecx=FFFFFFFC esi=C0FCE830 edi=C159F068 esp=C13A1E5C
HEARTBEAT [0028:C000A07F] cpl=0 pm=1 | 8B 47 F0 89 47 F4 56 8B 4F F0 E3 2D 8B 47 F4 0B | eax=00000004 ebx=C15200E8 ecx=00000004 esi=C0FCF1E0 edi=C159F068 esp=C13A1E6C
HEARTBEAT [0028:C00035C0] cpl=0 pm=1 | 8B 57 48 8B 12 8B 62 08 33 C0 89 42 08 9C 8A 42 | eax=00000204 ebx=C15200E8 ecx=00000004 esi=C0FCF1E0 edi=C159F068 esp=C13A1E40
HEARTBEAT [FF03:00004697] cpl=3 pm=1 | 83 FB 15 75 60 0B C9 75 08 41 BB 4D 0F 1E 07 EB | eax=00001607 ebx=C0FD0018 ecx=00000000 esi=00000097 edi=000014FE esp=00000238
HEARTBEAT [0B92:000003CC] cpl=3 pm=1 | 3D 20 4B 74 0A 3D 21 4B 74 0D 2E FF 2E C8 03 33 | eax=00001607 ebx=C0FD0018 ecx=00000000 esi=00000097 edi=000014FE esp=0000023A
HEARTBEAT [0028:C0003725] cpl=0 pm=1 | 8B 3D A8 06 01 C0 80 4F 73 80 8B 6B 08 8B 45 2C | eax=C0FCEF80 ebx=C15200E8 ecx=C0FCE0C4 esi=00000002 edi=C00035F9 esp=C13A1D8C
HEARTBEAT [0028:C000384B] cpl=0 pm=1 | 57 50 8B 3D A8 06 01 C0 FF 4F 24 75 2D 8B 47 48 | eax=C0FCEF80 ebx=C15200E8 ecx=C0FCE0C4 esi=00000002 edi=C00035F9 esp=C13A1E48
