#
# 86Box v7.0 logfile, created 2026/10/10 22:01:54
#
# Emulator path: C:/Users/lycet/RiderProjects/86Box-Inboard/86box_a6base/build/src//
# Global configuration file: C:/Users/lycet/AppData/Local/86Box/86box_global.cfg
# VM: vm_6695_w2
#
# Configuration file: C:/Users/lycet/RiderProjects/86Box-Inboard/vm_6695_w2/86box.cfg
#

# Userfiles path: C:/Users/lycet/RiderProjects/86Box-Inboard/vm_6695_w2/
# ROM path: C:/Users/lycet/RiderProjects/86Box-Inboard/vm_6695_w2/roms/
# ROM path: C:/Users/lycet/RiderProjects/86Box-Inboard/86box_a6base/build/src//roms/
# ROM path: C:/Users/lycet/AppData/Local/86Box/roms/
# Asset path: C:/Users/lycet/RiderProjects/86Box-Inboard/vm_6695_w2/assets/
# Asset path: C:/Users/lycet/RiderProjects/86Box-Inboard/86box_a6base/build/src//assets/
# Asset path: C:/Users/lycet/AppData/Local/86Box/assets/
DIAG10 RESET hard  at 0000:00000000
DIAG10 RESETVEC F000:FFF0 reached from 0000:00000000 (pm=0)
DIAG10 RESETVEC F000:E05B reached from F000:0000FFF0 (pm=0)
DIAG10 RESETVEC F000:E05B reached from F000:0000F096 (pm=0)
DIAG7 [C000:00005DF9] 4AE8 advfunc=03 on=1 hdisp=0 vdisp=0
DIAG7 [C000:00005E27] 4AEE clock_sel=0051 on=1 hdisp=0 vdisp=0
DIAG7 [C000:00005E8B] 4AEE clock_sel=0000 on=0 hdisp=0 vdisp=0
DIAG7 [C000:00005EA2] 4AE8 advfunc=02 on=0 hdisp=640 vdisp=480
DIAG7 [C000:000059EA] 4AEE clock_sel=0250 on=0 hdisp=640 vdisp=480
DIAG7 [C000:000059EA] 4AEE clock_sel=0638 on=0 hdisp=1024 vdisp=768
DIAG7 [C000:000059EA] 4AEE clock_sel=0250 on=0 hdisp=640 vdisp=480
DIAG7 [C000:000059EA] 4AEE clock_sel=0638 on=0 hdisp=1024 vdisp=768
DIAG7 [C000:00005632] 4AE8 advfunc=02 on=0 hdisp=1024 vdisp=768
DIAG7 [C000:00005DF9] 4AE8 advfunc=03 on=1 hdisp=1024 vdisp=768
DIAG7 [C000:00005EA2] 4AE8 advfunc=02 on=0 hdisp=1024 vdisp=768
DIAG10 RESETVEC F000:E05B reached from F000:0000F096 (pm=0)
